src/main/features/core/lyrics/shared.ts(1,16): error TS2614: Module '"fuse.js"' has no exported member 'IFuseOptions'. Did you mean to use 'import IFuseOptions from "fuse.js"' instead?
src/renderer/api/controller.ts(33,16): error TS2536: Type 'K' cannot be used to index type 'InternalControllerEndpoint'.
src/renderer/api/controller.ts(46,26): error TS2536: Type 'K' cannot be used to index type 'InternalControllerEndpoint'.
src/renderer/api/controller.ts(76,16): error TS2349: This expression is not callable.
  Type '{}' has no call signatures.
src/renderer/api/controller.ts(450,16): error TS2349: This expression is not callable.
  Type '{}' has no call signatures.
src/renderer/api/controller.ts(669,16): error TS2349: This expression is not callable.
  Type '{}' has no call signatures.
src/renderer/api/emby/emby-api.ts(395,27): error TS2339: Property 'credential' does not exist on type 'ServerListItem'.
src/renderer/api/emby/emby-controller.ts(44,25): error TS2345: Argument of type 'ServerListItemWithCredential | null | undefined' is not assignable to parameter of type 'ServerListItem | null'.
  Type 'undefined' is not assignable to type 'ServerListItem | null'.
src/renderer/api/emby/emby-controller.ts(49,45): error TS2345: Argument of type '{ server?: ServerListItemWithCredential | null | undefined; serverId: string; signal?: AbortSignal | undefined; }' is not assignable to parameter of type '{ server: ServerListItem | null; signal?: AbortSignal | undefined; url?: string | undefined; }'.
  Types of property 'server' are incompatible.
    Type 'ServerListItemWithCredential | null | undefined' is not assignable to type 'ServerListItem | null'.
      Type 'undefined' is not assignable to type 'ServerListItem | null'.
src/renderer/api/emby/emby-controller.ts(75,45): error TS2345: Argument of type '{ server?: ServerListItemWithCredential | null | undefined; serverId: string; signal?: AbortSignal | undefined; }' is not assignable to parameter of type '{ server: ServerListItem | null; signal?: AbortSignal | undefined; url?: string | undefined; }'.
  Types of property 'server' are incompatible.
    Type 'ServerListItemWithCredential | null | undefined' is not assignable to type 'ServerListItem | null'.
      Type 'undefined' is not assignable to type 'ServerListItem | null'.
src/renderer/api/emby/emby-controller.ts(121,33): error TS2345: Argument of type '{ server?: ServerListItemWithCredential | null | undefined; serverId: string; signal?: AbortSignal | undefined; }' is not assignable to parameter of type '{ server: ServerListItem | null; signal?: AbortSignal | undefined; url?: string | undefined; }'.
  Types of property 'server' are incompatible.
    Type 'ServerListItemWithCredential | null | undefined' is not assignable to type 'ServerListItem | null'.
      Type 'undefined' is not assignable to type 'ServerListItem | null'.
src/renderer/api/emby/emby-controller.ts(139,41): error TS2345: Argument of type '{ server?: ServerListItemWithCredential | null | undefined; serverId: string; signal?: AbortSignal | undefined; }' is not assignable to parameter of type '{ server: ServerListItem | null; signal?: AbortSignal | undefined; url?: string | undefined; }'.
  Types of property 'server' are incompatible.
    Type 'ServerListItemWithCredential | null | undefined' is not assignable to type 'ServerListItem | null'.
      Type 'undefined' is not assignable to type 'ServerListItem | null'.
src/renderer/api/emby/emby-controller.ts(163,33): error TS2345: Argument of type '{ server?: ServerListItemWithCredential | null | undefined; serverId: string; signal?: AbortSignal | undefined; }' is not assignable to parameter of type '{ server: ServerListItem | null; signal?: AbortSignal | undefined; url?: string | undefined; }'.
  Types of property 'server' are incompatible.
    Type 'ServerListItemWithCredential | null | undefined' is not assignable to type 'ServerListItem | null'.
      Type 'undefined' is not assignable to type 'ServerListItem | null'.
src/renderer/api/emby/emby-controller.ts(177,41): error TS2345: Argument of type '{ server?: ServerListItemWithCredential | null | undefined; serverId: string; signal?: AbortSignal | undefined; }' is not assignable to parameter of type '{ server: ServerListItem | null; signal?: AbortSignal | undefined; url?: string | undefined; }'.
  Types of property 'server' are incompatible.
    Type 'ServerListItemWithCredential | null | undefined' is not assignable to type 'ServerListItem | null'.
      Type 'undefined' is not assignable to type 'ServerListItem | null'.
src/renderer/api/emby/emby-controller.ts(197,41): error TS2345: Argument of type '{ server?: ServerListItemWithCredential | null | undefined; serverId: string; signal?: AbortSignal | undefined; }' is not assignable to parameter of type '{ server: ServerListItem | null; signal?: AbortSignal | undefined; url?: string | undefined; }'.
  Types of property 'server' are incompatible.
    Type 'ServerListItemWithCredential | null | undefined' is not assignable to type 'ServerListItem | null'.
      Type 'undefined' is not assignable to type 'ServerListItem | null'.
src/renderer/api/emby/emby-controller.ts(208,55): error TS2345: Argument of type '{ server?: ServerListItemWithCredential | null | undefined; serverId: string; signal?: AbortSignal | undefined; }' is not assignable to parameter of type '{ server: ServerListItem | null; signal?: AbortSignal | undefined; url?: string | undefined; }'.
  Types of property 'server' are incompatible.
    Type 'ServerListItemWithCredential | null | undefined' is not assignable to type 'ServerListItem | null'.
      Type 'undefined' is not assignable to type 'ServerListItem | null'.
src/renderer/api/emby/emby-controller.ts(232,41): error TS2345: Argument of type '{ server?: ServerListItemWithCredential | null | undefined; serverId: string; signal?: AbortSignal | undefined; }' is not assignable to parameter of type '{ server: ServerListItem | null; signal?: AbortSignal | undefined; url?: string | undefined; }'.
  Types of property 'server' are incompatible.
    Type 'ServerListItemWithCredential | null | undefined' is not assignable to type 'ServerListItem | null'.
      Type 'undefined' is not assignable to type 'ServerListItem | null'.
src/renderer/api/emby/emby-controller.ts(253,49): error TS2345: Argument of type 'ServerListItemWithCredential | null | undefined' is not assignable to parameter of type 'ServerListItem | null'.
  Type 'undefined' is not assignable to type 'ServerListItem | null'.
src/renderer/api/emby/emby-controller.ts(271,41): error TS2345: Argument of type '{ server?: ServerListItemWithCredential | null | undefined; serverId: string; signal?: AbortSignal | undefined; }' is not assignable to parameter of type '{ server: ServerListItem | null; signal?: AbortSignal | undefined; url?: string | undefined; }'.
  Types of property 'server' are incompatible.
    Type 'ServerListItemWithCredential | null | undefined' is not assignable to type 'ServerListItem | null'.
      Type 'undefined' is not assignable to type 'ServerListItem | null'.
src/renderer/api/emby/emby-controller.ts(281,46): error TS2345: Argument of type '{ server?: ServerListItemWithCredential | null | undefined; serverId: string; signal?: AbortSignal | undefined; }' is not assignable to parameter of type '{ server: ServerListItem | null; signal?: AbortSignal | undefined; url?: string | undefined; }'.
  Types of property 'server' are incompatible.
    Type 'ServerListItemWithCredential | null | undefined' is not assignable to type 'ServerListItem | null'.
      Type 'undefined' is not assignable to type 'ServerListItem | null'.
src/renderer/api/emby/emby-controller.ts(298,27): error TS2345: Argument of type '{ server?: ServerListItemWithCredential | null | undefined; serverId: string; signal?: AbortSignal | undefined; }' is not assignable to parameter of type '{ server: ServerListItem | null; signal?: AbortSignal | undefined; url?: string | undefined; }'.
  Types of property 'server' are incompatible.
    Type 'ServerListItemWithCredential | null | undefined' is not assignable to type 'ServerListItem | null'.
      Type 'undefined' is not assignable to type 'ServerListItem | null'.
src/renderer/api/emby/emby-controller.ts(299,13): error TS2345: Argument of type '{ server?: ServerListItemWithCredential | null | undefined; serverId: string; signal?: AbortSignal | undefined; }' is not assignable to parameter of type 'ControllerApiClient'.
  Types of property 'server' are incompatible.
    Type 'ServerListItemWithCredential | null | undefined' is not assignable to type 'ServerListItem | null'.
      Type 'undefined' is not assignable to type 'ServerListItem | null'.
src/renderer/api/emby/emby-controller.ts(311,41): error TS2345: Argument of type '{ server?: ServerListItemWithCredential | null | undefined; serverId: string; signal?: AbortSignal | undefined; }' is not assignable to parameter of type '{ server: ServerListItem | null; signal?: AbortSignal | undefined; url?: string | undefined; }'.
  Types of property 'server' are incompatible.
    Type 'ServerListItemWithCredential | null | undefined' is not assignable to type 'ServerListItem | null'.
      Type 'undefined' is not assignable to type 'ServerListItem | null'.
src/renderer/api/emby/emby-controller.ts(317,33): error TS2551: Property 'genres' does not exist on type 'AlbumListQuery'. Did you mean 'genreIds'?
src/renderer/api/emby/emby-controller.ts(317,48): error TS2551: Property 'genres' does not exist on type 'AlbumListQuery'. Did you mean 'genreIds'?
src/renderer/api/emby/emby-controller.ts(339,21): error TS2345: Argument of type 'ServerListItemWithCredential | null | undefined' is not assignable to parameter of type 'ServerListItem | null'.
  Type 'undefined' is not assignable to type 'ServerListItem | null'.
src/renderer/api/emby/emby-controller.ts(340,35): error TS2345: Argument of type '{ server?: ServerListItemWithCredential | null | undefined; serverId: string; signal?: AbortSignal | undefined; }' is not assignable to parameter of type '{ server: ServerListItem | null; signal?: AbortSignal | undefined; url?: string | undefined; }'.
  Types of property 'server' are incompatible.
    Type 'ServerListItemWithCredential | null | undefined' is not assignable to type 'ServerListItem | null'.
      Type 'undefined' is not assignable to type 'ServerListItem | null'.
src/renderer/api/emby/emby-controller.ts(361,41): error TS2345: Argument of type '{ server?: ServerListItemWithCredential | null | undefined; serverId: string; signal?: AbortSignal | undefined; }' is not assignable to parameter of type '{ server: ServerListItem | null; signal?: AbortSignal | undefined; url?: string | undefined; }'.
  Types of property 'server' are incompatible.
    Type 'ServerListItemWithCredential | null | undefined' is not assignable to type 'ServerListItem | null'.
      Type 'undefined' is not assignable to type 'ServerListItem | null'.
src/renderer/api/emby/emby-controller.ts(382,49): error TS2345: Argument of type 'ServerListItemWithCredential | null | undefined' is not assignable to parameter of type 'ServerListItem | null'.
  Type 'undefined' is not assignable to type 'ServerListItem | null'.
src/renderer/api/emby/emby-controller.ts(406,41): error TS2345: Argument of type '{ server?: ServerListItemWithCredential | null | undefined; serverId: string; signal?: AbortSignal | undefined; }' is not assignable to parameter of type '{ server: ServerListItem | null; signal?: AbortSignal | undefined; url?: string | undefined; }'.
  Types of property 'server' are incompatible.
    Type 'ServerListItemWithCredential | null | undefined' is not assignable to type 'ServerListItem | null'.
      Type 'undefined' is not assignable to type 'ServerListItem | null'.
src/renderer/api/emby/emby-controller.ts(423,75): error TS2345: Argument of type 'ServerListItemWithCredential | null | undefined' is not assignable to parameter of type 'ServerListItem | null'.
  Type 'undefined' is not assignable to type 'ServerListItem | null'.
src/renderer/api/emby/emby-controller.ts(435,51): error TS2345: Argument of type '{ server?: ServerListItemWithCredential | null | undefined; serverId: string; signal?: AbortSignal | undefined; }' is not assignable to parameter of type '{ server: ServerListItem | null; signal?: AbortSignal | undefined; url?: string | undefined; }'.
  Types of property 'server' are incompatible.
    Type 'ServerListItemWithCredential | null | undefined' is not assignable to type 'ServerListItem | null'.
      Type 'undefined' is not assignable to type 'ServerListItem | null'.
src/renderer/api/emby/emby-controller.ts(468,41): error TS2345: Argument of type '{ server?: ServerListItemWithCredential | null | undefined; serverId: string; signal?: AbortSignal | undefined; }' is not assignable to parameter of type '{ server: ServerListItem | null; signal?: AbortSignal | undefined; url?: string | undefined; }'.
  Types of property 'server' are incompatible.
    Type 'ServerListItemWithCredential | null | undefined' is not assignable to type 'ServerListItem | null'.
      Type 'undefined' is not assignable to type 'ServerListItem | null'.
src/renderer/api/emby/emby-controller.ts(514,41): error TS2345: Argument of type '{ server?: ServerListItemWithCredential | null | undefined; serverId: string; signal?: AbortSignal | undefined; }' is not assignable to parameter of type '{ server: ServerListItem | null; signal?: AbortSignal | undefined; url?: string | undefined; }'.
  Types of property 'server' are incompatible.
    Type 'ServerListItemWithCredential | null | undefined' is not assignable to type 'ServerListItem | null'.
      Type 'undefined' is not assignable to type 'ServerListItem | null'.
src/renderer/api/emby/emby-controller.ts(547,41): error TS2345: Argument of type '{ server?: ServerListItemWithCredential | null | undefined; serverId: string; signal?: AbortSignal | undefined; }' is not assignable to parameter of type '{ server: ServerListItem | null; signal?: AbortSignal | undefined; url?: string | undefined; }'.
  Types of property 'server' are incompatible.
    Type 'ServerListItemWithCredential | null | undefined' is not assignable to type 'ServerListItem | null'.
      Type 'undefined' is not assignable to type 'ServerListItem | null'.
src/renderer/api/emby/emby-controller.ts(568,41): error TS2345: Argument of type '{ server?: ServerListItemWithCredential | null | undefined; serverId: string; signal?: AbortSignal | undefined; }' is not assignable to parameter of type '{ server: ServerListItem | null; signal?: AbortSignal | undefined; url?: string | undefined; }'.
  Types of property 'server' are incompatible.
    Type 'ServerListItemWithCredential | null | undefined' is not assignable to type 'ServerListItem | null'.
      Type 'undefined' is not assignable to type 'ServerListItem | null'.
src/renderer/api/emby/emby-controller.ts(589,46): error TS2345: Argument of type 'ServerListItemWithCredential | null | undefined' is not assignable to parameter of type 'ServerListItem | null'.
  Type 'undefined' is not assignable to type 'ServerListItem | null'.
src/renderer/api/emby/emby-controller.ts(607,41): error TS2345: Argument of type '{ server?: ServerListItemWithCredential | null | undefined; serverId: string; signal?: AbortSignal | undefined; }' is not assignable to parameter of type '{ server: ServerListItem | null; signal?: AbortSignal | undefined; url?: string | undefined; }'.
  Types of property 'server' are incompatible.
    Type 'ServerListItemWithCredential | null | undefined' is not assignable to type 'ServerListItem | null'.
      Type 'undefined' is not assignable to type 'ServerListItem | null'.
src/renderer/api/emby/emby-controller.ts(611,30): error TS2339: Property 'limit' does not exist on type 'PlaylistSongListQuery'.
src/renderer/api/emby/emby-controller.ts(613,31): error TS2339: Property 'sortBy' does not exist on type 'PlaylistSongListQuery'.
src/renderer/api/emby/emby-controller.ts(614,50): error TS2339: Property 'sortBy' does not exist on type 'PlaylistSongListQuery'.
src/renderer/api/emby/emby-controller.ts(616,34): error TS2339: Property 'sortOrder' does not exist on type 'PlaylistSongListQuery'.
src/renderer/api/emby/emby-controller.ts(616,70): error TS2339: Property 'sortOrder' does not exist on type 'PlaylistSongListQuery'.
src/renderer/api/emby/emby-controller.ts(617,35): error TS2339: Property 'startIndex' does not exist on type 'PlaylistSongListQuery'.
src/renderer/api/emby/emby-controller.ts(630,21): error TS2345: Argument of type 'ServerListItemWithCredential | null | undefined' is not assignable to parameter of type 'ServerListItem | null'.
  Type 'undefined' is not assignable to type 'ServerListItem | null'.
src/renderer/api/emby/emby-controller.ts(632,35): error TS2345: Argument of type '{ server?: ServerListItemWithCredential | null | undefined; serverId: string; signal?: AbortSignal | undefined; }' is not assignable to parameter of type '{ server: ServerListItem | null; signal?: AbortSignal | undefined; url?: string | undefined; }'.
  Types of property 'server' are incompatible.
    Type 'ServerListItemWithCredential | null | undefined' is not assignable to type 'ServerListItem | null'.
      Type 'undefined' is not assignable to type 'ServerListItem | null'.
src/renderer/api/emby/emby-controller.ts(639,31): error TS2339: Property 'startIndex' does not exist on type 'PlaylistSongListQuery'.
src/renderer/api/emby/emby-controller.ts(651,41): error TS2345: Argument of type '{ server?: ServerListItemWithCredential | null | undefined; serverId: string; signal?: AbortSignal | undefined; }' is not assignable to parameter of type '{ server: ServerListItem | null; signal?: AbortSignal | undefined; url?: string | undefined; }'.
  Types of property 'server' are incompatible.
    Type 'ServerListItemWithCredential | null | undefined' is not assignable to type 'ServerListItem | null'.
      Type 'undefined' is not assignable to type 'ServerListItem | null'.
src/renderer/api/emby/emby-controller.ts(672,42): error TS2345: Argument of type 'ServerListItemWithCredential | null | undefined' is not assignable to parameter of type 'ServerListItem | null'.
  Type 'undefined' is not assignable to type 'ServerListItem | null'.
src/renderer/api/emby/emby-controller.ts(694,46): error TS2345: Argument of type '{ server?: ServerListItemWithCredential | null | undefined; serverId: string; signal?: AbortSignal | undefined; }' is not assignable to parameter of type '{ server: ServerListItem | null; signal?: AbortSignal | undefined; url?: string | undefined; }'.
  Types of property 'server' are incompatible.
    Type 'ServerListItemWithCredential | null | undefined' is not assignable to type 'ServerListItem | null'.
      Type 'undefined' is not assignable to type 'ServerListItem | null'.
src/renderer/api/emby/emby-controller.ts(755,41): error TS2345: Argument of type '{ server?: ServerListItemWithCredential | null | undefined; serverId: string; signal?: AbortSignal | undefined; }' is not assignable to parameter of type '{ server: ServerListItem | null; signal?: AbortSignal | undefined; url?: string | undefined; }'.
  Types of property 'server' are incompatible.
    Type 'ServerListItemWithCredential | null | undefined' is not assignable to type 'ServerListItem | null'.
      Type 'undefined' is not assignable to type 'ServerListItem | null'.
src/renderer/api/emby/emby-controller.ts(772,41): error TS2345: Argument of type '{ server?: ServerListItemWithCredential | null | undefined; serverId: string; signal?: AbortSignal | undefined; }' is not assignable to parameter of type '{ server: ServerListItem | null; signal?: AbortSignal | undefined; url?: string | undefined; }'.
  Types of property 'server' are incompatible.
    Type 'ServerListItemWithCredential | null | undefined' is not assignable to type 'ServerListItem | null'.
      Type 'undefined' is not assignable to type 'ServerListItem | null'.
src/renderer/api/emby/emby-controller.ts(784,45): error TS2345: Argument of type '{ server?: ServerListItemWithCredential | null | undefined; serverId: string; signal?: AbortSignal | undefined; }' is not assignable to parameter of type '{ server: ServerListItem | null; signal?: AbortSignal | undefined; url?: string | undefined; }'.
  Types of property 'server' are incompatible.
    Type 'ServerListItemWithCredential | null | undefined' is not assignable to type 'ServerListItem | null'.
      Type 'undefined' is not assignable to type 'ServerListItem | null'.
src/renderer/api/emby/emby-controller.ts(801,55): error TS2345: Argument of type 'ServerListItemWithCredential | null | undefined' is not assignable to parameter of type 'ServerListItem | null'.
  Type 'undefined' is not assignable to type 'ServerListItem | null'.
src/renderer/api/emby/emby-controller.ts(809,51): error TS2345: Argument of type 'ServerListItemWithCredential | null | undefined' is not assignable to parameter of type 'ServerListItem | null'.
  Type 'undefined' is not assignable to type 'ServerListItem | null'.
src/renderer/api/emby/emby-controller.ts(817,41): error TS2345: Argument of type '{ server?: ServerListItemWithCredential | null | undefined; serverId: string; signal?: AbortSignal | undefined; }' is not assignable to parameter of type '{ server: ServerListItem | null; signal?: AbortSignal | undefined; url?: string | undefined; }'.
  Types of property 'server' are incompatible.
    Type 'ServerListItemWithCredential | null | undefined' is not assignable to type 'ServerListItem | null'.
      Type 'undefined' is not assignable to type 'ServerListItem | null'.
src/renderer/api/emby/emby-controller.ts(828,45): error TS2345: Argument of type 'ServerListItemWithCredential | null | undefined' is not assignable to parameter of type 'ServerListItem | null'.
  Type 'undefined' is not assignable to type 'ServerListItem | null'.
src/renderer/api/emby/emby-controller.ts(838,41): error TS2345: Argument of type '{ server?: ServerListItemWithCredential | null | undefined; serverId: string; signal?: AbortSignal | undefined; }' is not assignable to parameter of type '{ server: ServerListItem | null; signal?: AbortSignal | undefined; url?: string | undefined; }'.
  Types of property 'server' are incompatible.
    Type 'ServerListItemWithCredential | null | undefined' is not assignable to type 'ServerListItem | null'.
      Type 'undefined' is not assignable to type 'ServerListItem | null'.
src/renderer/api/emby/emby-controller.ts(866,21): error TS2345: Argument of type 'ServerListItemWithCredential | null | undefined' is not assignable to parameter of type 'ServerListItem | null'.
  Type 'undefined' is not assignable to type 'ServerListItem | null'.
src/renderer/api/emby/emby-controller.ts(868,35): error TS2345: Argument of type '{ server?: ServerListItemWithCredential | null | undefined; serverId: string; signal?: AbortSignal | undefined; }' is not assignable to parameter of type '{ server: ServerListItem | null; signal?: AbortSignal | undefined; url?: string | undefined; }'.
  Types of property 'server' are incompatible.
    Type 'ServerListItemWithCredential | null | undefined' is not assignable to type 'ServerListItem | null'.
      Type 'undefined' is not assignable to type 'ServerListItem | null'.
src/renderer/api/emby/emby-controller.ts(885,5): error TS2353: Object literal may only specify known properties, and 'getTags' does not exist in type 'ControllerEndpoint'.
src/renderer/api/emby/emby-controller.ts(920,41): error TS2345: Argument of type '{ server?: ServerListItemWithCredential | null | undefined; serverId: string; signal?: AbortSignal | undefined; }' is not assignable to parameter of type '{ server: ServerListItem | null; signal?: AbortSignal | undefined; url?: string | undefined; }'.
  Types of property 'server' are incompatible.
    Type 'ServerListItemWithCredential | null | undefined' is not assignable to type 'ServerListItem | null'.
      Type 'undefined' is not assignable to type 'ServerListItem | null'.
src/renderer/api/emby/emby-controller.ts(941,42): error TS2345: Argument of type 'ServerListItemWithCredential | null | undefined' is not assignable to parameter of type 'ServerListItem | null'.
  Type 'undefined' is not assignable to type 'ServerListItem | null'.
src/renderer/api/emby/emby-controller.ts(961,41): error TS2345: Argument of type '{ server?: ServerListItemWithCredential | null | undefined; serverId: string; signal?: AbortSignal | undefined; }' is not assignable to parameter of type '{ server: ServerListItem | null; signal?: AbortSignal | undefined; url?: string | undefined; }'.
  Types of property 'server' are incompatible.
    Type 'ServerListItemWithCredential | null | undefined' is not assignable to type 'ServerListItem | null'.
      Type 'undefined' is not assignable to type 'ServerListItem | null'.
src/renderer/api/emby/emby-controller.ts(980,45): error TS2345: Argument of type '{ server?: ServerListItemWithCredential | null | undefined; serverId: string; signal?: AbortSignal | undefined; }' is not assignable to parameter of type '{ server: ServerListItem | null; signal?: AbortSignal | undefined; url?: string | undefined; }'.
  Types of property 'server' are incompatible.
    Type 'ServerListItemWithCredential | null | undefined' is not assignable to type 'ServerListItem | null'.
      Type 'undefined' is not assignable to type 'ServerListItem | null'.
src/renderer/api/emby/emby-controller.ts(999,25): error TS2345: Argument of type 'ServerListItemWithCredential | null | undefined' is not assignable to parameter of type 'ServerListItem | null'.
  Type 'undefined' is not assignable to type 'ServerListItem | null'.
src/renderer/api/emby/emby-controller.ts(1004,45): error TS2345: Argument of type '{ server?: ServerListItemWithCredential | null | undefined; serverId: string; signal?: AbortSignal | undefined; }' is not assignable to parameter of type '{ server: ServerListItem | null; signal?: AbortSignal | undefined; url?: string | undefined; }'.
  Types of property 'server' are incompatible.
    Type 'ServerListItemWithCredential | null | undefined' is not assignable to type 'ServerListItem | null'.
      Type 'undefined' is not assignable to type 'ServerListItem | null'.
src/renderer/api/emby/emby-controller.ts(1031,33): error TS2345: Argument of type '{ server?: ServerListItemWithCredential | null | undefined; serverId: string; signal?: AbortSignal | undefined; }' is not assignable to parameter of type '{ server: ServerListItem | null; signal?: AbortSignal | undefined; url?: string | undefined; }'.
  Types of property 'server' are incompatible.
    Type 'ServerListItemWithCredential | null | undefined' is not assignable to type 'ServerListItem | null'.
      Type 'undefined' is not assignable to type 'ServerListItem | null'.
src/renderer/api/emby/emby-controller.ts(1040,33): error TS2345: Argument of type '{ server?: ServerListItemWithCredential | null | undefined; serverId: string; signal?: AbortSignal | undefined; }' is not assignable to parameter of type '{ server: ServerListItem | null; signal?: AbortSignal | undefined; url?: string | undefined; }'.
  Types of property 'server' are incompatible.
    Type 'ServerListItemWithCredential | null | undefined' is not assignable to type 'ServerListItem | null'.
      Type 'undefined' is not assignable to type 'ServerListItem | null'.
src/renderer/api/emby/emby-controller.ts(1051,33): error TS2345: Argument of type '{ server?: ServerListItemWithCredential | null | undefined; serverId: string; signal?: AbortSignal | undefined; }' is not assignable to parameter of type '{ server: ServerListItem | null; signal?: AbortSignal | undefined; url?: string | undefined; }'.
  Types of property 'server' are incompatible.
    Type 'ServerListItemWithCredential | null | undefined' is not assignable to type 'ServerListItem | null'.
      Type 'undefined' is not assignable to type 'ServerListItem | null'.
src/renderer/api/emby/emby-controller.ts(1060,29): error TS2345: Argument of type '{ server?: ServerListItemWithCredential | null | undefined; serverId: string; signal?: AbortSignal | undefined; }' is not assignable to parameter of type '{ server: ServerListItem | null; signal?: AbortSignal | undefined; url?: string | undefined; }'.
  Types of property 'server' are incompatible.
    Type 'ServerListItemWithCredential | null | undefined' is not assignable to type 'ServerListItem | null'.
      Type 'undefined' is not assignable to type 'ServerListItem | null'.
src/renderer/api/emby/emby-controller.ts(1085,45): error TS2345: Argument of type '{ server?: ServerListItemWithCredential | null | undefined; serverId: string; signal?: AbortSignal | undefined; }' is not assignable to parameter of type '{ server: ServerListItem | null; signal?: AbortSignal | undefined; url?: string | undefined; }'.
  Types of property 'server' are incompatible.
    Type 'ServerListItemWithCredential | null | undefined' is not assignable to type 'ServerListItem | null'.
      Type 'undefined' is not assignable to type 'ServerListItem | null'.
src/renderer/api/emby/emby-controller.ts(1108,45): error TS2345: Argument of type '{ server?: ServerListItemWithCredential | null | undefined; serverId: string; signal?: AbortSignal | undefined; }' is not assignable to parameter of type '{ server: ServerListItem | null; signal?: AbortSignal | undefined; url?: string | undefined; }'.
  Types of property 'server' are incompatible.
    Type 'ServerListItemWithCredential | null | undefined' is not assignable to type 'ServerListItem | null'.
      Type 'undefined' is not assignable to type 'ServerListItem | null'.
src/renderer/api/emby/emby-controller.ts(1128,45): error TS2345: Argument of type '{ server?: ServerListItemWithCredential | null | undefined; serverId: string; signal?: AbortSignal | undefined; }' is not assignable to parameter of type '{ server: ServerListItem | null; signal?: AbortSignal | undefined; url?: string | undefined; }'.
  Types of property 'server' are incompatible.
    Type 'ServerListItemWithCredential | null | undefined' is not assignable to type 'ServerListItem | null'.
      Type 'undefined' is not assignable to type 'ServerListItem | null'.
src/renderer/api/emby/emby-controller.ts(1151,49): error TS2345: Argument of type 'ServerListItemWithCredential | null | undefined' is not assignable to parameter of type 'ServerListItem | null'.
  Type 'undefined' is not assignable to type 'ServerListItem | null'.
src/renderer/api/emby/emby-controller.ts(1157,25): error TS2345: Argument of type 'ServerListItemWithCredential | null | undefined' is not assignable to parameter of type 'ServerListItem | null'.
  Type 'undefined' is not assignable to type 'ServerListItem | null'.
src/renderer/api/emby/emby-controller.ts(1158,39): error TS2345: Argument of type '{ server?: ServerListItemWithCredential | null | undefined; serverId: string; signal?: AbortSignal | undefined; }' is not assignable to parameter of type '{ server: ServerListItem | null; signal?: AbortSignal | undefined; url?: string | undefined; }'.
  Types of property 'server' are incompatible.
    Type 'ServerListItemWithCredential | null | undefined' is not assignable to type 'ServerListItem | null'.
      Type 'undefined' is not assignable to type 'ServerListItem | null'.
src/renderer/api/emby/emby-controller.ts(1163,65): error TS2345: Argument of type 'ServerListItemWithCredential | null | undefined' is not assignable to parameter of type 'ServerListItem | null'.
  Type 'undefined' is not assignable to type 'ServerListItem | null'.
src/renderer/api/emby/emby-controller.ts(1175,45): error TS2345: Argument of type '{ server?: ServerListItemWithCredential | null | undefined; serverId: string; signal?: AbortSignal | undefined; }' is not assignable to parameter of type '{ server: ServerListItem | null; signal?: AbortSignal | undefined; url?: string | undefined; }'.
  Types of property 'server' are incompatible.
    Type 'ServerListItemWithCredential | null | undefined' is not assignable to type 'ServerListItem | null'.
      Type 'undefined' is not assignable to type 'ServerListItem | null'.
src/renderer/api/emby/emby-controller.ts(1178,31): error TS2339: Property 'item' does not exist on type 'RatingQuery'.
src/renderer/api/emby/emby-controller.ts(1188,45): error TS2345: Argument of type '{ server?: ServerListItemWithCredential | null | undefined; serverId: string; signal?: AbortSignal | undefined; }' is not assignable to parameter of type '{ server: ServerListItem | null; signal?: AbortSignal | undefined; url?: string | undefined; }'.
  Types of property 'server' are incompatible.
    Type 'ServerListItemWithCredential | null | undefined' is not assignable to type 'ServerListItem | null'.
      Type 'undefined' is not assignable to type 'ServerListItem | null'.
src/renderer/api/emby/emby-controller.ts(1193,31): error TS2339: Property 'item' does not exist on type 'RatingQuery'.
src/renderer/api/emby/emby-controller.ts(1212,41): error TS2345: Argument of type '{ server?: ServerListItemWithCredential | null | undefined; serverId: string; signal?: AbortSignal | undefined; }' is not assignable to parameter of type '{ server: ServerListItem | null; signal?: AbortSignal | undefined; url?: string | undefined; }'.
  Types of property 'server' are incompatible.
    Type 'ServerListItemWithCredential | null | undefined' is not assignable to type 'ServerListItem | null'.
      Type 'undefined' is not assignable to type 'ServerListItem | null'.
src/renderer/components/feature-carousel/feature-carousel.tsx(5,24): error TS2305: Module '"react-router"' has no exported member 'Link'.
src/renderer/components/item-card/item-card.tsx(5,24): error TS2305: Module '"react-router"' has no exported member 'Link'.
src/renderer/components/item-detail/item-detail.tsx(3,10): error TS2305: Module '"react-router"' has no exported member 'Link'.
src/renderer/components/item-detail/item-detail.tsx(67,34): error TS2345: Argument of type '(tag: { id: string; itemType: LibraryItem; name: string; }) => void' is not assignable to parameter of type '(value: Genre, index: number, array: Genre[]) => void'.
  Types of parameters 'tag' and 'value' are incompatible.
    Property 'itemType' is missing in type 'Genre' but required in type '{ id: string; itemType: LibraryItem; name: string; }'.
src/renderer/components/item-detail/item-detail.tsx(96,55): error TS2739: Type '{ type: "compact"; }' is missing the following properties from type 'ItemCardControlsProps': item, itemType
src/renderer/components/item-list/helpers/item-list-infinite-loader.ts(4,5): error TS2305: Module '"@tanstack/react-query"' has no exported member 'useSuspenseQuery'.
src/renderer/components/item-list/helpers/item-list-infinite-loader.ts(5,5): error TS2724: '"@tanstack/react-query"' has no exported member named 'UseSuspenseQueryOptions'. Did you mean 'UseBaseQueryOptions'?
src/renderer/components/item-list/helpers/item-list-infinite-loader.ts(126,17): error TS2345: Argument of type '(oldData: { data: unknown[]; pagesLoaded: Record<string, boolean>; }) => { data: unknown[]; pagesLoaded: {}; }' is not assignable to parameter of type 'Updater<{ data: unknown[]; pagesLoaded: {}; } | undefined, { data: unknown[]; pagesLoaded: {}; } | undefined>'.
  Type '(oldData: { data: unknown[]; pagesLoaded: Record<string, boolean>; }) => { data: unknown[]; pagesLoaded: {}; }' is not assignable to type 'DataUpdateFunction<{ data: unknown[]; pagesLoaded: {}; } | undefined, { data: unknown[]; pagesLoaded: {}; } | undefined>'.
    Types of parameters 'oldData' and 'input' are incompatible.
      Type '{ data: unknown[]; pagesLoaded: {}; } | undefined' is not assignable to type '{ data: unknown[]; pagesLoaded: Record<string, boolean>; }'.
        Type 'undefined' is not assignable to type '{ data: unknown[]; pagesLoaded: Record<string, boolean>; }'.
src/renderer/components/item-list/helpers/item-list-infinite-loader.ts(342,17): error TS2345: Argument of type '(prev: { data: unknown[]; pagesLoaded: Record<string, boolean>; }) => { data: any[]; pagesLoaded: Record<string, boolean>; }' is not assignable to parameter of type 'Updater<{ data: any[]; pagesLoaded: Record<string, boolean>; } | undefined, { data: any[]; pagesLoaded: Record<string, boolean>; } | undefined>'.
  Type '(prev: { data: unknown[]; pagesLoaded: Record<string, boolean>; }) => { data: any[]; pagesLoaded: Record<string, boolean>; }' is not assignable to type 'DataUpdateFunction<{ data: any[]; pagesLoaded: Record<string, boolean>; } | undefined, { data: any[]; pagesLoaded: Record<string, boolean>; } | undefined>'.
    Types of parameters 'prev' and 'input' are incompatible.
      Type '{ data: any[]; pagesLoaded: Record<string, boolean>; } | undefined' is not assignable to type '{ data: unknown[]; pagesLoaded: Record<string, boolean>; }'.
        Type 'undefined' is not assignable to type '{ data: unknown[]; pagesLoaded: Record<string, boolean>; }'.
src/renderer/components/item-list/helpers/item-list-paginated-loader.ts(4,5): error TS2305: Module '"@tanstack/react-query"' has no exported member 'useSuspenseQuery'.
src/renderer/components/item-list/helpers/item-list-paginated-loader.ts(5,5): error TS2724: '"@tanstack/react-query"' has no exported member named 'UseSuspenseQueryOptions'. Did you mean 'UseBaseQueryOptions'?
src/renderer/components/item-list/helpers/item-list-paginated-loader.ts(87,9): error TS2769: No overload matches this call.
  The last overload gave the following error.
    Object literal may only specify known properties, and 'gcTime' does not exist in type 'readonly unknown[]'.
src/renderer/components/item-list/helpers/use-item-list-scroll-persist.ts(2,10): error TS2305: Module '"react-router"' has no exported member 'useSearchParams'.
src/renderer/components/item-list/item-grid-list/item-grid-list.tsx(190,17): error TS2769: No overload matches this call.
  Overload 1 of 2, '(props: FixedSizeListProps<GridItemProps>): FixedSizeList<GridItemProps>', gave the following error.
    Type 'RefObject<FixedSizeList<GridItemProps> | null>' is not assignable to type 'LegacyRef<FixedSizeList<GridItemProps>> | undefined'.
      Type 'RefObject<FixedSizeList<GridItemProps> | null>' is not assignable to type 'RefObject<FixedSizeList<GridItemProps>>'.
        Type 'FixedSizeList<GridItemProps> | null' is not assignable to type 'FixedSizeList<GridItemProps>'.
          Type 'null' is not assignable to type 'FixedSizeList<GridItemProps>'.
  Overload 2 of 2, '(props: FixedSizeListProps<GridItemProps>, context: any): FixedSizeList<GridItemProps>', gave the following error.
    Type 'RefObject<FixedSizeList<GridItemProps> | null>' is not assignable to type 'LegacyRef<FixedSizeList<GridItemProps>> | undefined'.
      Type 'RefObject<FixedSizeList<GridItemProps> | null>' is not assignable to type 'RefObject<FixedSizeList<GridItemProps>>'.
        Type 'FixedSizeList<GridItemProps> | null' is not assignable to type 'FixedSizeList<GridItemProps>'.
          Type 'null' is not assignable to type 'FixedSizeList<GridItemProps>'.
src/renderer/components/item-list/item-list-pagination/use-item-list-pagination.ts(2,10): error TS2305: Module '"react-router"' has no exported member 'useSearchParams'.
src/renderer/components/item-list/item-table-list/columns/actions-column.tsx(9,29): error TS2339: Property 'data' does not exist on type 'ItemTableListInnerColumn'.
src/renderer/components/item-list/item-table-list/columns/actions-column.tsx(9,64): error TS2339: Property 'rowIndex' does not exist on type 'ItemTableListInnerColumn'.
src/renderer/components/item-list/item-table-list/columns/actions-column.tsx(16,33): error TS2339: Property 'internalState' does not exist on type 'ItemTableListInnerColumn'.
src/renderer/components/item-list/item-table-list/columns/actions-column.tsx(17,41): error TS2339: Property 'internalState' does not exist on type 'ItemTableListInnerColumn'.
src/renderer/components/item-list/item-table-list/columns/actions-column.tsx(21,38): error TS2339: Property 'internalState' does not exist on type 'ItemTableListInnerColumn'.
src/renderer/components/item-list/item-table-list/columns/actions-column.tsx(23,33): error TS2339: Property 'itemType' does not exist on type 'ItemTableListInnerColumn'.
src/renderer/components/item-list/item-table-list/columns/album-artists-column.tsx(3,24): error TS2305: Module '"react-router"' has no exported member 'Link'.
src/renderer/components/item-list/item-table-list/columns/album-artists-column.tsx(18,11): error TS2322: Type 'RelatedAlbumArtist | undefined' is not assignable to type 'RelatedAlbumArtist[] | undefined'.
  Type 'RelatedAlbumArtist' is missing the following properties from type 'RelatedAlbumArtist[]': length, pop, push, concat, and 35 more.
src/renderer/components/item-list/item-table-list/columns/album-artists-column.tsx(19,15): error TS2339: Property 'data' does not exist on type 'ItemTableListInnerColumn'.
src/renderer/components/item-list/item-table-list/columns/album-artists-column.tsx(20,13): error TS2339: Property 'rowIndex' does not exist on type 'ItemTableListInnerColumn'.
src/renderer/components/item-list/item-table-list/columns/album-artists-column.tsx(20,31): error TS2339: Property 'columns' does not exist on type 'ItemTableListInnerColumn'.
src/renderer/components/item-list/item-table-list/columns/album-artists-column.tsx(20,45): error TS2339: Property 'columnIndex' does not exist on type 'ItemTableListInnerColumn'.
src/renderer/components/item-list/item-table-list/columns/album-artists-column.tsx(37,49): error TS2339: Property 'size' does not exist on type 'ItemTableListInnerColumn'.
src/renderer/components/item-list/item-table-list/columns/album-artists-column.tsx(38,47): error TS2339: Property 'size' does not exist on type 'ItemTableListInnerColumn'.
src/renderer/components/item-list/item-table-list/columns/album-column.tsx(3,24): error TS2305: Module '"react-router"' has no exported member 'Link'.
src/renderer/components/item-list/item-table-list/columns/album-column.tsx(18,51): error TS2339: Property 'data' does not exist on type 'ItemTableListInnerColumn'.
src/renderer/components/item-list/item-table-list/columns/album-column.tsx(19,15): error TS2339: Property 'rowIndex' does not exist on type 'ItemTableListInnerColumn'.
src/renderer/components/item-list/item-table-list/columns/album-column.tsx(20,15): error TS2339: Property 'columns' does not exist on type 'ItemTableListInnerColumn'.
src/renderer/components/item-list/item-table-list/columns/album-column.tsx(20,29): error TS2339: Property 'columnIndex' does not exist on type 'ItemTableListInnerColumn'.
src/renderer/components/item-list/item-table-list/columns/album-column.tsx(22,24): error TS2339: Property 'data' does not exist on type 'ItemTableListInnerColumn'.
src/renderer/components/item-list/item-table-list/columns/album-column.tsx(22,35): error TS2339: Property 'rowIndex' does not exist on type 'ItemTableListInnerColumn'.
src/renderer/components/item-list/item-table-list/columns/album-column.tsx(36,53): error TS2339: Property 'size' does not exist on type 'ItemTableListInnerColumn'.
src/renderer/components/item-list/item-table-list/columns/album-column.tsx(37,51): error TS2339: Property 'size' does not exist on type 'ItemTableListInnerColumn'.
src/renderer/components/item-list/item-table-list/columns/album-column.tsx(60,49): error TS2339: Property 'size' does not exist on type 'ItemTableListInnerColumn'.
src/renderer/components/item-list/item-table-list/columns/album-column.tsx(61,47): error TS2339: Property 'size' does not exist on type 'ItemTableListInnerColumn'.
src/renderer/components/item-list/item-table-list/columns/artists-column.tsx(3,24): error TS2305: Module '"react-router"' has no exported member 'Link'.
src/renderer/components/item-list/item-table-list/columns/artists-column.tsx(18,11): error TS2322: Type 'RelatedAlbumArtist | undefined' is not assignable to type 'RelatedAlbumArtist[] | undefined'.
  Type 'RelatedAlbumArtist' is missing the following properties from type 'RelatedAlbumArtist[]': length, pop, push, concat, and 35 more.
src/renderer/components/item-list/item-table-list/columns/artists-column.tsx(19,15): error TS2339: Property 'data' does not exist on type 'ItemTableListInnerColumn'.
src/renderer/components/item-list/item-table-list/columns/artists-column.tsx(20,13): error TS2339: Property 'rowIndex' does not exist on type 'ItemTableListInnerColumn'.
src/renderer/components/item-list/item-table-list/columns/artists-column.tsx(20,31): error TS2339: Property 'columns' does not exist on type 'ItemTableListInnerColumn'.
src/renderer/components/item-list/item-table-list/columns/artists-column.tsx(20,45): error TS2339: Property 'columnIndex' does not exist on type 'ItemTableListInnerColumn'.
src/renderer/components/item-list/item-table-list/columns/artists-column.tsx(37,49): error TS2339: Property 'size' does not exist on type 'ItemTableListInnerColumn'.
src/renderer/components/item-list/item-table-list/columns/artists-column.tsx(38,47): error TS2339: Property 'size' does not exist on type 'ItemTableListInnerColumn'.
src/renderer/components/item-list/item-table-list/columns/count-column.tsx(9,44): error TS2339: Property 'data' does not exist on type 'ItemTableListInnerColumn'.
src/renderer/components/item-list/item-table-list/columns/count-column.tsx(9,79): error TS2339: Property 'rowIndex' does not exist on type 'ItemTableListInnerColumn'.
src/renderer/components/item-list/item-table-list/columns/count-column.tsx(10,15): error TS2339: Property 'columns' does not exist on type 'ItemTableListInnerColumn'.
src/renderer/components/item-list/item-table-list/columns/count-column.tsx(10,29): error TS2339: Property 'columnIndex' does not exist on type 'ItemTableListInnerColumn'.
src/renderer/components/item-list/item-table-list/columns/date-column.tsx(31,44): error TS2339: Property 'data' does not exist on type 'ItemTableListInnerColumn'.
src/renderer/components/item-list/item-table-list/columns/date-column.tsx(31,79): error TS2339: Property 'rowIndex' does not exist on type 'ItemTableListInnerColumn'.
src/renderer/components/item-list/item-table-list/columns/date-column.tsx(32,15): error TS2339: Property 'columns' does not exist on type 'ItemTableListInnerColumn'.
src/renderer/components/item-list/item-table-list/columns/date-column.tsx(32,29): error TS2339: Property 'columnIndex' does not exist on type 'ItemTableListInnerColumn'.
src/renderer/components/item-list/item-table-list/columns/date-column.tsx(53,44): error TS2339: Property 'data' does not exist on type 'ItemTableListInnerColumn'.
src/renderer/components/item-list/item-table-list/columns/date-column.tsx(53,79): error TS2339: Property 'rowIndex' does not exist on type 'ItemTableListInnerColumn'.
src/renderer/components/item-list/item-table-list/columns/date-column.tsx(54,15): error TS2339: Property 'columns' does not exist on type 'ItemTableListInnerColumn'.
src/renderer/components/item-list/item-table-list/columns/date-column.tsx(54,29): error TS2339: Property 'columnIndex' does not exist on type 'ItemTableListInnerColumn'.
src/renderer/components/item-list/item-table-list/columns/date-column.tsx(75,44): error TS2339: Property 'data' does not exist on type 'ItemTableListInnerColumn'.
src/renderer/components/item-list/item-table-list/columns/date-column.tsx(75,79): error TS2339: Property 'rowIndex' does not exist on type 'ItemTableListInnerColumn'.
src/renderer/components/item-list/item-table-list/columns/date-column.tsx(76,15): error TS2339: Property 'columns' does not exist on type 'ItemTableListInnerColumn'.
src/renderer/components/item-list/item-table-list/columns/date-column.tsx(76,29): error TS2339: Property 'columnIndex' does not exist on type 'ItemTableListInnerColumn'.
src/renderer/components/item-list/item-table-list/columns/default-column.tsx(9,41): error TS2339: Property 'data' does not exist on type 'ItemTableListInnerColumn'.
src/renderer/components/item-list/item-table-list/columns/default-column.tsx(9,76): error TS2339: Property 'rowIndex' does not exist on type 'ItemTableListInnerColumn'.
src/renderer/components/item-list/item-table-list/columns/default-column.tsx(10,15): error TS2339: Property 'columns' does not exist on type 'ItemTableListInnerColumn'.
src/renderer/components/item-list/item-table-list/columns/default-column.tsx(10,29): error TS2339: Property 'columnIndex' does not exist on type 'ItemTableListInnerColumn'.
src/renderer/components/item-list/item-table-list/columns/duration-column.tsx(11,44): error TS2339: Property 'data' does not exist on type 'ItemTableListInnerColumn'.
src/renderer/components/item-list/item-table-list/columns/duration-column.tsx(11,79): error TS2339: Property 'rowIndex' does not exist on type 'ItemTableListInnerColumn'.
src/renderer/components/item-list/item-table-list/columns/duration-column.tsx(12,15): error TS2339: Property 'columns' does not exist on type 'ItemTableListInnerColumn'.
src/renderer/components/item-list/item-table-list/columns/duration-column.tsx(12,29): error TS2339: Property 'columnIndex' does not exist on type 'ItemTableListInnerColumn'.
src/renderer/components/item-list/item-table-list/columns/favorite-column.tsx(11,45): error TS2339: Property 'data' does not exist on type 'ItemTableListInnerColumn'.
src/renderer/components/item-list/item-table-list/columns/favorite-column.tsx(11,80): error TS2339: Property 'rowIndex' does not exist on type 'ItemTableListInnerColumn'.
src/renderer/components/item-list/item-table-list/columns/favorite-column.tsx(12,15): error TS2339: Property 'columns' does not exist on type 'ItemTableListInnerColumn'.
src/renderer/components/item-list/item-table-list/columns/favorite-column.tsx(12,29): error TS2339: Property 'columnIndex' does not exist on type 'ItemTableListInnerColumn'.
src/renderer/components/item-list/item-table-list/columns/favorite-column.tsx(34,44): error TS2339: Property 'data' does not exist on type 'ItemTableListInnerColumn'.
src/renderer/components/item-list/item-table-list/columns/favorite-column.tsx(34,55): error TS2339: Property 'rowIndex' does not exist on type 'ItemTableListInnerColumn'.
src/renderer/components/item-list/item-table-list/columns/favorite-column.tsx(35,45): error TS2339: Property 'internalState' does not exist on type 'ItemTableListInnerColumn'.
src/renderer/components/item-list/item-table-list/columns/favorite-column.tsx(36,53): error TS2339: Property 'internalState' does not exist on type 'ItemTableListInnerColumn'.
src/renderer/components/item-list/item-table-list/columns/favorite-column.tsx(41,50): error TS2339: Property 'internalState' does not exist on type 'ItemTableListInnerColumn'.
src/renderer/components/item-list/item-table-list/columns/favorite-column.tsx(43,45): error TS2339: Property 'itemType' does not exist on type 'ItemTableListInnerColumn'.
src/renderer/components/item-list/item-table-list/columns/genre-badge-column.tsx(2,24): error TS2305: Module '"react-router"' has no exported member 'Link'.
src/renderer/components/item-list/item-table-list/columns/genre-badge-column.tsx(21,45): error TS2339: Property 'data' does not exist on type 'ItemTableListInnerColumn'.
src/renderer/components/item-list/item-table-list/columns/genre-badge-column.tsx(21,84): error TS2339: Property 'rowIndex' does not exist on type 'ItemTableListInnerColumn'.
src/renderer/components/item-list/item-table-list/columns/genre-column.tsx(3,24): error TS2305: Module '"react-router"' has no exported member 'Link'.
src/renderer/components/item-list/item-table-list/columns/genre-column.tsx(18,11): error TS2322: Type 'Genre | undefined' is not assignable to type 'Genre[] | undefined'.
  Type 'Genre' is missing the following properties from type 'Genre[]': length, pop, push, concat, and 35 more.
src/renderer/components/item-list/item-table-list/columns/genre-column.tsx(18,45): error TS2339: Property 'data' does not exist on type 'ItemTableListInnerColumn'.
src/renderer/components/item-list/item-table-list/columns/genre-column.tsx(18,84): error TS2339: Property 'rowIndex' does not exist on type 'ItemTableListInnerColumn'.
src/renderer/components/item-list/item-table-list/columns/genre-column.tsx(19,15): error TS2339: Property 'columns' does not exist on type 'ItemTableListInnerColumn'.
src/renderer/components/item-list/item-table-list/columns/genre-column.tsx(19,29): error TS2339: Property 'columnIndex' does not exist on type 'ItemTableListInnerColumn'.
src/renderer/components/item-list/item-table-list/columns/genre-column.tsx(37,49): error TS2339: Property 'size' does not exist on type 'ItemTableListInnerColumn'.
src/renderer/components/item-list/item-table-list/columns/genre-column.tsx(38,47): error TS2339: Property 'size' does not exist on type 'ItemTableListInnerColumn'.
src/renderer/components/item-list/item-table-list/columns/image-column.tsx(23,44): error TS2339: Property 'data' does not exist on type 'ItemTableListInnerColumn'.
src/renderer/components/item-list/item-table-list/columns/image-column.tsx(23,79): error TS2339: Property 'rowIndex' does not exist on type 'ItemTableListInnerColumn'.
src/renderer/components/item-list/item-table-list/columns/image-column.tsx(24,15): error TS2339: Property 'columns' does not exist on type 'ItemTableListInnerColumn'.
src/renderer/components/item-list/item-table-list/columns/image-column.tsx(24,29): error TS2339: Property 'columnIndex' does not exist on type 'ItemTableListInnerColumn'.
src/renderer/components/item-list/item-table-list/columns/image-column.tsx(27,24): error TS2339: Property 'data' does not exist on type 'ItemTableListInnerColumn'.
src/renderer/components/item-list/item-table-list/columns/image-column.tsx(27,35): error TS2339: Property 'rowIndex' does not exist on type 'ItemTableListInnerColumn'.
src/renderer/components/item-list/item-table-list/columns/image-column.tsx(38,20): error TS2339: Property 'itemType' does not exist on type 'ItemTableListInnerColumn'.
src/renderer/components/item-list/item-table-list/columns/image-column.tsx(39,23): error TS2339: Property 'itemType' does not exist on type 'ItemTableListInnerColumn'.
src/renderer/components/item-list/item-table-list/columns/image-column.tsx(44,45): error TS2339: Property 'enableHeader' does not exist on type 'ItemTableListInnerColumn'.
src/renderer/components/item-list/item-table-list/columns/image-column.tsx(45,51): error TS2339: Property 'rowIndex' does not exist on type 'ItemTableListInnerColumn'.
src/renderer/components/item-list/item-table-list/columns/image-column.tsx(45,72): error TS2339: Property 'rowIndex' does not exist on type 'ItemTableListInnerColumn'.
src/renderer/components/item-list/item-table-list/columns/image-column.tsx(52,33): error TS2339: Property 'itemType' does not exist on type 'ItemTableListInnerColumn'.
src/renderer/components/item-list/item-table-list/columns/image-column.tsx(68,29): error TS2339: Property 'itemType' does not exist on type 'ItemTableListInnerColumn'.
src/renderer/components/item-list/item-table-list/columns/image-column.tsx(78,63): error TS2339: Property 'size' does not exist on type 'ItemTableListInnerColumn'.
src/renderer/components/item-list/item-table-list/columns/image-column.tsx(86,39): error TS2339: Property 'size' does not exist on type 'ItemTableListInnerColumn'.
src/renderer/components/item-list/item-table-list/columns/image-column.tsx(86,67): error TS2339: Property 'size' does not exist on type 'ItemTableListInnerColumn'.
src/renderer/components/item-list/item-table-list/columns/image-column.tsx(93,74): error TS2339: Property 'size' does not exist on type 'ItemTableListInnerColumn'.
src/renderer/components/item-list/item-table-list/columns/image-column.tsx(97,49): error TS2339: Property 'itemType' does not exist on type 'ItemTableListInnerColumn'.
src/renderer/components/item-list/item-table-list/columns/image-column.tsx(115,16): error TS2339: Property 'data' does not exist on type 'ItemTableListInnerColumn'.
src/renderer/components/item-list/item-table-list/columns/image-column.tsx(115,27): error TS2339: Property 'rowIndex' does not exist on type 'ItemTableListInnerColumn'.
src/renderer/components/item-list/item-table-list/columns/image-column.tsx(127,59): error TS2339: Property 'size' does not exist on type 'ItemTableListInnerColumn'.
src/renderer/components/item-list/item-table-list/columns/numeric-column.tsx(9,44): error TS2339: Property 'data' does not exist on type 'ItemTableListInnerColumn'.
src/renderer/components/item-list/item-table-list/columns/numeric-column.tsx(9,79): error TS2339: Property 'rowIndex' does not exist on type 'ItemTableListInnerColumn'.
src/renderer/components/item-list/item-table-list/columns/numeric-column.tsx(10,15): error TS2339: Property 'columns' does not exist on type 'ItemTableListInnerColumn'.
src/renderer/components/item-list/item-table-list/columns/numeric-column.tsx(10,29): error TS2339: Property 'columnIndex' does not exist on type 'ItemTableListInnerColumn'.
src/renderer/components/item-list/item-table-list/columns/path-column.tsx(9,44): error TS2339: Property 'data' does not exist on type 'ItemTableListInnerColumn'.
src/renderer/components/item-list/item-table-list/columns/path-column.tsx(9,79): error TS2339: Property 'rowIndex' does not exist on type 'ItemTableListInnerColumn'.
src/renderer/components/item-list/item-table-list/columns/path-column.tsx(10,15): error TS2339: Property 'columns' does not exist on type 'ItemTableListInnerColumn'.
src/renderer/components/item-list/item-table-list/columns/path-column.tsx(10,29): error TS2339: Property 'columnIndex' does not exist on type 'ItemTableListInnerColumn'.
src/renderer/components/item-list/item-table-list/columns/playlist-reorder-column.tsx(25,37): error TS2339: Property 'enableHeader' does not exist on type 'ItemTableListInnerColumn'.
src/renderer/components/item-list/item-table-list/columns/playlist-reorder-column.tsx(26,47): error TS2339: Property 'rowIndex' does not exist on type 'ItemTableListInnerColumn'.
src/renderer/components/item-list/item-table-list/columns/playlist-reorder-column.tsx(27,36): error TS2339: Property 'data' does not exist on type 'ItemTableListInnerColumn'.
src/renderer/components/item-list/item-table-list/columns/playlist-reorder-column.tsx(27,47): error TS2339: Property 'rowIndex' does not exist on type 'ItemTableListInnerColumn'.
src/renderer/components/item-list/item-table-list/columns/playlist-reorder-column.tsx(29,34): error TS2339: Property 'itemType' does not exist on type 'ItemTableListInnerColumn'.
src/renderer/components/item-list/item-table-list/columns/playlist-reorder-column.tsx(42,73): error TS2339: Property 'internalState' does not exist on type 'ItemTableListInnerColumn'.
src/renderer/components/item-list/item-table-list/columns/playlist-reorder-column.tsx(50,73): error TS2339: Property 'internalState' does not exist on type 'ItemTableListInnerColumn'.
src/renderer/components/item-list/item-table-list/columns/playlist-reorder-column.tsx(60,73): error TS2339: Property 'internalState' does not exist on type 'ItemTableListInnerColumn'.
src/renderer/components/item-list/item-table-list/columns/playlist-reorder-column.tsx(61,27): error TS2339: Property 'internalState' does not exist on type 'ItemTableListInnerColumn'.
src/renderer/components/item-list/item-table-list/columns/playlist-reorder-column.tsx(62,27): error TS2339: Property 'internalState' does not exist on type 'ItemTableListInnerColumn'.
src/renderer/components/item-list/item-table-list/columns/playlist-reorder-column.tsx(66,27): error TS2339: Property 'internalState' does not exist on type 'ItemTableListInnerColumn'.
src/renderer/components/item-list/item-table-list/columns/playlist-reorder-column.tsx(67,27): error TS2339: Property 'internalState' does not exist on type 'ItemTableListInnerColumn'.
src/renderer/components/item-list/item-table-list/columns/playlist-reorder-column.tsx(133,27): error TS2339: Property 'internalState' does not exist on type 'ItemTableListInnerColumn'.
src/renderer/components/item-list/item-table-list/columns/playlist-reorder-column.tsx(134,27): error TS2339: Property 'internalState' does not exist on type 'ItemTableListInnerColumn'.
src/renderer/components/item-list/item-table-list/columns/playlist-reorder-column.tsx(145,67): error TS2339: Property 'internalState' does not exist on type 'ItemTableListInnerColumn'.
src/renderer/components/item-list/item-table-list/columns/playlist-reorder-column.tsx(146,21): error TS2339: Property 'internalState' does not exist on type 'ItemTableListInnerColumn'.
src/renderer/components/item-list/item-table-list/columns/playlist-reorder-column.tsx(149,15): error TS2339: Property 'internalState' does not exist on type 'ItemTableListInnerColumn'.
src/renderer/components/item-list/item-table-list/columns/playlist-reorder-column.tsx(153,30): error TS2339: Property 'internalState' does not exist on type 'ItemTableListInnerColumn'.
src/renderer/components/item-list/item-table-list/columns/playlist-reorder-column.tsx(156,22): error TS2339: Property 'data' does not exist on type 'ItemTableListInnerColumn'.
src/renderer/components/item-list/item-table-list/columns/playlist-reorder-column.tsx(157,15): error TS2339: Property 'data' does not exist on type 'ItemTableListInnerColumn'.
src/renderer/components/item-list/item-table-list/columns/playlist-reorder-column.tsx(165,66): error TS2339: Property 'internalState' does not exist on type 'ItemTableListInnerColumn'.
src/renderer/components/item-list/item-table-list/columns/playlist-reorder-column.tsx(192,79): error TS2339: Property 'internalState' does not exist on type 'ItemTableListInnerColumn'.
src/renderer/components/item-list/item-table-list/columns/playlist-reorder-column.tsx(200,66): error TS2339: Property 'internalState' does not exist on type 'ItemTableListInnerColumn'.
src/renderer/components/item-list/item-table-list/columns/playlist-reorder-column.tsx(223,79): error TS2339: Property 'internalState' does not exist on type 'ItemTableListInnerColumn'.
src/renderer/components/item-list/item-table-list/columns/playlist-reorder-column.tsx(231,66): error TS2339: Property 'internalState' does not exist on type 'ItemTableListInnerColumn'.
src/renderer/components/item-list/item-table-list/columns/playlist-reorder-column.tsx(258,79): error TS2339: Property 'internalState' does not exist on type 'ItemTableListInnerColumn'.
src/renderer/components/item-list/item-table-list/columns/playlist-reorder-column.tsx(266,66): error TS2339: Property 'internalState' does not exist on type 'ItemTableListInnerColumn'.
src/renderer/components/item-list/item-table-list/columns/playlist-reorder-column.tsx(289,79): error TS2339: Property 'internalState' does not exist on type 'ItemTableListInnerColumn'.
src/renderer/components/item-list/item-table-list/columns/rating-column.tsx(10,51): error TS2339: Property 'data' does not exist on type 'ItemTableListInnerColumn'.
src/renderer/components/item-list/item-table-list/columns/rating-column.tsx(10,86): error TS2339: Property 'rowIndex' does not exist on type 'ItemTableListInnerColumn'.
src/renderer/components/item-list/item-table-list/columns/rating-column.tsx(11,15): error TS2339: Property 'columns' does not exist on type 'ItemTableListInnerColumn'.
src/renderer/components/item-list/item-table-list/columns/rating-column.tsx(11,29): error TS2339: Property 'columnIndex' does not exist on type 'ItemTableListInnerColumn'.
src/renderer/components/item-list/item-table-list/columns/rating-column.tsx(22,44): error TS2339: Property 'data' does not exist on type 'ItemTableListInnerColumn'.
src/renderer/components/item-list/item-table-list/columns/rating-column.tsx(22,55): error TS2339: Property 'rowIndex' does not exist on type 'ItemTableListInnerColumn'.
src/renderer/components/item-list/item-table-list/columns/rating-column.tsx(23,45): error TS2339: Property 'internalState' does not exist on type 'ItemTableListInnerColumn'.
src/renderer/components/item-list/item-table-list/columns/rating-column.tsx(24,53): error TS2339: Property 'internalState' does not exist on type 'ItemTableListInnerColumn'.
src/renderer/components/item-list/item-table-list/columns/rating-column.tsx(28,50): error TS2339: Property 'internalState' does not exist on type 'ItemTableListInnerColumn'.
src/renderer/components/item-list/item-table-list/columns/rating-column.tsx(30,45): error TS2339: Property 'itemType' does not exist on type 'ItemTableListInnerColumn'.
src/renderer/components/item-list/item-table-list/columns/row-index-column.tsx(21,13): error TS2339: Property 'itemType' does not exist on type 'ItemTableListInnerColumn'.
src/renderer/components/item-list/item-table-list/columns/row-index-column.tsx(36,9): error TS2339: Property 'adjustedRowIndexMap' does not exist on type 'ItemTableListInnerColumn'.
src/renderer/components/item-list/item-table-list/columns/row-index-column.tsx(38,9): error TS2339: Property 'data' does not exist on type 'ItemTableListInnerColumn'.
src/renderer/components/item-list/item-table-list/columns/row-index-column.tsx(39,9): error TS2339: Property 'enableExpansion' does not exist on type 'ItemTableListInnerColumn'.
src/renderer/components/item-list/item-table-list/columns/row-index-column.tsx(40,9): error TS2339: Property 'enableHeader' does not exist on type 'ItemTableListInnerColumn'.
src/renderer/components/item-list/item-table-list/columns/row-index-column.tsx(41,9): error TS2339: Property 'internalState' does not exist on type 'ItemTableListInnerColumn'.
src/renderer/components/item-list/item-table-list/columns/row-index-column.tsx(42,9): error TS2339: Property 'itemType' does not exist on type 'ItemTableListInnerColumn'.
src/renderer/components/item-list/item-table-list/columns/row-index-column.tsx(43,9): error TS2339: Property 'rowIndex' does not exist on type 'ItemTableListInnerColumn'.
src/renderer/components/item-list/item-table-list/columns/row-index-column.tsx(44,9): error TS2339: Property 'startRowIndex' does not exist on type 'ItemTableListInnerColumn'.
src/renderer/components/item-list/item-table-list/columns/row-index-column.tsx(88,24): error TS2339: Property 'data' does not exist on type 'ItemTableListInnerColumn'.
src/renderer/components/item-list/item-table-list/columns/row-index-column.tsx(88,35): error TS2339: Property 'rowIndex' does not exist on type 'ItemTableListInnerColumn'.
src/renderer/components/item-list/item-table-list/columns/row-index-column.tsx(90,17): error TS2339: Property 'activeRowId' does not exist on type 'ItemTableListInnerColumn'.
src/renderer/components/item-list/item-table-list/columns/row-index-column.tsx(91,16): error TS2339: Property 'activeRowId' does not exist on type 'ItemTableListInnerColumn'.
src/renderer/components/item-list/item-table-list/columns/row-index-column.tsx(91,50): error TS2339: Property 'activeRowId' does not exist on type 'ItemTableListInnerColumn'.
src/renderer/components/item-list/item-table-list/columns/row-index-column.tsx(96,15): error TS2339: Property 'adjustedRowIndexMap' does not exist on type 'ItemTableListInnerColumn'.
src/renderer/components/item-list/item-table-list/columns/row-index-column.tsx(96,46): error TS2339: Property 'rowIndex' does not exist on type 'ItemTableListInnerColumn'.
src/renderer/components/item-list/item-table-list/columns/row-index-column.tsx(97,16): error TS2339: Property 'enableHeader' does not exist on type 'ItemTableListInnerColumn'.
src/renderer/components/item-list/item-table-list/columns/row-index-column.tsx(97,37): error TS2339: Property 'rowIndex' does not exist on type 'ItemTableListInnerColumn'.
src/renderer/components/item-list/item-table-list/columns/row-index-column.tsx(97,54): error TS2339: Property 'rowIndex' does not exist on type 'ItemTableListInnerColumn'.
src/renderer/components/item-list/item-table-list/columns/row-index-column.tsx(99,15): error TS2339: Property 'startRowIndex' does not exist on type 'ItemTableListInnerColumn'.
src/renderer/components/item-list/item-table-list/columns/row-index-column.tsx(100,34): error TS2339: Property 'startRowIndex' does not exist on type 'ItemTableListInnerColumn'.
src/renderer/components/item-list/item-table-list/columns/size-column.tsx(10,44): error TS2339: Property 'data' does not exist on type 'ItemTableListInnerColumn'.
src/renderer/components/item-list/item-table-list/columns/size-column.tsx(10,79): error TS2339: Property 'rowIndex' does not exist on type 'ItemTableListInnerColumn'.
src/renderer/components/item-list/item-table-list/columns/size-column.tsx(11,15): error TS2339: Property 'columns' does not exist on type 'ItemTableListInnerColumn'.
src/renderer/components/item-list/item-table-list/columns/size-column.tsx(11,29): error TS2339: Property 'columnIndex' does not exist on type 'ItemTableListInnerColumn'.
src/renderer/components/item-list/item-table-list/columns/text-column.tsx(13,44): error TS2339: Property 'data' does not exist on type 'ItemTableListInnerColumn'.
src/renderer/components/item-list/item-table-list/columns/text-column.tsx(13,79): error TS2339: Property 'rowIndex' does not exist on type 'ItemTableListInnerColumn'.
src/renderer/components/item-list/item-table-list/columns/text-column.tsx(14,15): error TS2339: Property 'columns' does not exist on type 'ItemTableListInnerColumn'.
src/renderer/components/item-list/item-table-list/columns/text-column.tsx(14,29): error TS2339: Property 'columnIndex' does not exist on type 'ItemTableListInnerColumn'.
src/renderer/components/item-list/item-table-list/columns/text-column.tsx(21,45): error TS2339: Property 'size' does not exist on type 'ItemTableListInnerColumn'.
src/renderer/components/item-list/item-table-list/columns/text-column.tsx(22,43): error TS2339: Property 'size' does not exist on type 'ItemTableListInnerColumn'.
src/renderer/components/item-list/item-table-list/columns/title-column.tsx(2,10): error TS2305: Module '"react-router"' has no exported member 'Link'.
src/renderer/components/item-list/item-table-list/columns/title-column.tsx(17,13): error TS2339: Property 'itemType' does not exist on type 'ItemTableListInnerColumn'.
src/renderer/components/item-list/item-table-list/columns/title-column.tsx(31,44): error TS2339: Property 'data' does not exist on type 'ItemTableListInnerColumn'.
src/renderer/components/item-list/item-table-list/columns/title-column.tsx(31,79): error TS2339: Property 'rowIndex' does not exist on type 'ItemTableListInnerColumn'.
src/renderer/components/item-list/item-table-list/columns/title-column.tsx(32,15): error TS2339: Property 'columns' does not exist on type 'ItemTableListInnerColumn'.
src/renderer/components/item-list/item-table-list/columns/title-column.tsx(32,29): error TS2339: Property 'columnIndex' does not exist on type 'ItemTableListInnerColumn'.
src/renderer/components/item-list/item-table-list/columns/title-column.tsx(36,41): error TS2339: Property 'itemType' does not exist on type 'ItemTableListInnerColumn'.
src/renderer/components/item-list/item-table-list/columns/title-column.tsx(36,58): error TS2339: Property 'data' does not exist on type 'ItemTableListInnerColumn'.
src/renderer/components/item-list/item-table-list/columns/title-column.tsx(36,69): error TS2339: Property 'rowIndex' does not exist on type 'ItemTableListInnerColumn'.
src/renderer/components/item-list/item-table-list/columns/title-column.tsx(37,28): error TS2339: Property 'data' does not exist on type 'ItemTableListInnerColumn'.
src/renderer/components/item-list/item-table-list/columns/title-column.tsx(37,39): error TS2339: Property 'rowIndex' does not exist on type 'ItemTableListInnerColumn'.
src/renderer/components/item-list/item-table-list/columns/title-column.tsx(52,49): error TS2339: Property 'size' does not exist on type 'ItemTableListInnerColumn'.
src/renderer/components/item-list/item-table-list/columns/title-column.tsx(53,47): error TS2339: Property 'size' does not exist on type 'ItemTableListInnerColumn'.
src/renderer/components/item-list/item-table-list/columns/title-column.tsx(73,44): error TS2339: Property 'data' does not exist on type 'ItemTableListInnerColumn'.
src/renderer/components/item-list/item-table-list/columns/title-column.tsx(73,79): error TS2339: Property 'rowIndex' does not exist on type 'ItemTableListInnerColumn'.
src/renderer/components/item-list/item-table-list/columns/title-column.tsx(74,15): error TS2339: Property 'columns' does not exist on type 'ItemTableListInnerColumn'.
src/renderer/components/item-list/item-table-list/columns/title-column.tsx(74,29): error TS2339: Property 'columnIndex' does not exist on type 'ItemTableListInnerColumn'.
src/renderer/components/item-list/item-table-list/columns/title-column.tsx(77,24): error TS2339: Property 'data' does not exist on type 'ItemTableListInnerColumn'.
src/renderer/components/item-list/item-table-list/columns/title-column.tsx(77,35): error TS2339: Property 'rowIndex' does not exist on type 'ItemTableListInnerColumn'.
src/renderer/components/item-list/item-table-list/columns/title-column.tsx(79,17): error TS2339: Property 'activeRowId' does not exist on type 'ItemTableListInnerColumn'.
src/renderer/components/item-list/item-table-list/columns/title-column.tsx(80,16): error TS2339: Property 'activeRowId' does not exist on type 'ItemTableListInnerColumn'.
src/renderer/components/item-list/item-table-list/columns/title-column.tsx(80,50): error TS2339: Property 'activeRowId' does not exist on type 'ItemTableListInnerColumn'.
src/renderer/components/item-list/item-table-list/columns/title-column.tsx(83,41): error TS2339: Property 'itemType' does not exist on type 'ItemTableListInnerColumn'.
src/renderer/components/item-list/item-table-list/columns/title-column.tsx(83,58): error TS2339: Property 'data' does not exist on type 'ItemTableListInnerColumn'.
src/renderer/components/item-list/item-table-list/columns/title-column.tsx(83,69): error TS2339: Property 'rowIndex' does not exist on type 'ItemTableListInnerColumn'.
src/renderer/components/item-list/item-table-list/columns/title-column.tsx(84,28): error TS2339: Property 'data' does not exist on type 'ItemTableListInnerColumn'.
src/renderer/components/item-list/item-table-list/columns/title-column.tsx(84,39): error TS2339: Property 'rowIndex' does not exist on type 'ItemTableListInnerColumn'.
src/renderer/components/item-list/item-table-list/columns/title-column.tsx(101,49): error TS2339: Property 'size' does not exist on type 'ItemTableListInnerColumn'.
src/renderer/components/item-list/item-table-list/columns/title-column.tsx(102,47): error TS2339: Property 'size' does not exist on type 'ItemTableListInnerColumn'.
src/renderer/components/item-list/item-table-list/columns/title-combined-column.tsx(3,24): error TS2305: Module '"react-router"' has no exported member 'Link'.
src/renderer/components/item-list/item-table-list/columns/title-combined-column.tsx(28,44): error TS2339: Property 'data' does not exist on type 'ItemTableListInnerColumn'.
src/renderer/components/item-list/item-table-list/columns/title-combined-column.tsx(28,79): error TS2339: Property 'rowIndex' does not exist on type 'ItemTableListInnerColumn'.
src/renderer/components/item-list/item-table-list/columns/title-combined-column.tsx(29,24): error TS2339: Property 'data' does not exist on type 'ItemTableListInnerColumn'.
src/renderer/components/item-list/item-table-list/columns/title-combined-column.tsx(29,35): error TS2339: Property 'rowIndex' does not exist on type 'ItemTableListInnerColumn'.
src/renderer/components/item-list/item-table-list/columns/title-combined-column.tsx(41,20): error TS2339: Property 'itemType' does not exist on type 'ItemTableListInnerColumn'.
src/renderer/components/item-list/item-table-list/columns/title-combined-column.tsx(42,23): error TS2339: Property 'itemType' does not exist on type 'ItemTableListInnerColumn'.
src/renderer/components/item-list/item-table-list/columns/title-combined-column.tsx(47,45): error TS2339: Property 'enableHeader' does not exist on type 'ItemTableListInnerColumn'.
src/renderer/components/item-list/item-table-list/columns/title-combined-column.tsx(48,51): error TS2339: Property 'rowIndex' does not exist on type 'ItemTableListInnerColumn'.
src/renderer/components/item-list/item-table-list/columns/title-combined-column.tsx(48,72): error TS2339: Property 'rowIndex' does not exist on type 'ItemTableListInnerColumn'.
src/renderer/components/item-list/item-table-list/columns/title-combined-column.tsx(55,33): error TS2339: Property 'itemType' does not exist on type 'ItemTableListInnerColumn'.
src/renderer/components/item-list/item-table-list/columns/title-combined-column.tsx(71,29): error TS2339: Property 'itemType' does not exist on type 'ItemTableListInnerColumn'.
src/renderer/components/item-list/item-table-list/columns/title-combined-column.tsx(89,33): error TS2339: Property 'getRowHeight' does not exist on type 'ItemTableListInnerColumn'.
src/renderer/components/item-list/item-table-list/columns/title-combined-column.tsx(89,52): error TS2339: Property 'rowIndex' does not exist on type 'ItemTableListInnerColumn'.
src/renderer/components/item-list/item-table-list/columns/title-combined-column.tsx(90,41): error TS2339: Property 'itemType' does not exist on type 'ItemTableListInnerColumn'.
src/renderer/components/item-list/item-table-list/columns/title-combined-column.tsx(90,58): error TS2339: Property 'data' does not exist on type 'ItemTableListInnerColumn'.
src/renderer/components/item-list/item-table-list/columns/title-combined-column.tsx(90,69): error TS2339: Property 'rowIndex' does not exist on type 'ItemTableListInnerColumn'.
src/renderer/components/item-list/item-table-list/columns/title-combined-column.tsx(92,28): error TS2339: Property 'data' does not exist on type 'ItemTableListInnerColumn'.
src/renderer/components/item-list/item-table-list/columns/title-combined-column.tsx(92,39): error TS2339: Property 'rowIndex' does not exist on type 'ItemTableListInnerColumn'.
src/renderer/components/item-list/item-table-list/columns/title-combined-column.tsx(117,74): error TS2339: Property 'size' does not exist on type 'ItemTableListInnerColumn'.
src/renderer/components/item-list/item-table-list/columns/title-combined-column.tsx(121,49): error TS2339: Property 'itemType' does not exist on type 'ItemTableListInnerColumn'.
src/renderer/components/item-list/item-table-list/columns/title-combined-column.tsx(137,49): error TS2339: Property 'size' does not exist on type 'ItemTableListInnerColumn'.
src/renderer/components/item-list/item-table-list/columns/title-combined-column.tsx(174,44): error TS2339: Property 'data' does not exist on type 'ItemTableListInnerColumn'.
src/renderer/components/item-list/item-table-list/columns/title-combined-column.tsx(174,79): error TS2339: Property 'rowIndex' does not exist on type 'ItemTableListInnerColumn'.
src/renderer/components/item-list/item-table-list/columns/title-combined-column.tsx(176,24): error TS2339: Property 'data' does not exist on type 'ItemTableListInnerColumn'.
src/renderer/components/item-list/item-table-list/columns/title-combined-column.tsx(176,35): error TS2339: Property 'rowIndex' does not exist on type 'ItemTableListInnerColumn'.
src/renderer/components/item-list/item-table-list/columns/title-combined-column.tsx(177,24): error TS2339: Property 'data' does not exist on type 'ItemTableListInnerColumn'.
src/renderer/components/item-list/item-table-list/columns/title-combined-column.tsx(177,35): error TS2339: Property 'rowIndex' does not exist on type 'ItemTableListInnerColumn'.
src/renderer/components/item-list/item-table-list/columns/title-combined-column.tsx(182,17): error TS2339: Property 'activeRowId' does not exist on type 'ItemTableListInnerColumn'.
src/renderer/components/item-list/item-table-list/columns/title-combined-column.tsx(183,16): error TS2339: Property 'activeRowId' does not exist on type 'ItemTableListInnerColumn'.
src/renderer/components/item-list/item-table-list/columns/title-combined-column.tsx(183,50): error TS2339: Property 'activeRowId' does not exist on type 'ItemTableListInnerColumn'.
src/renderer/components/item-list/item-table-list/columns/title-combined-column.tsx(192,20): error TS2339: Property 'itemType' does not exist on type 'ItemTableListInnerColumn'.
src/renderer/components/item-list/item-table-list/columns/title-combined-column.tsx(193,23): error TS2339: Property 'itemType' does not exist on type 'ItemTableListInnerColumn'.
src/renderer/components/item-list/item-table-list/columns/title-combined-column.tsx(198,45): error TS2339: Property 'enableHeader' does not exist on type 'ItemTableListInnerColumn'.
src/renderer/components/item-list/item-table-list/columns/title-combined-column.tsx(199,51): error TS2339: Property 'rowIndex' does not exist on type 'ItemTableListInnerColumn'.
src/renderer/components/item-list/item-table-list/columns/title-combined-column.tsx(199,72): error TS2339: Property 'rowIndex' does not exist on type 'ItemTableListInnerColumn'.
src/renderer/components/item-list/item-table-list/columns/title-combined-column.tsx(206,33): error TS2339: Property 'itemType' does not exist on type 'ItemTableListInnerColumn'.
src/renderer/components/item-list/item-table-list/columns/title-combined-column.tsx(222,29): error TS2339: Property 'itemType' does not exist on type 'ItemTableListInnerColumn'.
src/renderer/components/item-list/item-table-list/columns/title-combined-column.tsx(240,33): error TS2339: Property 'getRowHeight' does not exist on type 'ItemTableListInnerColumn'.
src/renderer/components/item-list/item-table-list/columns/title-combined-column.tsx(240,52): error TS2339: Property 'rowIndex' does not exist on type 'ItemTableListInnerColumn'.
src/renderer/components/item-list/item-table-list/columns/title-combined-column.tsx(241,41): error TS2339: Property 'itemType' does not exist on type 'ItemTableListInnerColumn'.
src/renderer/components/item-list/item-table-list/columns/title-combined-column.tsx(241,58): error TS2339: Property 'data' does not exist on type 'ItemTableListInnerColumn'.
src/renderer/components/item-list/item-table-list/columns/title-combined-column.tsx(241,69): error TS2339: Property 'rowIndex' does not exist on type 'ItemTableListInnerColumn'.
src/renderer/components/item-list/item-table-list/columns/title-combined-column.tsx(243,28): error TS2339: Property 'data' does not exist on type 'ItemTableListInnerColumn'.
src/renderer/components/item-list/item-table-list/columns/title-combined-column.tsx(243,39): error TS2339: Property 'rowIndex' does not exist on type 'ItemTableListInnerColumn'.
src/renderer/components/item-list/item-table-list/columns/title-combined-column.tsx(270,74): error TS2339: Property 'size' does not exist on type 'ItemTableListInnerColumn'.
src/renderer/components/item-list/item-table-list/columns/title-combined-column.tsx(274,49): error TS2339: Property 'itemType' does not exist on type 'ItemTableListInnerColumn'.
src/renderer/components/item-list/item-table-list/columns/title-combined-column.tsx(290,49): error TS2339: Property 'size' does not exist on type 'ItemTableListInnerColumn'.
src/renderer/components/item-list/item-table-list/columns/title-combined-column.tsx(325,16): error TS2339: Property 'data' does not exist on type 'ItemTableListInnerColumn'.
src/renderer/components/item-list/item-table-list/columns/title-combined-column.tsx(325,27): error TS2339: Property 'rowIndex' does not exist on type 'ItemTableListInnerColumn'.
src/renderer/components/item-list/item-table-list/columns/title-combined-column.tsx(326,33): error TS2339: Property 'getRowHeight' does not exist on type 'ItemTableListInnerColumn'.
src/renderer/components/item-list/item-table-list/columns/title-combined-column.tsx(326,52): error TS2339: Property 'rowIndex' does not exist on type 'ItemTableListInnerColumn'.
src/renderer/components/item-list/item-table-list/columns/title-combined-column.tsx(327,41): error TS2339: Property 'itemType' does not exist on type 'ItemTableListInnerColumn'.
src/renderer/components/item-list/item-table-list/columns/title-combined-column.tsx(327,58): error TS2339: Property 'data' does not exist on type 'ItemTableListInnerColumn'.
src/renderer/components/item-list/item-table-list/columns/title-combined-column.tsx(327,69): error TS2339: Property 'rowIndex' does not exist on type 'ItemTableListInnerColumn'.
src/renderer/components/item-list/item-table-list/columns/title-combined-column.tsx(329,28): error TS2339: Property 'data' does not exist on type 'ItemTableListInnerColumn'.
src/renderer/components/item-list/item-table-list/columns/title-combined-column.tsx(329,39): error TS2339: Property 'rowIndex' does not exist on type 'ItemTableListInnerColumn'.
src/renderer/components/item-list/item-table-list/columns/title-combined-column.tsx(341,30): error TS2339: Property 'data' does not exist on type 'ItemTableListInnerColumn'.
src/renderer/components/item-list/item-table-list/columns/title-combined-column.tsx(341,41): error TS2339: Property 'rowIndex' does not exist on type 'ItemTableListInnerColumn'.
src/renderer/components/item-list/item-table-list/columns/title-combined-column.tsx(371,13): error TS2339: Property 'itemType' does not exist on type 'ItemTableListInnerColumn'.
src/renderer/components/item-list/item-table-list/item-table-list-column.tsx(15,36): error TS2307: Cannot find module 'react-window-v2' or its corresponding type declarations.
src/renderer/components/item-list/item-table-list/item-table-list-column.tsx(82,24): error TS2339: Property 'columns' does not exist on type 'ItemTableListColumn'.
src/renderer/components/item-list/item-table-list/item-table-list-column.tsx(82,38): error TS2339: Property 'columnIndex' does not exist on type 'ItemTableListColumn'.
src/renderer/components/item-list/item-table-list/item-table-list-column.tsx(84,37): error TS2339: Property 'enableHeader' does not exist on type 'ItemTableListColumn'.
src/renderer/components/item-list/item-table-list/item-table-list-column.tsx(85,47): error TS2339: Property 'rowIndex' does not exist on type 'ItemTableListColumn'.
src/renderer/components/item-list/item-table-list/item-table-list-column.tsx(86,36): error TS2339: Property 'data' does not exist on type 'ItemTableListColumn'.
src/renderer/components/item-list/item-table-list/item-table-list-column.tsx(86,47): error TS2339: Property 'rowIndex' does not exist on type 'ItemTableListColumn'.
src/renderer/components/item-list/item-table-list/item-table-list-column.tsx(87,38): error TS2339: Property 'enableDrag' does not exist on type 'ItemTableListColumn'.
src/renderer/components/item-list/item-table-list/item-table-list-column.tsx(88,91): error TS2339: Property 'itemType' does not exist on type 'ItemTableListColumn'.
src/renderer/components/item-list/item-table-list/item-table-list-column.tsx(94,15): error TS2339: Property 'groups' does not exist on type 'ItemTableListColumn'.
src/renderer/components/item-list/item-table-list/item-table-list-column.tsx(94,44): error TS2339: Property 'groups' does not exist on type 'ItemTableListColumn'.
src/renderer/components/item-list/item-table-list/item-table-list-column.tsx(97,36): error TS2339: Property 'enableHeader' does not exist on type 'ItemTableListColumn'.
src/renderer/components/item-list/item-table-list/item-table-list-column.tsx(99,36): error TS2339: Property 'data' does not exist on type 'ItemTableListColumn'.
src/renderer/components/item-list/item-table-list/item-table-list-column.tsx(101,53): error TS2339: Property 'groups' does not exist on type 'ItemTableListColumn'.
src/renderer/components/item-list/item-table-list/item-table-list-column.tsx(102,33): error TS2339: Property 'groups' does not exist on type 'ItemTableListColumn'.
src/renderer/components/item-list/item-table-list/item-table-list-column.tsx(105,23): error TS2339: Property 'rowIndex' does not exist on type 'ItemTableListColumn'.
src/renderer/components/item-list/item-table-list/item-table-list-column.tsx(109,53): error TS2339: Property 'pinnedLeftColumnCount' does not exist on type 'ItemTableListColumn'.
src/renderer/components/item-list/item-table-list/item-table-list-column.tsx(110,55): error TS2339: Property 'columnIndex' does not exist on type 'ItemTableListColumn'.
src/renderer/components/item-list/item-table-list/item-table-list-column.tsx(113,28): error TS2339: Property 'columnIndex' does not exist on type 'ItemTableListColumn'.
src/renderer/components/item-list/item-table-list/item-table-list-column.tsx(113,51): error TS2339: Property 'pinnedLeftColumnCount' does not exist on type 'ItemTableListColumn'.
src/renderer/components/item-list/item-table-list/item-table-list-column.tsx(114,32): error TS2339: Property 'columnIndex' does not exist on type 'ItemTableListColumn'.
src/renderer/components/item-list/item-table-list/item-table-list-column.tsx(114,60): error TS2339: Property 'pinnedLeftColumnCount' does not exist on type 'ItemTableListColumn'.
src/renderer/components/item-list/item-table-list/item-table-list-column.tsx(121,38): error TS2339: Property 'rowIndex' does not exist on type 'ItemTableListColumn'.
src/renderer/components/item-list/item-table-list/item-table-list-column.tsx(122,46): error TS2339: Property 'internalState' does not exist on type 'ItemTableListColumn'.
src/renderer/components/item-list/item-table-list/item-table-list-column.tsx(147,73): error TS2339: Property 'internalState' does not exist on type 'ItemTableListColumn'.
src/renderer/components/item-list/item-table-list/item-table-list-column.tsx(156,73): error TS2339: Property 'internalState' does not exist on type 'ItemTableListColumn'.
src/renderer/components/item-list/item-table-list/item-table-list-column.tsx(160,29): error TS2339: Property 'itemType' does not exist on type 'ItemTableListColumn'.
src/renderer/components/item-list/item-table-list/item-table-list-column.tsx(166,73): error TS2339: Property 'internalState' does not exist on type 'ItemTableListColumn'.
src/renderer/components/item-list/item-table-list/item-table-list-column.tsx(167,27): error TS2339: Property 'internalState' does not exist on type 'ItemTableListColumn'.
src/renderer/components/item-list/item-table-list/item-table-list-column.tsx(168,27): error TS2339: Property 'internalState' does not exist on type 'ItemTableListColumn'.
src/renderer/components/item-list/item-table-list/item-table-list-column.tsx(172,27): error TS2339: Property 'internalState' does not exist on type 'ItemTableListColumn'.
src/renderer/components/item-list/item-table-list/item-table-list-column.tsx(173,27): error TS2339: Property 'internalState' does not exist on type 'ItemTableListColumn'.
src/renderer/components/item-list/item-table-list/item-table-list-column.tsx(177,23): error TS2339: Property 'itemType' does not exist on type 'ItemTableListColumn'.
src/renderer/components/item-list/item-table-list/item-table-list-column.tsx(179,29): error TS2339: Property 'itemType' does not exist on type 'ItemTableListColumn'.
src/renderer/components/item-list/item-table-list/item-table-list-column.tsx(182,41): error TS2339: Property 'itemType' does not exist on type 'ItemTableListColumn'.
src/renderer/components/item-list/item-table-list/item-table-list-column.tsx(191,27): error TS2339: Property 'itemType' does not exist on type 'ItemTableListColumn'.
src/renderer/components/item-list/item-table-list/item-table-list-column.tsx(198,27): error TS2339: Property 'itemType' does not exist on type 'ItemTableListColumn'.
src/renderer/components/item-list/item-table-list/item-table-list-column.tsx(211,37): error TS2339: Property 'itemType' does not exist on type 'ItemTableListColumn'.
src/renderer/components/item-list/item-table-list/item-table-list-column.tsx(212,47): error TS2339: Property 'itemType' does not exist on type 'ItemTableListColumn'.
src/renderer/components/item-list/item-table-list/item-table-list-column.tsx(235,35): error TS2339: Property 'playerContext' does not exist on type 'ItemTableListColumn'.
src/renderer/components/item-list/item-table-list/item-table-list-column.tsx(244,35): error TS2339: Property 'playerContext' does not exist on type 'ItemTableListColumn'.
src/renderer/components/item-list/item-table-list/item-table-list-column.tsx(253,35): error TS2339: Property 'playerContext' does not exist on type 'ItemTableListColumn'.
src/renderer/components/item-list/item-table-list/item-table-list-column.tsx(285,39): error TS2339: Property 'playerContext' does not exist on type 'ItemTableListColumn'.
src/renderer/components/item-list/item-table-list/item-table-list-column.tsx(295,39): error TS2339: Property 'playerContext' does not exist on type 'ItemTableListColumn'.
src/renderer/components/item-list/item-table-list/item-table-list-column.tsx(304,35): error TS2339: Property 'playerContext' does not exist on type 'ItemTableListColumn'.
src/renderer/components/item-list/item-table-list/item-table-list-column.tsx(313,35): error TS2339: Property 'playerContext' does not exist on type 'ItemTableListColumn'.
src/renderer/components/item-list/item-table-list/item-table-list-column.tsx(328,39): error TS2339: Property 'playerContext' does not exist on type 'ItemTableListColumn'.
src/renderer/components/item-list/item-table-list/item-table-list-column.tsx(339,39): error TS2339: Property 'playerContext' does not exist on type 'ItemTableListColumn'.
src/renderer/components/item-list/item-table-list/item-table-list-column.tsx(379,27): error TS2339: Property 'internalState' does not exist on type 'ItemTableListColumn'.
src/renderer/components/item-list/item-table-list/item-table-list-column.tsx(380,27): error TS2339: Property 'internalState' does not exist on type 'ItemTableListColumn'.
src/renderer/components/item-list/item-table-list/item-table-list-column.tsx(390,67): error TS2339: Property 'internalState' does not exist on type 'ItemTableListColumn'.
src/renderer/components/item-list/item-table-list/item-table-list-column.tsx(391,21): error TS2339: Property 'internalState' does not exist on type 'ItemTableListColumn'.
src/renderer/components/item-list/item-table-list/item-table-list-column.tsx(394,15): error TS2339: Property 'internalState' does not exist on type 'ItemTableListColumn'.
src/renderer/components/item-list/item-table-list/item-table-list-column.tsx(398,30): error TS2339: Property 'internalState' does not exist on type 'ItemTableListColumn'.
src/renderer/components/item-list/item-table-list/item-table-list-column.tsx(400,28): error TS2339: Property 'controls' does not exist on type 'ItemTableListColumn'.
src/renderer/components/item-list/item-table-list/item-table-list-column.tsx(408,34): error TS2339: Property 'rowIndex' does not exist on type 'ItemTableListColumn'.
src/renderer/components/item-list/item-table-list/item-table-list-column.tsx(418,43): error TS2339: Property 'style' does not exist on type 'ItemTableListColumn'.
src/renderer/components/item-list/item-table-list/item-table-list-column.tsx(424,19): error TS2339: Property 'pinnedLeftColumnWidths' does not exist on type 'ItemTableListColumn'.
src/renderer/components/item-list/item-table-list/item-table-list-column.tsx(428,19): error TS2339: Property 'columnIndex' does not exist on type 'ItemTableListColumn'.
src/renderer/components/item-list/item-table-list/item-table-list-column.tsx(428,47): error TS2339: Property 'pinnedLeftColumnCount' does not exist on type 'ItemTableListColumn'.
src/renderer/components/item-list/item-table-list/item-table-list-column.tsx(434,34): error TS2339: Property 'style' does not exist on type 'ItemTableListColumn'.
src/renderer/components/item-list/item-table-list/item-table-list-column.tsx(448,30): error TS2339: Property 'style' does not exist on type 'ItemTableListColumn'.
src/renderer/components/item-list/item-table-list/item-table-list-column.tsx(594,29): error TS2339: Property 'enableHeader' does not exist on type 'ItemTableListColumn & { children: ReactNode; className?: string | undefined; containerClassName?: string | undefined; controls: ItemControls; dragRef?: Ref<...> | undefined; isDraggedOver?: "top" | ... 2 more ... | undefined; isDragging?: boolean | undefined; type: TableColumn; }'.
src/renderer/components/item-list/item-table-list/item-table-list-column.tsx(594,50): error TS2339: Property 'rowIndex' does not exist on type 'ItemTableListColumn & { children: ReactNode; className?: string | undefined; containerClassName?: string | undefined; controls: ItemControls; dragRef?: Ref<...> | undefined; isDraggedOver?: "top" | ... 2 more ... | undefined; isDragging?: boolean | undefined; type: TableColumn; }'.
src/renderer/components/item-list/item-table-list/item-table-list-column.tsx(595,29): error TS2339: Property 'enableHeader' does not exist on type 'ItemTableListColumn & { children: ReactNode; className?: string | undefined; containerClassName?: string | undefined; controls: ItemControls; dragRef?: Ref<...> | undefined; isDraggedOver?: "top" | ... 2 more ... | undefined; isDragging?: boolean | undefined; type: TableColumn; }'.
src/renderer/components/item-list/item-table-list/item-table-list-column.tsx(595,50): error TS2339: Property 'rowIndex' does not exist on type 'ItemTableListColumn & { children: ReactNode; className?: string | undefined; containerClassName?: string | undefined; controls: ItemControls; dragRef?: Ref<...> | undefined; isDraggedOver?: "top" | ... 2 more ... | undefined; isDragging?: boolean | undefined; type: TableColumn; }'.
src/renderer/components/item-list/item-table-list/item-table-list-column.tsx(595,71): error TS2339: Property 'rowIndex' does not exist on type 'ItemTableListColumn & { children: ReactNode; className?: string | undefined; containerClassName?: string | undefined; controls: ItemControls; dragRef?: Ref<...> | undefined; isDraggedOver?: "top" | ... 2 more ... | undefined; isDragging?: boolean | undefined; type: TableColumn; }'.
src/renderer/components/item-list/item-table-list/item-table-list-column.tsx(596,36): error TS2339: Property 'data' does not exist on type 'ItemTableListColumn & { children: ReactNode; className?: string | undefined; containerClassName?: string | undefined; controls: ItemControls; dragRef?: Ref<...> | undefined; isDraggedOver?: "top" | ... 2 more ... | undefined; isDragging?: boolean | undefined; type: TableColumn; }'.
src/renderer/components/item-list/item-table-list/item-table-list-column.tsx(596,47): error TS2339: Property 'rowIndex' does not exist on type 'ItemTableListColumn & { children: ReactNode; className?: string | undefined; containerClassName?: string | undefined; controls: ItemControls; dragRef?: Ref<...> | undefined; isDraggedOver?: "top" | ... 2 more ... | undefined; isDragging?: boolean | undefined; type: TableColumn; }'.
src/renderer/components/item-list/item-table-list/item-table-list-column.tsx(599,21): error TS2339: Property 'internalState' does not exist on type 'ItemTableListColumn & { children: ReactNode; className?: string | undefined; containerClassName?: string | undefined; controls: ItemControls; dragRef?: Ref<...> | undefined; isDraggedOver?: "top" | ... 2 more ... | undefined; isDragging?: boolean | undefined; type: TableColumn; }'.
src/renderer/components/item-list/item-table-list/item-table-list-column.tsx(601,52): error TS2339: Property 'internalState' does not exist on type 'ItemTableListColumn & { children: ReactNode; className?: string | undefined; containerClassName?: string | undefined; controls: ItemControls; dragRef?: Ref<...> | undefined; isDraggedOver?: "top" | ... 2 more ... | undefined; isDragging?: boolean | undefined; type: TableColumn; }'.
src/renderer/components/item-list/item-table-list/item-table-list-column.tsx(606,32): error TS2339: Property 'columnIndex' does not exist on type 'ItemTableListColumn & { children: ReactNode; className?: string | undefined; containerClassName?: string | undefined; controls: ItemControls; dragRef?: Ref<...> | undefined; isDraggedOver?: "top" | ... 2 more ... | undefined; isDragging?: boolean | undefined; type: TableColumn; }'.
src/renderer/components/item-list/item-table-list/item-table-list-column.tsx(606,54): error TS2339: Property 'columns' does not exist on type 'ItemTableListColumn & { children: ReactNode; className?: string | undefined; containerClassName?: string | undefined; controls: ItemControls; dragRef?: Ref<...> | undefined; isDraggedOver?: "top" | ... 2 more ... | undefined; isDragging?: boolean | undefined; type: TableColumn; }'.
src/renderer/components/item-list/item-table-list/item-table-list-column.tsx(609,16): error TS2339: Property 'enableHeader' does not exist on type 'ItemTableListColumn & { children: ReactNode; className?: string | undefined; containerClassName?: string | undefined; controls: ItemControls; dragRef?: Ref<...> | undefined; isDraggedOver?: "top" | ... 2 more ... | undefined; isDragging?: boolean | undefined; type: TableColumn; }'.
src/renderer/components/item-list/item-table-list/item-table-list-column.tsx(610,21): error TS2339: Property 'rowIndex' does not exist on type 'ItemTableListColumn & { children: ReactNode; className?: string | undefined; containerClassName?: string | undefined; controls: ItemControls; dragRef?: Ref<...> | undefined; isDraggedOver?: "top" | ... 2 more ... | undefined; isDragging?: boolean | undefined; type: TableColumn; }'.
src/renderer/components/item-list/item-table-list/item-table-list-column.tsx(610,40): error TS2339: Property 'data' does not exist on type 'ItemTableListColumn & { children: ReactNode; className?: string | undefined; containerClassName?: string | undefined; controls: ItemControls; dragRef?: Ref<...> | undefined; isDraggedOver?: "top" | ... 2 more ... | undefined; isDragging?: boolean | undefined; type: TableColumn; }'.
src/renderer/components/item-list/item-table-list/item-table-list-column.tsx(611,21): error TS2339: Property 'rowIndex' does not exist on type 'ItemTableListColumn & { children: ReactNode; className?: string | undefined; containerClassName?: string | undefined; controls: ItemControls; dragRef?: Ref<...> | undefined; isDraggedOver?: "top" | ... 2 more ... | undefined; isDragging?: boolean | undefined; type: TableColumn; }'.
src/renderer/components/item-list/item-table-list/item-table-list-column.tsx(611,40): error TS2339: Property 'data' does not exist on type 'ItemTableListColumn & { children: ReactNode; className?: string | undefined; containerClassName?: string | undefined; controls: ItemControls; dragRef?: Ref<...> | undefined; isDraggedOver?: "top" | ... 2 more ... | undefined; isDragging?: boolean | undefined; type: TableColumn; }'.
src/renderer/components/item-list/item-table-list/item-table-list-column.tsx(617,32): error TS2339: Property 'rowIndex' does not exist on type 'ItemTableListColumn & { children: ReactNode; className?: string | undefined; containerClassName?: string | undefined; controls: ItemControls; dragRef?: Ref<...> | undefined; isDraggedOver?: "top" | ... 2 more ... | undefined; isDragging?: boolean | undefined; type: TableColumn; }'.
src/renderer/components/item-list/item-table-list/item-table-list-column.tsx(622,43): error TS2339: Property 'tableId' does not exist on type 'ItemTableListColumn & { children: ReactNode; className?: string | undefined; containerClassName?: string | undefined; controls: ItemControls; dragRef?: Ref<...> | undefined; isDraggedOver?: "top" | ... 2 more ... | undefined; isDragging?: boolean | undefined; type: TableColumn; }'.
src/renderer/components/item-list/item-table-list/item-table-list-column.tsx(630,43): error TS2339: Property 'tableId' does not exist on type 'ItemTableListColumn & { children: ReactNode; className?: string | undefined; containerClassName?: string | undefined; controls: ItemControls; dragRef?: Ref<...> | undefined; isDraggedOver?: "top" | ... 2 more ... | undefined; isDragging?: boolean | undefined; type: TableColumn; }'.
src/renderer/components/item-list/item-table-list/item-table-list-column.tsx(642,26): error TS2339: Property 'rowIndex' does not exist on type 'ItemTableListColumn & { children: ReactNode; className?: string | undefined; containerClassName?: string | undefined; controls: ItemControls; dragRef?: Ref<...> | undefined; isDraggedOver?: "top" | ... 2 more ... | undefined; isDragging?: boolean | undefined; type: TableColumn; }'.
src/renderer/components/item-list/item-table-list/item-table-list-column.tsx(642,42): error TS2339: Property 'enableRowHoverHighlight' does not exist on type 'ItemTableListColumn & { children: ReactNode; className?: string | undefined; containerClassName?: string | undefined; controls: ItemControls; dragRef?: Ref<...> | undefined; isDraggedOver?: "top" | ... 2 more ... | undefined; isDragging?: boolean | undefined; type: TableColumn; }'.
src/renderer/components/item-list/item-table-list/item-table-list-column.tsx(642,73): error TS2339: Property 'tableId' does not exist on type 'ItemTableListColumn & { children: ReactNode; className?: string | undefined; containerClassName?: string | undefined; controls: ItemControls; dragRef?: Ref<...> | undefined; isDraggedOver?: "top" | ... 2 more ... | undefined; isDragging?: boolean | undefined; type: TableColumn; }'.
src/renderer/components/item-list/item-table-list/item-table-list-column.tsx(648,32): error TS2339: Property 'rowIndex' does not exist on type 'ItemTableListColumn & { children: ReactNode; className?: string | undefined; containerClassName?: string | undefined; controls: ItemControls; dragRef?: Ref<...> | undefined; isDraggedOver?: "top" | ... 2 more ... | undefined; isDragging?: boolean | undefined; type: TableColumn; }'.
src/renderer/components/item-list/item-table-list/item-table-list-column.tsx(654,43): error TS2339: Property 'tableId' does not exist on type 'ItemTableListColumn & { children: ReactNode; className?: string | undefined; containerClassName?: string | undefined; controls: ItemControls; dragRef?: Ref<...> | undefined; isDraggedOver?: "top" | ... 2 more ... | undefined; isDragging?: boolean | undefined; type: TableColumn; }'.
src/renderer/components/item-list/item-table-list/item-table-list-column.tsx(680,43): error TS2339: Property 'tableId' does not exist on type 'ItemTableListColumn & { children: ReactNode; className?: string | undefined; containerClassName?: string | undefined; controls: ItemControls; dragRef?: Ref<...> | undefined; isDraggedOver?: "top" | ... 2 more ... | undefined; isDragging?: boolean | undefined; type: TableColumn; }'.
src/renderer/components/item-list/item-table-list/item-table-list-column.tsx(688,26): error TS2339: Property 'rowIndex' does not exist on type 'ItemTableListColumn & { children: ReactNode; className?: string | undefined; containerClassName?: string | undefined; controls: ItemControls; dragRef?: Ref<...> | undefined; isDraggedOver?: "top" | ... 2 more ... | undefined; isDragging?: boolean | undefined; type: TableColumn; }'.
src/renderer/components/item-list/item-table-list/item-table-list-column.tsx(688,63): error TS2339: Property 'tableId' does not exist on type 'ItemTableListColumn & { children: ReactNode; className?: string | undefined; containerClassName?: string | undefined; controls: ItemControls; dragRef?: Ref<...> | undefined; isDraggedOver?: "top" | ... 2 more ... | undefined; isDragging?: boolean | undefined; type: TableColumn; }'.
src/renderer/components/item-list/item-table-list/item-table-list-column.tsx(693,37): error TS2339: Property 'internalState' does not exist on type 'ItemTableListColumn & { children: ReactNode; className?: string | undefined; containerClassName?: string | undefined; controls: ItemControls; dragRef?: Ref<...> | undefined; isDraggedOver?: "top" | ... 2 more ... | undefined; isDragging?: boolean | undefined; type: TableColumn; }'.
src/renderer/components/item-list/item-table-list/item-table-list-column.tsx(694,45): error TS2339: Property 'internalState' does not exist on type 'ItemTableListColumn & { children: ReactNode; className?: string | undefined; containerClassName?: string | undefined; controls: ItemControls; dragRef?: Ref<...> | undefined; isDraggedOver?: "top" | ... 2 more ... | undefined; isDragging?: boolean | undefined; type: TableColumn; }'.
src/renderer/components/item-list/item-table-list/item-table-list-column.tsx(698,42): error TS2339: Property 'internalState' does not exist on type 'ItemTableListColumn & { children: ReactNode; className?: string | undefined; containerClassName?: string | undefined; controls: ItemControls; dragRef?: Ref<...> | undefined; isDraggedOver?: "top" | ... 2 more ... | undefined; isDragging?: boolean | undefined; type: TableColumn; }'.
src/renderer/components/item-list/item-table-list/item-table-list-column.tsx(700,37): error TS2339: Property 'itemType' does not exist on type 'ItemTableListColumn & { children: ReactNode; className?: string | undefined; containerClassName?: string | undefined; controls: ItemControls; dragRef?: Ref<...> | undefined; isDraggedOver?: "top" | ... 2 more ... | undefined; isDragging?: boolean | undefined; type: TableColumn; }'.
src/renderer/components/item-list/item-table-list/item-table-list-column.tsx(715,44): error TS2339: Property 'enableSelection' does not exist on type 'ItemTableListColumn & { children: ReactNode; className?: string | undefined; containerClassName?: string | undefined; controls: ItemControls; dragRef?: Ref<...> | undefined; isDraggedOver?: "top" | ... 2 more ... | undefined; isDragging?: boolean | undefined; type: TableColumn; }'.
src/renderer/components/item-list/item-table-list/item-table-list-column.tsx(716,37): error TS2339: Property 'internalState' does not exist on type 'ItemTableListColumn & { children: ReactNode; className?: string | undefined; containerClassName?: string | undefined; controls: ItemControls; dragRef?: Ref<...> | undefined; isDraggedOver?: "top" | ... 2 more ... | undefined; isDragging?: boolean | undefined; type: TableColumn; }'.
src/renderer/components/item-list/item-table-list/item-table-list-column.tsx(717,45): error TS2339: Property 'internalState' does not exist on type 'ItemTableListColumn & { children: ReactNode; className?: string | undefined; containerClassName?: string | undefined; controls: ItemControls; dragRef?: Ref<...> | undefined; isDraggedOver?: "top" | ... 2 more ... | undefined; isDragging?: boolean | undefined; type: TableColumn; }'.
src/renderer/components/item-list/item-table-list/item-table-list-column.tsx(721,42): error TS2339: Property 'internalState' does not exist on type 'ItemTableListColumn & { children: ReactNode; className?: string | undefined; containerClassName?: string | undefined; controls: ItemControls; dragRef?: Ref<...> | undefined; isDraggedOver?: "top" | ... 2 more ... | undefined; isDragging?: boolean | undefined; type: TableColumn; }'.
src/renderer/components/item-list/item-table-list/item-table-list-column.tsx(723,37): error TS2339: Property 'itemType' does not exist on type 'ItemTableListColumn & { children: ReactNode; className?: string | undefined; containerClassName?: string | undefined; controls: ItemControls; dragRef?: Ref<...> | undefined; isDraggedOver?: "top" | ... 2 more ... | undefined; isDragging?: boolean | undefined; type: TableColumn; }'.
src/renderer/components/item-list/item-table-list/item-table-list-column.tsx(732,33): error TS2339: Property 'internalState' does not exist on type 'ItemTableListColumn & { children: ReactNode; className?: string | undefined; containerClassName?: string | undefined; controls: ItemControls; dragRef?: Ref<...> | undefined; isDraggedOver?: "top" | ... 2 more ... | undefined; isDragging?: boolean | undefined; type: TableColumn; }'.
src/renderer/components/item-list/item-table-list/item-table-list-column.tsx(733,41): error TS2339: Property 'internalState' does not exist on type 'ItemTableListColumn & { children: ReactNode; className?: string | undefined; containerClassName?: string | undefined; controls: ItemControls; dragRef?: Ref<...> | undefined; isDraggedOver?: "top" | ... 2 more ... | undefined; isDragging?: boolean | undefined; type: TableColumn; }'.
src/renderer/components/item-list/item-table-list/item-table-list-column.tsx(737,38): error TS2339: Property 'internalState' does not exist on type 'ItemTableListColumn & { children: ReactNode; className?: string | undefined; containerClassName?: string | undefined; controls: ItemControls; dragRef?: Ref<...> | undefined; isDraggedOver?: "top" | ... 2 more ... | undefined; isDragging?: boolean | undefined; type: TableColumn; }'.
src/renderer/components/item-list/item-table-list/item-table-list-column.tsx(739,33): error TS2339: Property 'itemType' does not exist on type 'ItemTableListColumn & { children: ReactNode; className?: string | undefined; containerClassName?: string | undefined; controls: ItemControls; dragRef?: Ref<...> | undefined; isDraggedOver?: "top" | ... 2 more ... | undefined; isDragging?: boolean | undefined; type: TableColumn; }'.
src/renderer/components/item-list/item-table-list/item-table-list-column.tsx(748,27): error TS2339: Property 'enableAlternateRowColors' does not exist on type 'ItemTableListColumn & { children: ReactNode; className?: string | undefined; containerClassName?: string | undefined; controls: ItemControls; dragRef?: Ref<...> | undefined; isDraggedOver?: "top" | ... 2 more ... | undefined; isDragging?: boolean | undefined; type: TableColumn; }'.
src/renderer/components/item-list/item-table-list/item-table-list-column.tsx(750,27): error TS2339: Property 'enableAlternateRowColors' does not exist on type 'ItemTableListColumn & { children: ReactNode; className?: string | undefined; containerClassName?: string | undefined; controls: ItemControls; dragRef?: Ref<...> | undefined; isDraggedOver?: "top" | ... 2 more ... | undefined; isDragging?: boolean | undefined; type: TableColumn; }'.
src/renderer/components/item-list/item-table-list/item-table-list-column.tsx(751,40): error TS2339: Property 'columns' does not exist on type 'ItemTableListColumn & { children: ReactNode; className?: string | undefined; containerClassName?: string | undefined; controls: ItemControls; dragRef?: Ref<...> | undefined; isDraggedOver?: "top" | ... 2 more ... | undefined; isDragging?: boolean | undefined; type: TableColumn; }'.
src/renderer/components/item-list/item-table-list/item-table-list-column.tsx(751,54): error TS2339: Property 'columnIndex' does not exist on type 'ItemTableListColumn & { children: ReactNode; className?: string | undefined; containerClassName?: string | undefined; controls: ItemControls; dragRef?: Ref<...> | undefined; isDraggedOver?: "top" | ... 2 more ... | undefined; isDragging?: boolean | undefined; type: TableColumn; }'.
src/renderer/components/item-list/item-table-list/item-table-list-column.tsx(752,41): error TS2339: Property 'size' does not exist on type 'ItemTableListColumn & { children: ReactNode; className?: string | undefined; containerClassName?: string | undefined; controls: ItemControls; dragRef?: Ref<...> | undefined; isDraggedOver?: "top" | ... 2 more ... | undefined; isDragging?: boolean | undefined; type: TableColumn; }'.
src/renderer/components/item-list/item-table-list/item-table-list-column.tsx(757,39): error TS2339: Property 'size' does not exist on type 'ItemTableListColumn & { children: ReactNode; className?: string | undefined; containerClassName?: string | undefined; controls: ItemControls; dragRef?: Ref<...> | undefined; isDraggedOver?: "top" | ... 2 more ... | undefined; isDragging?: boolean | undefined; type: TableColumn; }'.
src/renderer/components/item-list/item-table-list/item-table-list-column.tsx(758,38): error TS2339: Property 'columns' does not exist on type 'ItemTableListColumn & { children: ReactNode; className?: string | undefined; containerClassName?: string | undefined; controls: ItemControls; dragRef?: Ref<...> | undefined; isDraggedOver?: "top" | ... 2 more ... | undefined; isDragging?: boolean | undefined; type: TableColumn; }'.
src/renderer/components/item-list/item-table-list/item-table-list-column.tsx(758,52): error TS2339: Property 'columnIndex' does not exist on type 'ItemTableListColumn & { children: ReactNode; className?: string | undefined; containerClassName?: string | undefined; controls: ItemControls; dragRef?: Ref<...> | undefined; isDraggedOver?: "top" | ... 2 more ... | undefined; isDragging?: boolean | undefined; type: TableColumn; }'.
src/renderer/components/item-list/item-table-list/item-table-list-column.tsx(759,43): error TS2339: Property 'cellPadding' does not exist on type 'ItemTableListColumn & { children: ReactNode; className?: string | undefined; containerClassName?: string | undefined; controls: ItemControls; dragRef?: Ref<...> | undefined; isDraggedOver?: "top" | ... 2 more ... | undefined; isDragging?: boolean | undefined; type: TableColumn; }'.
src/renderer/components/item-list/item-table-list/item-table-list-column.tsx(760,43): error TS2339: Property 'cellPadding' does not exist on type 'ItemTableListColumn & { children: ReactNode; className?: string | undefined; containerClassName?: string | undefined; controls: ItemControls; dragRef?: Ref<...> | undefined; isDraggedOver?: "top" | ... 2 more ... | undefined; isDragging?: boolean | undefined; type: TableColumn; }'.
src/renderer/components/item-list/item-table-list/item-table-list-column.tsx(761,43): error TS2339: Property 'cellPadding' does not exist on type 'ItemTableListColumn & { children: ReactNode; className?: string | undefined; containerClassName?: string | undefined; controls: ItemControls; dragRef?: Ref<...> | undefined; isDraggedOver?: "top" | ... 2 more ... | undefined; isDragging?: boolean | undefined; type: TableColumn; }'.
src/renderer/components/item-list/item-table-list/item-table-list-column.tsx(762,43): error TS2339: Property 'cellPadding' does not exist on type 'ItemTableListColumn & { children: ReactNode; className?: string | undefined; containerClassName?: string | undefined; controls: ItemControls; dragRef?: Ref<...> | undefined; isDraggedOver?: "top" | ... 2 more ... | undefined; isDragging?: boolean | undefined; type: TableColumn; }'.
src/renderer/components/item-list/item-table-list/item-table-list-column.tsx(763,43): error TS2339: Property 'cellPadding' does not exist on type 'ItemTableListColumn & { children: ReactNode; className?: string | undefined; containerClassName?: string | undefined; controls: ItemControls; dragRef?: Ref<...> | undefined; isDraggedOver?: "top" | ... 2 more ... | undefined; isDragging?: boolean | undefined; type: TableColumn; }'.
src/renderer/components/item-list/item-table-list/item-table-list-column.tsx(764,39): error TS2339: Property 'columns' does not exist on type 'ItemTableListColumn & { children: ReactNode; className?: string | undefined; containerClassName?: string | undefined; controls: ItemControls; dragRef?: Ref<...> | undefined; isDraggedOver?: "top" | ... 2 more ... | undefined; isDragging?: boolean | undefined; type: TableColumn; }'.
src/renderer/components/item-list/item-table-list/item-table-list-column.tsx(764,53): error TS2339: Property 'columnIndex' does not exist on type 'ItemTableListColumn & { children: ReactNode; className?: string | undefined; containerClassName?: string | undefined; controls: ItemControls; dragRef?: Ref<...> | undefined; isDraggedOver?: "top" | ... 2 more ... | undefined; isDragging?: boolean | undefined; type: TableColumn; }'.
src/renderer/components/item-list/item-table-list/item-table-list-column.tsx(765,71): error TS2339: Property 'enableRowHoverHighlight' does not exist on type 'ItemTableListColumn & { children: ReactNode; className?: string | undefined; containerClassName?: string | undefined; controls: ItemControls; dragRef?: Ref<...> | undefined; isDraggedOver?: "top" | ... 2 more ... | undefined; isDragging?: boolean | undefined; type: TableColumn; }'.
src/renderer/components/item-list/item-table-list/item-table-list-column.tsx(768,27): error TS2339: Property 'enableHorizontalBorders' does not exist on type 'ItemTableListColumn & { children: ReactNode; className?: string | undefined; containerClassName?: string | undefined; controls: ItemControls; dragRef?: Ref<...> | undefined; isDraggedOver?: "top" | ... 2 more ... | undefined; isDragging?: boolean | undefined; type: TableColumn; }'.
src/renderer/components/item-list/item-table-list/item-table-list-column.tsx(769,27): error TS2339: Property 'enableHeader' does not exist on type 'ItemTableListColumn & { children: ReactNode; className?: string | undefined; containerClassName?: string | undefined; controls: ItemControls; dragRef?: Ref<...> | undefined; isDraggedOver?: "top" | ... 2 more ... | undefined; isDragging?: boolean | undefined; type: TableColumn; }'.
src/renderer/components/item-list/item-table-list/item-table-list-column.tsx(770,27): error TS2339: Property 'rowIndex' does not exist on type 'ItemTableListColumn & { children: ReactNode; className?: string | undefined; containerClassName?: string | undefined; controls: ItemControls; dragRef?: Ref<...> | undefined; isDraggedOver?: "top" | ... 2 more ... | undefined; isDragging?: boolean | undefined; type: TableColumn; }'.
src/renderer/components/item-list/item-table-list/item-table-list-column.tsx(772,52): error TS2339: Property 'enableVerticalBorders' does not exist on type 'ItemTableListColumn & { children: ReactNode; className?: string | undefined; containerClassName?: string | undefined; controls: ItemControls; dragRef?: Ref<...> | undefined; isDraggedOver?: "top" | ... 2 more ... | undefined; isDragging?: boolean | undefined; type: TableColumn; }'.
src/renderer/components/item-list/item-table-list/item-table-list-column.tsx(774,50): error TS2339: Property 'tableId' does not exist on type 'ItemTableListColumn & { children: ReactNode; className?: string | undefined; containerClassName?: string | undefined; controls: ItemControls; dragRef?: Ref<...> | undefined; isDraggedOver?: "top" | ... 2 more ... | undefined; isDragging?: boolean | undefined; type: TableColumn; }'.
src/renderer/components/item-list/item-table-list/item-table-list-column.tsx(774,67): error TS2339: Property 'rowIndex' does not exist on type 'ItemTableListColumn & { children: ReactNode; className?: string | undefined; containerClassName?: string | undefined; controls: ItemControls; dragRef?: Ref<...> | undefined; isDraggedOver?: "top" | ... 2 more ... | undefined; isDragging?: boolean | undefined; type: TableColumn; }'.
src/renderer/components/item-list/item-table-list/item-table-list-column.tsx(778,26): error TS2339: Property 'style' does not exist on type 'ItemTableListColumn & { children: ReactNode; className?: string | undefined; containerClassName?: string | undefined; controls: ItemControls; dragRef?: Ref<...> | undefined; isDraggedOver?: "top" | ... 2 more ... | undefined; isDragging?: boolean | undefined; type: TableColumn; }'.
src/renderer/components/item-list/item-table-list/item-table-list-column.tsx(782,45): error TS2339: Property 'size' does not exist on type 'ItemTableListColumn & { children: ReactNode; className?: string | undefined; containerClassName?: string | undefined; controls: ItemControls; dragRef?: Ref<...> | undefined; isDraggedOver?: "top" | ... 2 more ... | undefined; isDragging?: boolean | undefined; type: TableColumn; }'.
src/renderer/components/item-list/item-table-list/item-table-list-column.tsx(783,43): error TS2339: Property 'size' does not exist on type 'ItemTableListColumn & { children: ReactNode; className?: string | undefined; containerClassName?: string | undefined; controls: ItemControls; dragRef?: Ref<...> | undefined; isDraggedOver?: "top" | ... 2 more ... | undefined; isDragging?: boolean | undefined; type: TableColumn; }'.
src/renderer/components/item-list/item-table-list/item-table-list-column.tsx(807,29): error TS2339: Property 'enableHeader' does not exist on type 'ItemTableListColumn & { children: ReactNode; className?: string | undefined; containerStyle?: CSSProperties | undefined; controls: ItemControls; dragRef?: Ref<...> | undefined; isDraggedOver?: "top" | ... 2 more ... | undefined; isDragging?: boolean | undefined; type: TableColumn; }'.
src/renderer/components/item-list/item-table-list/item-table-list-column.tsx(807,50): error TS2339: Property 'rowIndex' does not exist on type 'ItemTableListColumn & { children: ReactNode; className?: string | undefined; containerStyle?: CSSProperties | undefined; controls: ItemControls; dragRef?: Ref<...> | undefined; isDraggedOver?: "top" | ... 2 more ... | undefined; isDragging?: boolean | undefined; type: TableColumn; }'.
src/renderer/components/item-list/item-table-list/item-table-list-column.tsx(808,29): error TS2339: Property 'enableHeader' does not exist on type 'ItemTableListColumn & { children: ReactNode; className?: string | undefined; containerStyle?: CSSProperties | undefined; controls: ItemControls; dragRef?: Ref<...> | undefined; isDraggedOver?: "top" | ... 2 more ... | undefined; isDragging?: boolean | undefined; type: TableColumn; }'.
src/renderer/components/item-list/item-table-list/item-table-list-column.tsx(808,50): error TS2339: Property 'rowIndex' does not exist on type 'ItemTableListColumn & { children: ReactNode; className?: string | undefined; containerStyle?: CSSProperties | undefined; controls: ItemControls; dragRef?: Ref<...> | undefined; isDraggedOver?: "top" | ... 2 more ... | undefined; isDragging?: boolean | undefined; type: TableColumn; }'.
src/renderer/components/item-list/item-table-list/item-table-list-column.tsx(808,71): error TS2339: Property 'rowIndex' does not exist on type 'ItemTableListColumn & { children: ReactNode; className?: string | undefined; containerStyle?: CSSProperties | undefined; controls: ItemControls; dragRef?: Ref<...> | undefined; isDraggedOver?: "top" | ... 2 more ... | undefined; isDragging?: boolean | undefined; type: TableColumn; }'.
src/renderer/components/item-list/item-table-list/item-table-list-column.tsx(809,36): error TS2339: Property 'data' does not exist on type 'ItemTableListColumn & { children: ReactNode; className?: string | undefined; containerStyle?: CSSProperties | undefined; controls: ItemControls; dragRef?: Ref<...> | undefined; isDraggedOver?: "top" | ... 2 more ... | undefined; isDragging?: boolean | undefined; type: TableColumn; }'.
src/renderer/components/item-list/item-table-list/item-table-list-column.tsx(809,47): error TS2339: Property 'rowIndex' does not exist on type 'ItemTableListColumn & { children: ReactNode; className?: string | undefined; containerStyle?: CSSProperties | undefined; controls: ItemControls; dragRef?: Ref<...> | undefined; isDraggedOver?: "top" | ... 2 more ... | undefined; isDragging?: boolean | undefined; type: TableColumn; }'.
src/renderer/components/item-list/item-table-list/item-table-list-column.tsx(812,21): error TS2339: Property 'internalState' does not exist on type 'ItemTableListColumn & { children: ReactNode; className?: string | undefined; containerStyle?: CSSProperties | undefined; controls: ItemControls; dragRef?: Ref<...> | undefined; isDraggedOver?: "top" | ... 2 more ... | undefined; isDragging?: boolean | undefined; type: TableColumn; }'.
src/renderer/components/item-list/item-table-list/item-table-list-column.tsx(814,52): error TS2339: Property 'internalState' does not exist on type 'ItemTableListColumn & { children: ReactNode; className?: string | undefined; containerStyle?: CSSProperties | undefined; controls: ItemControls; dragRef?: Ref<...> | undefined; isDraggedOver?: "top" | ... 2 more ... | undefined; isDragging?: boolean | undefined; type: TableColumn; }'.
src/renderer/components/item-list/item-table-list/item-table-list-column.tsx(819,32): error TS2339: Property 'columnIndex' does not exist on type 'ItemTableListColumn & { children: ReactNode; className?: string | undefined; containerStyle?: CSSProperties | undefined; controls: ItemControls; dragRef?: Ref<...> | undefined; isDraggedOver?: "top" | ... 2 more ... | undefined; isDragging?: boolean | undefined; type: TableColumn; }'.
src/renderer/components/item-list/item-table-list/item-table-list-column.tsx(819,54): error TS2339: Property 'columns' does not exist on type 'ItemTableListColumn & { children: ReactNode; className?: string | undefined; containerStyle?: CSSProperties | undefined; controls: ItemControls; dragRef?: Ref<...> | undefined; isDraggedOver?: "top" | ... 2 more ... | undefined; isDragging?: boolean | undefined; type: TableColumn; }'.
src/renderer/components/item-list/item-table-list/item-table-list-column.tsx(822,16): error TS2339: Property 'enableHeader' does not exist on type 'ItemTableListColumn & { children: ReactNode; className?: string | undefined; containerStyle?: CSSProperties | undefined; controls: ItemControls; dragRef?: Ref<...> | undefined; isDraggedOver?: "top" | ... 2 more ... | undefined; isDragging?: boolean | undefined; type: TableColumn; }'.
src/renderer/components/item-list/item-table-list/item-table-list-column.tsx(823,21): error TS2339: Property 'rowIndex' does not exist on type 'ItemTableListColumn & { children: ReactNode; className?: string | undefined; containerStyle?: CSSProperties | undefined; controls: ItemControls; dragRef?: Ref<...> | undefined; isDraggedOver?: "top" | ... 2 more ... | undefined; isDragging?: boolean | undefined; type: TableColumn; }'.
src/renderer/components/item-list/item-table-list/item-table-list-column.tsx(823,40): error TS2339: Property 'data' does not exist on type 'ItemTableListColumn & { children: ReactNode; className?: string | undefined; containerStyle?: CSSProperties | undefined; controls: ItemControls; dragRef?: Ref<...> | undefined; isDraggedOver?: "top" | ... 2 more ... | undefined; isDragging?: boolean | undefined; type: TableColumn; }'.
src/renderer/components/item-list/item-table-list/item-table-list-column.tsx(824,21): error TS2339: Property 'rowIndex' does not exist on type 'ItemTableListColumn & { children: ReactNode; className?: string | undefined; containerStyle?: CSSProperties | undefined; controls: ItemControls; dragRef?: Ref<...> | undefined; isDraggedOver?: "top" | ... 2 more ... | undefined; isDragging?: boolean | undefined; type: TableColumn; }'.
src/renderer/components/item-list/item-table-list/item-table-list-column.tsx(824,40): error TS2339: Property 'data' does not exist on type 'ItemTableListColumn & { children: ReactNode; className?: string | undefined; containerStyle?: CSSProperties | undefined; controls: ItemControls; dragRef?: Ref<...> | undefined; isDraggedOver?: "top" | ... 2 more ... | undefined; isDragging?: boolean | undefined; type: TableColumn; }'.
src/renderer/components/item-list/item-table-list/item-table-list-column.tsx(830,32): error TS2339: Property 'rowIndex' does not exist on type 'ItemTableListColumn & { children: ReactNode; className?: string | undefined; containerStyle?: CSSProperties | undefined; controls: ItemControls; dragRef?: Ref<...> | undefined; isDraggedOver?: "top" | ... 2 more ... | undefined; isDragging?: boolean | undefined; type: TableColumn; }'.
src/renderer/components/item-list/item-table-list/item-table-list-column.tsx(835,43): error TS2339: Property 'tableId' does not exist on type 'ItemTableListColumn & { children: ReactNode; className?: string | undefined; containerStyle?: CSSProperties | undefined; controls: ItemControls; dragRef?: Ref<...> | undefined; isDraggedOver?: "top" | ... 2 more ... | undefined; isDragging?: boolean | undefined; type: TableColumn; }'.
src/renderer/components/item-list/item-table-list/item-table-list-column.tsx(843,43): error TS2339: Property 'tableId' does not exist on type 'ItemTableListColumn & { children: ReactNode; className?: string | undefined; containerStyle?: CSSProperties | undefined; controls: ItemControls; dragRef?: Ref<...> | undefined; isDraggedOver?: "top" | ... 2 more ... | undefined; isDragging?: boolean | undefined; type: TableColumn; }'.
src/renderer/components/item-list/item-table-list/item-table-list-column.tsx(855,26): error TS2339: Property 'rowIndex' does not exist on type 'ItemTableListColumn & { children: ReactNode; className?: string | undefined; containerStyle?: CSSProperties | undefined; controls: ItemControls; dragRef?: Ref<...> | undefined; isDraggedOver?: "top" | ... 2 more ... | undefined; isDragging?: boolean | undefined; type: TableColumn; }'.
src/renderer/components/item-list/item-table-list/item-table-list-column.tsx(855,42): error TS2339: Property 'enableRowHoverHighlight' does not exist on type 'ItemTableListColumn & { children: ReactNode; className?: string | undefined; containerStyle?: CSSProperties | undefined; controls: ItemControls; dragRef?: Ref<...> | undefined; isDraggedOver?: "top" | ... 2 more ... | undefined; isDragging?: boolean | undefined; type: TableColumn; }'.
src/renderer/components/item-list/item-table-list/item-table-list-column.tsx(855,73): error TS2339: Property 'tableId' does not exist on type 'ItemTableListColumn & { children: ReactNode; className?: string | undefined; containerStyle?: CSSProperties | undefined; controls: ItemControls; dragRef?: Ref<...> | undefined; isDraggedOver?: "top" | ... 2 more ... | undefined; isDragging?: boolean | undefined; type: TableColumn; }'.
src/renderer/components/item-list/item-table-list/item-table-list-column.tsx(861,32): error TS2339: Property 'rowIndex' does not exist on type 'ItemTableListColumn & { children: ReactNode; className?: string | undefined; containerStyle?: CSSProperties | undefined; controls: ItemControls; dragRef?: Ref<...> | undefined; isDraggedOver?: "top" | ... 2 more ... | undefined; isDragging?: boolean | undefined; type: TableColumn; }'.
src/renderer/components/item-list/item-table-list/item-table-list-column.tsx(867,43): error TS2339: Property 'tableId' does not exist on type 'ItemTableListColumn & { children: ReactNode; className?: string | undefined; containerStyle?: CSSProperties | undefined; controls: ItemControls; dragRef?: Ref<...> | undefined; isDraggedOver?: "top" | ... 2 more ... | undefined; isDragging?: boolean | undefined; type: TableColumn; }'.
src/renderer/components/item-list/item-table-list/item-table-list-column.tsx(893,43): error TS2339: Property 'tableId' does not exist on type 'ItemTableListColumn & { children: ReactNode; className?: string | undefined; containerStyle?: CSSProperties | undefined; controls: ItemControls; dragRef?: Ref<...> | undefined; isDraggedOver?: "top" | ... 2 more ... | undefined; isDragging?: boolean | undefined; type: TableColumn; }'.
src/renderer/components/item-list/item-table-list/item-table-list-column.tsx(901,26): error TS2339: Property 'rowIndex' does not exist on type 'ItemTableListColumn & { children: ReactNode; className?: string | undefined; containerStyle?: CSSProperties | undefined; controls: ItemControls; dragRef?: Ref<...> | undefined; isDraggedOver?: "top" | ... 2 more ... | undefined; isDragging?: boolean | undefined; type: TableColumn; }'.
src/renderer/components/item-list/item-table-list/item-table-list-column.tsx(901,63): error TS2339: Property 'tableId' does not exist on type 'ItemTableListColumn & { children: ReactNode; className?: string | undefined; containerStyle?: CSSProperties | undefined; controls: ItemControls; dragRef?: Ref<...> | undefined; isDraggedOver?: "top" | ... 2 more ... | undefined; isDragging?: boolean | undefined; type: TableColumn; }'.
src/renderer/components/item-list/item-table-list/item-table-list-column.tsx(906,37): error TS2339: Property 'internalState' does not exist on type 'ItemTableListColumn & { children: ReactNode; className?: string | undefined; containerStyle?: CSSProperties | undefined; controls: ItemControls; dragRef?: Ref<...> | undefined; isDraggedOver?: "top" | ... 2 more ... | undefined; isDragging?: boolean | undefined; type: TableColumn; }'.
src/renderer/components/item-list/item-table-list/item-table-list-column.tsx(907,45): error TS2339: Property 'internalState' does not exist on type 'ItemTableListColumn & { children: ReactNode; className?: string | undefined; containerStyle?: CSSProperties | undefined; controls: ItemControls; dragRef?: Ref<...> | undefined; isDraggedOver?: "top" | ... 2 more ... | undefined; isDragging?: boolean | undefined; type: TableColumn; }'.
src/renderer/components/item-list/item-table-list/item-table-list-column.tsx(911,42): error TS2339: Property 'internalState' does not exist on type 'ItemTableListColumn & { children: ReactNode; className?: string | undefined; containerStyle?: CSSProperties | undefined; controls: ItemControls; dragRef?: Ref<...> | undefined; isDraggedOver?: "top" | ... 2 more ... | undefined; isDragging?: boolean | undefined; type: TableColumn; }'.
src/renderer/components/item-list/item-table-list/item-table-list-column.tsx(913,37): error TS2339: Property 'itemType' does not exist on type 'ItemTableListColumn & { children: ReactNode; className?: string | undefined; containerStyle?: CSSProperties | undefined; controls: ItemControls; dragRef?: Ref<...> | undefined; isDraggedOver?: "top" | ... 2 more ... | undefined; isDragging?: boolean | undefined; type: TableColumn; }'.
src/renderer/components/item-list/item-table-list/item-table-list-column.tsx(928,44): error TS2339: Property 'enableSelection' does not exist on type 'ItemTableListColumn & { children: ReactNode; className?: string | undefined; containerStyle?: CSSProperties | undefined; controls: ItemControls; dragRef?: Ref<...> | undefined; isDraggedOver?: "top" | ... 2 more ... | undefined; isDragging?: boolean | undefined; type: TableColumn; }'.
src/renderer/components/item-list/item-table-list/item-table-list-column.tsx(929,37): error TS2339: Property 'internalState' does not exist on type 'ItemTableListColumn & { children: ReactNode; className?: string | undefined; containerStyle?: CSSProperties | undefined; controls: ItemControls; dragRef?: Ref<...> | undefined; isDraggedOver?: "top" | ... 2 more ... | undefined; isDragging?: boolean | undefined; type: TableColumn; }'.
src/renderer/components/item-list/item-table-list/item-table-list-column.tsx(930,45): error TS2339: Property 'internalState' does not exist on type 'ItemTableListColumn & { children: ReactNode; className?: string | undefined; containerStyle?: CSSProperties | undefined; controls: ItemControls; dragRef?: Ref<...> | undefined; isDraggedOver?: "top" | ... 2 more ... | undefined; isDragging?: boolean | undefined; type: TableColumn; }'.
src/renderer/components/item-list/item-table-list/item-table-list-column.tsx(934,42): error TS2339: Property 'internalState' does not exist on type 'ItemTableListColumn & { children: ReactNode; className?: string | undefined; containerStyle?: CSSProperties | undefined; controls: ItemControls; dragRef?: Ref<...> | undefined; isDraggedOver?: "top" | ... 2 more ... | undefined; isDragging?: boolean | undefined; type: TableColumn; }'.
src/renderer/components/item-list/item-table-list/item-table-list-column.tsx(936,37): error TS2339: Property 'itemType' does not exist on type 'ItemTableListColumn & { children: ReactNode; className?: string | undefined; containerStyle?: CSSProperties | undefined; controls: ItemControls; dragRef?: Ref<...> | undefined; isDraggedOver?: "top" | ... 2 more ... | undefined; isDragging?: boolean | undefined; type: TableColumn; }'.
src/renderer/components/item-list/item-table-list/item-table-list-column.tsx(945,33): error TS2339: Property 'internalState' does not exist on type 'ItemTableListColumn & { children: ReactNode; className?: string | undefined; containerStyle?: CSSProperties | undefined; controls: ItemControls; dragRef?: Ref<...> | undefined; isDraggedOver?: "top" | ... 2 more ... | undefined; isDragging?: boolean | undefined; type: TableColumn; }'.
src/renderer/components/item-list/item-table-list/item-table-list-column.tsx(946,41): error TS2339: Property 'internalState' does not exist on type 'ItemTableListColumn & { children: ReactNode; className?: string | undefined; containerStyle?: CSSProperties | undefined; controls: ItemControls; dragRef?: Ref<...> | undefined; isDraggedOver?: "top" | ... 2 more ... | undefined; isDragging?: boolean | undefined; type: TableColumn; }'.
src/renderer/components/item-list/item-table-list/item-table-list-column.tsx(950,38): error TS2339: Property 'internalState' does not exist on type 'ItemTableListColumn & { children: ReactNode; className?: string | undefined; containerStyle?: CSSProperties | undefined; controls: ItemControls; dragRef?: Ref<...> | undefined; isDraggedOver?: "top" | ... 2 more ... | undefined; isDragging?: boolean | undefined; type: TableColumn; }'.
src/renderer/components/item-list/item-table-list/item-table-list-column.tsx(952,33): error TS2339: Property 'itemType' does not exist on type 'ItemTableListColumn & { children: ReactNode; className?: string | undefined; containerStyle?: CSSProperties | undefined; controls: ItemControls; dragRef?: Ref<...> | undefined; isDraggedOver?: "top" | ... 2 more ... | undefined; isDragging?: boolean | undefined; type: TableColumn; }'.
src/renderer/components/item-list/item-table-list/item-table-list-column.tsx(961,27): error TS2339: Property 'enableAlternateRowColors' does not exist on type 'ItemTableListColumn & { children: ReactNode; className?: string | undefined; containerStyle?: CSSProperties | undefined; controls: ItemControls; dragRef?: Ref<...> | undefined; isDraggedOver?: "top" | ... 2 more ... | undefined; isDragging?: boolean | undefined; type: TableColumn; }'.
src/renderer/components/item-list/item-table-list/item-table-list-column.tsx(963,27): error TS2339: Property 'enableAlternateRowColors' does not exist on type 'ItemTableListColumn & { children: ReactNode; className?: string | undefined; containerStyle?: CSSProperties | undefined; controls: ItemControls; dragRef?: Ref<...> | undefined; isDraggedOver?: "top" | ... 2 more ... | undefined; isDragging?: boolean | undefined; type: TableColumn; }'.
src/renderer/components/item-list/item-table-list/item-table-list-column.tsx(964,40): error TS2339: Property 'columns' does not exist on type 'ItemTableListColumn & { children: ReactNode; className?: string | undefined; containerStyle?: CSSProperties | undefined; controls: ItemControls; dragRef?: Ref<...> | undefined; isDraggedOver?: "top" | ... 2 more ... | undefined; isDragging?: boolean | undefined; type: TableColumn; }'.
src/renderer/components/item-list/item-table-list/item-table-list-column.tsx(964,54): error TS2339: Property 'columnIndex' does not exist on type 'ItemTableListColumn & { children: ReactNode; className?: string | undefined; containerStyle?: CSSProperties | undefined; controls: ItemControls; dragRef?: Ref<...> | undefined; isDraggedOver?: "top" | ... 2 more ... | undefined; isDragging?: boolean | undefined; type: TableColumn; }'.
src/renderer/components/item-list/item-table-list/item-table-list-column.tsx(965,41): error TS2339: Property 'size' does not exist on type 'ItemTableListColumn & { children: ReactNode; className?: string | undefined; containerStyle?: CSSProperties | undefined; controls: ItemControls; dragRef?: Ref<...> | undefined; isDraggedOver?: "top" | ... 2 more ... | undefined; isDragging?: boolean | undefined; type: TableColumn; }'.
src/renderer/components/item-list/item-table-list/item-table-list-column.tsx(970,39): error TS2339: Property 'size' does not exist on type 'ItemTableListColumn & { children: ReactNode; className?: string | undefined; containerStyle?: CSSProperties | undefined; controls: ItemControls; dragRef?: Ref<...> | undefined; isDraggedOver?: "top" | ... 2 more ... | undefined; isDragging?: boolean | undefined; type: TableColumn; }'.
src/renderer/components/item-list/item-table-list/item-table-list-column.tsx(971,38): error TS2339: Property 'columns' does not exist on type 'ItemTableListColumn & { children: ReactNode; className?: string | undefined; containerStyle?: CSSProperties | undefined; controls: ItemControls; dragRef?: Ref<...> | undefined; isDraggedOver?: "top" | ... 2 more ... | undefined; isDragging?: boolean | undefined; type: TableColumn; }'.
src/renderer/components/item-list/item-table-list/item-table-list-column.tsx(971,52): error TS2339: Property 'columnIndex' does not exist on type 'ItemTableListColumn & { children: ReactNode; className?: string | undefined; containerStyle?: CSSProperties | undefined; controls: ItemControls; dragRef?: Ref<...> | undefined; isDraggedOver?: "top" | ... 2 more ... | undefined; isDragging?: boolean | undefined; type: TableColumn; }'.
src/renderer/components/item-list/item-table-list/item-table-list-column.tsx(972,43): error TS2339: Property 'cellPadding' does not exist on type 'ItemTableListColumn & { children: ReactNode; className?: string | undefined; containerStyle?: CSSProperties | undefined; controls: ItemControls; dragRef?: Ref<...> | undefined; isDraggedOver?: "top" | ... 2 more ... | undefined; isDragging?: boolean | undefined; type: TableColumn; }'.
src/renderer/components/item-list/item-table-list/item-table-list-column.tsx(973,43): error TS2339: Property 'cellPadding' does not exist on type 'ItemTableListColumn & { children: ReactNode; className?: string | undefined; containerStyle?: CSSProperties | undefined; controls: ItemControls; dragRef?: Ref<...> | undefined; isDraggedOver?: "top" | ... 2 more ... | undefined; isDragging?: boolean | undefined; type: TableColumn; }'.
src/renderer/components/item-list/item-table-list/item-table-list-column.tsx(974,43): error TS2339: Property 'cellPadding' does not exist on type 'ItemTableListColumn & { children: ReactNode; className?: string | undefined; containerStyle?: CSSProperties | undefined; controls: ItemControls; dragRef?: Ref<...> | undefined; isDraggedOver?: "top" | ... 2 more ... | undefined; isDragging?: boolean | undefined; type: TableColumn; }'.
src/renderer/components/item-list/item-table-list/item-table-list-column.tsx(975,43): error TS2339: Property 'cellPadding' does not exist on type 'ItemTableListColumn & { children: ReactNode; className?: string | undefined; containerStyle?: CSSProperties | undefined; controls: ItemControls; dragRef?: Ref<...> | undefined; isDraggedOver?: "top" | ... 2 more ... | undefined; isDragging?: boolean | undefined; type: TableColumn; }'.
src/renderer/components/item-list/item-table-list/item-table-list-column.tsx(976,43): error TS2339: Property 'cellPadding' does not exist on type 'ItemTableListColumn & { children: ReactNode; className?: string | undefined; containerStyle?: CSSProperties | undefined; controls: ItemControls; dragRef?: Ref<...> | undefined; isDraggedOver?: "top" | ... 2 more ... | undefined; isDragging?: boolean | undefined; type: TableColumn; }'.
src/renderer/components/item-list/item-table-list/item-table-list-column.tsx(977,39): error TS2339: Property 'columns' does not exist on type 'ItemTableListColumn & { children: ReactNode; className?: string | undefined; containerStyle?: CSSProperties | undefined; controls: ItemControls; dragRef?: Ref<...> | undefined; isDraggedOver?: "top" | ... 2 more ... | undefined; isDragging?: boolean | undefined; type: TableColumn; }'.
src/renderer/components/item-list/item-table-list/item-table-list-column.tsx(977,53): error TS2339: Property 'columnIndex' does not exist on type 'ItemTableListColumn & { children: ReactNode; className?: string | undefined; containerStyle?: CSSProperties | undefined; controls: ItemControls; dragRef?: Ref<...> | undefined; isDraggedOver?: "top" | ... 2 more ... | undefined; isDragging?: boolean | undefined; type: TableColumn; }'.
src/renderer/components/item-list/item-table-list/item-table-list-column.tsx(978,71): error TS2339: Property 'enableRowHoverHighlight' does not exist on type 'ItemTableListColumn & { children: ReactNode; className?: string | undefined; containerStyle?: CSSProperties | undefined; controls: ItemControls; dragRef?: Ref<...> | undefined; isDraggedOver?: "top" | ... 2 more ... | undefined; isDragging?: boolean | undefined; type: TableColumn; }'.
src/renderer/components/item-list/item-table-list/item-table-list-column.tsx(981,27): error TS2339: Property 'enableHorizontalBorders' does not exist on type 'ItemTableListColumn & { children: ReactNode; className?: string | undefined; containerStyle?: CSSProperties | undefined; controls: ItemControls; dragRef?: Ref<...> | undefined; isDraggedOver?: "top" | ... 2 more ... | undefined; isDragging?: boolean | undefined; type: TableColumn; }'.
src/renderer/components/item-list/item-table-list/item-table-list-column.tsx(982,27): error TS2339: Property 'enableHeader' does not exist on type 'ItemTableListColumn & { children: ReactNode; className?: string | undefined; containerStyle?: CSSProperties | undefined; controls: ItemControls; dragRef?: Ref<...> | undefined; isDraggedOver?: "top" | ... 2 more ... | undefined; isDragging?: boolean | undefined; type: TableColumn; }'.
src/renderer/components/item-list/item-table-list/item-table-list-column.tsx(983,27): error TS2339: Property 'rowIndex' does not exist on type 'ItemTableListColumn & { children: ReactNode; className?: string | undefined; containerStyle?: CSSProperties | undefined; controls: ItemControls; dragRef?: Ref<...> | undefined; isDraggedOver?: "top" | ... 2 more ... | undefined; isDragging?: boolean | undefined; type: TableColumn; }'.
src/renderer/components/item-list/item-table-list/item-table-list-column.tsx(985,52): error TS2339: Property 'enableVerticalBorders' does not exist on type 'ItemTableListColumn & { children: ReactNode; className?: string | undefined; containerStyle?: CSSProperties | undefined; controls: ItemControls; dragRef?: Ref<...> | undefined; isDraggedOver?: "top" | ... 2 more ... | undefined; isDragging?: boolean | undefined; type: TableColumn; }'.
src/renderer/components/item-list/item-table-list/item-table-list-column.tsx(987,50): error TS2339: Property 'tableId' does not exist on type 'ItemTableListColumn & { children: ReactNode; className?: string | undefined; containerStyle?: CSSProperties | undefined; controls: ItemControls; dragRef?: Ref<...> | undefined; isDraggedOver?: "top" | ... 2 more ... | undefined; isDragging?: boolean | undefined; type: TableColumn; }'.
src/renderer/components/item-list/item-table-list/item-table-list-column.tsx(987,67): error TS2339: Property 'rowIndex' does not exist on type 'ItemTableListColumn & { children: ReactNode; className?: string | undefined; containerStyle?: CSSProperties | undefined; controls: ItemControls; dragRef?: Ref<...> | undefined; isDraggedOver?: "top" | ... 2 more ... | undefined; isDragging?: boolean | undefined; type: TableColumn; }'.
src/renderer/components/item-list/item-table-list/item-table-list-column.tsx(991,56): error TS2339: Property 'style' does not exist on type 'ItemTableListColumn & { children: ReactNode; className?: string | undefined; containerStyle?: CSSProperties | undefined; controls: ItemControls; dragRef?: Ref<...> | undefined; isDraggedOver?: "top" | ... 2 more ... | undefined; isDragging?: boolean | undefined; type: TableColumn; }'.
src/renderer/components/item-list/item-table-list/item-table-list-column.tsx(1082,32): error TS2339: Property 'columns' does not exist on type 'ItemTableListColumn & { className?: string | undefined; containerClassName?: string | undefined; controls: ItemControls; type: TableColumn; }'.
src/renderer/components/item-list/item-table-list/item-table-list-column.tsx(1082,46): error TS2339: Property 'columnIndex' does not exist on type 'ItemTableListColumn & { className?: string | undefined; containerClassName?: string | undefined; controls: ItemControls; type: TableColumn; }'.
src/renderer/components/item-list/item-table-list/item-table-list-column.tsx(1084,33): error TS2339: Property 'style' does not exist on type 'ItemTableListColumn & { className?: string | undefined; containerClassName?: string | undefined; controls: ItemControls; type: TableColumn; }'.
src/renderer/components/item-list/item-table-list/item-table-list-column.tsx(1095,45): error TS2339: Property 'enableColumnReorder' does not exist on type 'ItemTableListColumn & { className?: string | undefined; containerClassName?: string | undefined; controls: ItemControls; type: TableColumn; }'.
src/renderer/components/item-list/item-table-list/item-table-list-column.tsx(1117,42): error TS2339: Property 'tableId' does not exist on type 'ItemTableListColumn & { className?: string | undefined; containerClassName?: string | undefined; controls: ItemControls; type: TableColumn; }'.
src/renderer/components/item-list/item-table-list/item-table-list-column.tsx(1136,65): error TS2339: Property 'tableId' does not exist on type 'ItemTableListColumn & { className?: string | undefined; containerClassName?: string | undefined; controls: ItemControls; type: TableColumn; }'.
src/renderer/components/item-list/item-table-list/item-table-list-column.tsx(1151,42): error TS2339: Property 'tableId' does not exist on type 'ItemTableListColumn & { className?: string | undefined; containerClassName?: string | undefined; controls: ItemControls; type: TableColumn; }'.
src/renderer/components/item-list/item-table-list/item-table-list-column.tsx(1182,27): error TS2339: Property 'enableColumnReorder' does not exist on type 'ItemTableListColumn & { className?: string | undefined; containerClassName?: string | undefined; controls: ItemControls; type: TableColumn; }'.
src/renderer/components/item-list/item-table-list/item-table-list-column.tsx(1182,70): error TS2339: Property 'tableId' does not exist on type 'ItemTableListColumn & { className?: string | undefined; containerClassName?: string | undefined; controls: ItemControls; type: TableColumn; }'.
src/renderer/components/item-list/item-table-list/item-table-list-column.tsx(1190,43): error TS2339: Property 'cellPadding' does not exist on type 'ItemTableListColumn & { className?: string | undefined; containerClassName?: string | undefined; controls: ItemControls; type: TableColumn; }'.
src/renderer/components/item-list/item-table-list/item-table-list-column.tsx(1191,43): error TS2339: Property 'cellPadding' does not exist on type 'ItemTableListColumn & { className?: string | undefined; containerClassName?: string | undefined; controls: ItemControls; type: TableColumn; }'.
src/renderer/components/item-list/item-table-list/item-table-list-column.tsx(1192,43): error TS2339: Property 'cellPadding' does not exist on type 'ItemTableListColumn & { className?: string | undefined; containerClassName?: string | undefined; controls: ItemControls; type: TableColumn; }'.
src/renderer/components/item-list/item-table-list/item-table-list-column.tsx(1193,43): error TS2339: Property 'cellPadding' does not exist on type 'ItemTableListColumn & { className?: string | undefined; containerClassName?: string | undefined; controls: ItemControls; type: TableColumn; }'.
src/renderer/components/item-list/item-table-list/item-table-list-column.tsx(1194,43): error TS2339: Property 'cellPadding' does not exist on type 'ItemTableListColumn & { className?: string | undefined; containerClassName?: string | undefined; controls: ItemControls; type: TableColumn; }'.
src/renderer/components/item-list/item-table-list/item-table-list-column.tsx(1197,26): error TS2339: Property 'style' does not exist on type 'ItemTableListColumn & { className?: string | undefined; containerClassName?: string | undefined; controls: ItemControls; type: TableColumn; }'.
src/renderer/components/item-list/item-table-list/item-table-list-column.tsx(1201,44): error TS2339: Property 'columns' does not exist on type 'ItemTableListColumn & { className?: string | undefined; containerClassName?: string | undefined; controls: ItemControls; type: TableColumn; }'.
src/renderer/components/item-list/item-table-list/item-table-list-column.tsx(1201,58): error TS2339: Property 'columnIndex' does not exist on type 'ItemTableListColumn & { className?: string | undefined; containerClassName?: string | undefined; controls: ItemControls; type: TableColumn; }'.
src/renderer/components/item-list/item-table-list/item-table-list-column.tsx(1202,42): error TS2339: Property 'columns' does not exist on type 'ItemTableListColumn & { className?: string | undefined; containerClassName?: string | undefined; controls: ItemControls; type: TableColumn; }'.
src/renderer/components/item-list/item-table-list/item-table-list-column.tsx(1202,56): error TS2339: Property 'columnIndex' does not exist on type 'ItemTableListColumn & { className?: string | undefined; containerClassName?: string | undefined; controls: ItemControls; type: TableColumn; }'.
src/renderer/components/item-list/item-table-list/item-table-list-column.tsx(1203,43): error TS2339: Property 'columns' does not exist on type 'ItemTableListColumn & { className?: string | undefined; containerClassName?: string | undefined; controls: ItemControls; type: TableColumn; }'.
src/renderer/components/item-list/item-table-list/item-table-list-column.tsx(1203,57): error TS2339: Property 'columnIndex' does not exist on type 'ItemTableListColumn & { className?: string | undefined; containerClassName?: string | undefined; controls: ItemControls; type: TableColumn; }'.
src/renderer/components/item-list/item-table-list/item-table-list-column.tsx(1209,46): error TS2339: Property 'enableColumnResize' does not exist on type 'ItemTableListColumn & { className?: string | undefined; containerClassName?: string | undefined; controls: ItemControls; type: TableColumn; }'.
src/renderer/components/item-list/item-table-list/item-table-list-column.tsx(1321,53): error TS2339: Property 'rowIndex' does not exist on type 'ItemTableListInnerColumn'.
src/renderer/components/item-list/item-table-list/item-table-list.tsx(20,47): error TS2307: Cannot find module 'react-window-v2' or its corresponding type declarations.
src/renderer/components/item-list/item-table-list/item-table-list.tsx(461,25): error TS2322: Type 'RefObject<HTMLDivElement | null>' is not assignable to type 'LegacyRef<HTMLDivElement> | undefined'.
  Type 'RefObject<HTMLDivElement | null>' is not assignable to type 'RefObject<HTMLDivElement>'.
    Type 'HTMLDivElement | null' is not assignable to type 'HTMLDivElement'.
      Type 'null' is not assignable to type 'HTMLDivElement'.
src/renderer/components/item-list/item-table-list/item-table-list.tsx(490,25): error TS2322: Type 'RefObject<HTMLDivElement | null>' is not assignable to type 'LegacyRef<HTMLDivElement> | undefined'.
  Type 'RefObject<HTMLDivElement | null>' is not assignable to type 'RefObject<HTMLDivElement>'.
    Type 'HTMLDivElement | null' is not assignable to type 'HTMLDivElement'.
      Type 'null' is not assignable to type 'HTMLDivElement'.
src/renderer/components/item-list/item-table-list/item-table-list.tsx(591,25): error TS2322: Type 'RefObject<HTMLDivElement | null>' is not assignable to type 'LegacyRef<HTMLDivElement> | undefined'.
  Type 'RefObject<HTMLDivElement | null>' is not assignable to type 'RefObject<HTMLDivElement>'.
    Type 'HTMLDivElement | null' is not assignable to type 'HTMLDivElement'.
      Type 'null' is not assignable to type 'HTMLDivElement'.
src/renderer/components/simple-item-table/simple-item-table.tsx(167,41): error TS2322: Type '{ ariaAttributes: { 'aria-colindex': number; role: string; }; columnIndex: number; controls: ItemControls; rowIndex: number; style: { width: number; }; type: TableColumn; ... 28 more ...; tableId: string; }' is not assignable to type 'IntrinsicAttributes & ItemTableListColumn & { className?: string | undefined; containerClassName?: string | undefined; controls: ItemControls; type: TableColumn; }'.
  Property 'ariaAttributes' does not exist on type 'IntrinsicAttributes & ItemTableListColumn & { className?: string | undefined; containerClassName?: string | undefined; controls: ItemControls; type: TableColumn; }'.
src/renderer/components/simple-item-table/simple-item-table.tsx(278,33): error TS2322: Type '{ ariaAttributes: { 'aria-colindex': number; role: string; }; columnIndex: number; rowIndex: number; style: { width: number; }; activeRowId?: string | undefined; adjustedRowIndexMap?: Map<number, number> | undefined; ... 27 more ...; tableId: string; }' is not assignable to type 'IntrinsicAttributes & ItemTableListColumn'.
  Property 'ariaAttributes' does not exist on type 'IntrinsicAttributes & ItemTableListColumn'.
src/renderer/features/albums/api/album-api.ts(1,10): error TS2724: '"@tanstack/react-query"' has no exported member named 'queryOptions'. Did you mean 'QueryOptions'?
src/renderer/features/albums/components/album-detail-content.tsx(331,44): error TS2339: Property 'id' does not exist on type '{}'.
src/renderer/features/albums/components/album-detail-content.tsx(331,67): error TS2339: Property 'id' does not exist on type '{}'.
src/renderer/features/albums/components/album-detail-content.tsx(332,43): error TS2339: Property 'albumArtists' does not exist on type '{}'.
src/renderer/features/albums/components/album-detail-content.tsx(334,47): error TS2339: Property 'albumArtists' does not exist on type '{}'.
src/renderer/features/albums/components/album-detail-content.tsx(335,43): error TS2339: Property 'albumArtists' does not exist on type '{}'.
src/renderer/features/albums/components/album-detail-content.tsx(345,44): error TS2339: Property 'id' does not exist on type '{}'.
src/renderer/features/albums/components/album-detail-content.tsx(345,67): error TS2339: Property 'id' does not exist on type '{}'.
src/renderer/features/albums/components/album-detail-content.tsx(346,43): error TS2339: Property 'genres' does not exist on type '{}'.
src/renderer/features/albums/components/album-detail-content.tsx(348,46): error TS2339: Property 'genres' does not exist on type '{}'.
src/renderer/features/albums/components/album-detail-content.tsx(349,43): error TS2339: Property 'genres' does not exist on type '{}'.
src/renderer/features/albums/components/album-detail-content.tsx(358,38): error TS2339: Property 'genres' does not exist on type '{}'.
src/renderer/features/albums/components/album-detail-content.tsx(363,40): error TS2339: Property 'comment' does not exist on type '{}'.
src/renderer/features/albums/components/album-detail-content.tsx(365,38): error TS2339: Property 'mbzId' does not exist on type '{}'.
src/renderer/features/albums/components/album-detail-content.tsx(377,45): error TS2339: Property 'songs' does not exist on type '{}'.
src/renderer/features/albums/components/album-detail-content.tsx(377,71): error TS2339: Property 'songs' does not exist on type '{}'.
src/renderer/features/albums/components/album-detail-content.tsx(378,76): error TS2339: Property 'songs' does not exist on type '{}'.
src/renderer/features/albums/components/album-detail-content.tsx(383,79): error TS2339: Property 'albumArtists' does not exist on type '{}'.
src/renderer/features/albums/components/album-detail-content.tsx(384,77): error TS2339: Property 'genres' does not exist on type '{}'.
src/renderer/features/albums/components/album-detail-content.tsx(385,48): error TS2322: Type 'unknown' is not assignable to type 'Album | undefined'.
src/renderer/features/albums/components/album-detail-content.tsx(387,65): error TS2339: Property 'albumArtist' does not exist on type '{}'.
src/renderer/features/albums/components/album-detail-content.tsx(388,63): error TS2339: Property 'name' does not exist on type '{}'.
src/renderer/features/albums/components/album-detail-header.tsx(3,24): error TS2305: Module '"react-router"' has no exported member 'Link'.
src/renderer/features/albums/components/album-detail-header.tsx(31,28): error TS2339: Property '_serverType' does not exist on type '{}'.
src/renderer/features/albums/components/album-detail-header.tsx(32,28): error TS2339: Property '_serverType' does not exist on type '{}'.
src/renderer/features/albums/components/album-detail-header.tsx(40,30): error TS2339: Property '_serverId' does not exist on type '{}'.
src/renderer/features/albums/components/album-detail-header.tsx(41,31): error TS2339: Property 'id' does not exist on type '{}'.
src/renderer/features/albums/components/album-detail-header.tsx(43,31): error TS2339: Property 'userFavorite' does not exist on type '{}'.
src/renderer/features/albums/components/album-detail-header.tsx(51,36): error TS2339: Property 'userRating' does not exist on type '{}'.
src/renderer/features/albums/components/album-detail-header.tsx(53,40): error TS2339: Property '_serverId' does not exist on type '{}'.
src/renderer/features/albums/components/album-detail-header.tsx(54,41): error TS2339: Property 'id' does not exist on type '{}'.
src/renderer/features/albums/components/album-detail-header.tsx(61,36): error TS2339: Property '_serverId' does not exist on type '{}'.
src/renderer/features/albums/components/album-detail-header.tsx(62,37): error TS2339: Property 'id' does not exist on type '{}'.
src/renderer/features/albums/components/album-detail-header.tsx(82,49): error TS2339: Property 'albumArtists' does not exist on type '{}'.
src/renderer/features/albums/components/album-detail-header.tsx(83,44): error TS2339: Property 'releaseYear' does not exist on type '{}'.
src/renderer/features/albums/components/album-detail-header.tsx(88,46): error TS2339: Property 'imageUrl' does not exist on type '{}'.
src/renderer/features/albums/components/album-detail-header.tsx(90,43): error TS2339: Property 'name' does not exist on type '{}'.
src/renderer/features/albums/components/album-detail-header.tsx(121,54): error TS2339: Property 'userFavorite' does not exist on type '{}'.
src/renderer/features/albums/components/album-detail-header.tsx(127,52): error TS2339: Property 'userRating' does not exist on type '{}'.
src/renderer/features/albums/components/album-infinite-carousel.tsx(1,10): error TS2724: '"@tanstack/react-query"' has no exported member named 'useSuspenseInfiniteQuery'. Did you mean 'useInfiniteQuery'?
src/renderer/features/albums/components/album-list-header.tsx(1,10): error TS2305: Module '"@tanstack/react-query"' has no exported member 'useSuspenseQuery'.
src/renderer/features/albums/components/album-list-infinite-grid.tsx(1,10): error TS2724: '"@tanstack/react-query"' has no exported member named 'UseSuspenseQueryOptions'. Did you mean 'UseBaseQueryOptions'?
src/renderer/features/albums/components/album-list-infinite-table.tsx(1,10): error TS2724: '"@tanstack/react-query"' has no exported member named 'UseSuspenseQueryOptions'. Did you mean 'UseBaseQueryOptions'?
src/renderer/features/albums/components/album-list-paginated-grid.tsx(1,10): error TS2724: '"@tanstack/react-query"' has no exported member named 'UseSuspenseQueryOptions'. Did you mean 'UseBaseQueryOptions'?
src/renderer/features/albums/components/album-list-paginated-table.tsx(1,10): error TS2724: '"@tanstack/react-query"' has no exported member named 'UseSuspenseQueryOptions'. Did you mean 'UseBaseQueryOptions'?
src/renderer/features/albums/components/emby-album-filters.tsx(6,36): error TS2307: Cannot find module '/@/renderer/features/artists/queries/album-artist-list-query' or its corresponding type declarations.
src/renderer/features/albums/components/emby-album-filters.tsx(7,30): error TS2307: Cannot find module '/@/renderer/features/genres' or its corresponding type declarations.
src/renderer/features/albums/components/emby-album-filters.tsx(8,28): error TS2307: Cannot find module '/@/renderer/features/tag/queries/use-tag-list' or its corresponding type declarations.
src/renderer/features/albums/components/emby-album-filters.tsx(9,10): error TS2305: Module '"/@/renderer/store"' has no exported member 'AlbumListFilter'.
src/renderer/features/albums/components/emby-album-filters.tsx(9,27): error TS2305: Module '"/@/renderer/store"' has no exported member 'useListFilterByKey'.
src/renderer/features/albums/components/emby-album-filters.tsx(9,47): error TS2724: '"/@/renderer/store"' has no exported member named 'useListStoreActions'. Did you mean 'useAuthStoreActions'?
src/renderer/features/albums/components/emby-album-filters.tsx(199,25): error TS2322: Type '(favorite?: boolean) => void' is not assignable to type '(value: string | null, option: ComboboxItem) => void'.
  Types of parameters 'favorite' and 'value' are incompatible.
    Type 'string | null' is not assignable to type 'boolean | undefined'.
      Type 'null' is not assignable to type 'boolean | undefined'.
src/renderer/features/albums/components/expanded-album-list-item.tsx(1,10): error TS2305: Module '"@tanstack/react-query"' has no exported member 'useSuspenseQuery'.
src/renderer/features/albums/components/jellyfin-album-filters.tsx(63,36): error TS2339: Property 'items' does not exist on type '{}'.
src/renderer/features/albums/components/jellyfin-album-filters.tsx(173,42): error TS2339: Property 'items' does not exist on type '{}'.
src/renderer/features/albums/components/jellyfin-album-filters.tsx(175,44): error TS2339: Property 'items' does not exist on type '{}'.
src/renderer/features/albums/components/jellyfin-album-filters.tsx(179,36): error TS2339: Property 'items' does not exist on type '{}'.
src/renderer/features/albums/components/jellyfin-album-filters.tsx(247,30): error TS2339: Property 'boolTags' does not exist on type '{}'.
src/renderer/features/albums/components/jellyfin-album-filters.tsx(247,57): error TS2339: Property 'boolTags' does not exist on type '{}'.
src/renderer/features/albums/components/jellyfin-album-filters.tsx(250,42): error TS2339: Property 'boolTags' does not exist on type '{}'.
src/renderer/features/albums/components/jellyfin-album-filters.tsx(251,66): error TS2339: Property 'boolTags' does not exist on type '{}'.
src/renderer/features/albums/components/navidrome-album-filters.tsx(1,20): error TS2305: Module '"@tanstack/react-query"' has no exported member 'useSuspenseQuery'.
src/renderer/features/albums/components/navidrome-album-filters.tsx(143,42): error TS2339: Property 'items' does not exist on type '{}'.
src/renderer/features/albums/components/navidrome-album-filters.tsx(145,44): error TS2339: Property 'items' does not exist on type '{}'.
src/renderer/features/albums/components/navidrome-album-filters.tsx(149,36): error TS2339: Property 'items' does not exist on type '{}'.
src/renderer/features/albums/components/subsonic-album-filters.tsx(1,10): error TS2305: Module '"@tanstack/react-query"' has no exported member 'useSuspenseQuery'.
src/renderer/features/albums/context/album-list-context.tsx(3,10): error TS2305: Module '"/@/renderer/store"' has no exported member 'ListKey'.
src/renderer/features/albums/hooks/use-album-list-filters.ts(2,10): error TS2305: Module '"react-router"' has no exported member 'useSearchParams'.
src/renderer/features/albums/routes/album-detail-route.tsx(39,32): error TS2339: Property 'imageUrl' does not exist on type '{}'.
src/renderer/features/albums/routes/album-detail-route.tsx(60,53): error TS2339: Property 'name' does not exist on type '{}'.
src/renderer/features/albums/routes/album-detail-route.tsx(73,53): error TS2339: Property 'imageUrl' does not exist on type '{}'.
src/renderer/features/albums/routes/dummy-album-detail-route.tsx(4,24): error TS2305: Module '"react-router"' has no exported member 'Link'.
src/renderer/features/albums/routes/dummy-album-detail-route.tsx(176,64): error TS2339: Property 'isPending' does not exist on type 'UseMutationResult<FavoriteResponse, AxiosError<unknown, any>, FavoriteArgs, PreviousQueryData[]>'.
  Property 'isPending' does not exist on type 'Override<MutationObserverIdleResult<FavoriteResponse, AxiosError<unknown, any>, FavoriteArgs, PreviousQueryData[]>, { ...; }> & { ...; }'.
src/renderer/features/albums/routes/dummy-album-detail-route.tsx(177,64): error TS2339: Property 'isPending' does not exist on type 'UseMutationResult<FavoriteResponse, AxiosError<unknown, any>, FavoriteArgs, PreviousQueryData[]>'.
  Property 'isPending' does not exist on type 'Override<MutationObserverIdleResult<FavoriteResponse, AxiosError<unknown, any>, FavoriteArgs, PreviousQueryData[]>, { ...; }> & { ...; }'.
src/renderer/features/albums/routes/dummy-album-detail-route.tsx(214,30): error TS2739: Type '{ children: ReactNode[]; maxHeight: number; }' is missing the following properties from type 'SpoilerProps': hideLabel, showLabel
src/renderer/features/analytics/hooks/use-app-tracker.ts(1,10): error TS2724: '"@tanstack/react-query"' has no exported member named 'mutationOptions'. Did you mean 'MutationOptions'?
src/renderer/features/analytics/hooks/use-app-tracker.ts(214,34): error TS2345: Argument of type 'AppTrackerProperties' is not assignable to parameter of type 'void'.
src/renderer/features/analytics/hooks/use-page-tracker.ts(1,10): error TS2724: '"@tanstack/react-query"' has no exported member named 'mutationOptions'. Did you mean 'MutationOptions'?
src/renderer/features/analytics/hooks/use-page-tracker.ts(29,31): error TS2345: Argument of type 'string' is not assignable to parameter of type 'void'.
src/renderer/features/artists/api/artists-api.ts(1,10): error TS2724: '"@tanstack/react-query"' has no exported member named 'queryOptions'. Did you mean 'QueryOptions'?
src/renderer/features/artists/components/album-artist-detail-content.tsx(1,20): error TS2305: Module '"@tanstack/react-query"' has no exported member 'useSuspenseQuery'.
src/renderer/features/artists/components/album-artist-detail-content.tsx(4,10): error TS2305: Module '"react-router"' has no exported member 'createSearchParams'.
src/renderer/features/artists/components/album-artist-detail-content.tsx(4,44): error TS2305: Module '"react-router"' has no exported member 'Link'.
src/renderer/features/artists/components/album-artist-detail-content.tsx(178,14): error TS2739: Type '{ children: Element; maxHeight: number; }' is missing the following properties from type 'SpoilerProps': hideLabel, showLabel
src/renderer/features/artists/components/album-artist-detail-content.tsx(654,51): error TS2339: Property 'items' does not exist on type '{}'.
src/renderer/features/artists/components/album-artist-detail-content.tsx(658,33): error TS2322: Type 'UseQueryResult<unknown, unknown>' is not assignable to type 'UseQueryResult<TopSongListResponse, unknown>'.
  Type 'QueryObserverRefetchErrorResult<unknown, unknown>' is not assignable to type 'UseQueryResult<TopSongListResponse, unknown>'.
    Type 'QueryObserverRefetchErrorResult<unknown, unknown>' is not assignable to type 'QueryObserverRefetchErrorResult<TopSongListResponse, unknown>'.
      Type 'unknown' is not assignable to type 'TopSongListResponse'.
src/renderer/features/artists/components/album-artist-detail-header.tsx(33,43): error TS2339: Property 'albumCount' does not exist on type '{}'.
src/renderer/features/artists/components/album-artist-detail-header.tsx(34,42): error TS2339: Property 'songCount' does not exist on type '{}'.
src/renderer/features/artists/components/album-artist-detail-header.tsx(35,41): error TS2339: Property 'duration' does not exist on type '{}'.
src/renderer/features/artists/components/album-artist-detail-header.tsx(64,30): error TS2339: Property 'userRating' does not exist on type '{}'.
src/renderer/features/artists/components/album-artist-detail-header.tsx(66,34): error TS2339: Property '_serverId' does not exist on type '{}'.
src/renderer/features/artists/components/album-artist-detail-header.tsx(67,35): error TS2339: Property 'id' does not exist on type '{}'.
src/renderer/features/artists/components/album-artist-detail-header.tsx(74,30): error TS2339: Property '_serverId' does not exist on type '{}'.
src/renderer/features/artists/components/album-artist-detail-header.tsx(75,31): error TS2339: Property 'id' does not exist on type '{}'.
src/renderer/features/artists/components/album-artist-detail-header.tsx(81,43): error TS2339: Property '_serverType' does not exist on type '{}'.
src/renderer/features/artists/components/album-artist-detail-header.tsx(85,42): error TS2339: Property 'imageUrl' does not exist on type '{}'.
src/renderer/features/artists/components/album-artist-detail-header.tsx(88,39): error TS2339: Property 'name' does not exist on type '{}'.
src/renderer/features/artists/components/album-artist-detail-header.tsx(106,59): error TS2339: Property 'userRating' does not exist on type '{}'.
src/renderer/features/artists/components/album-artist-infinite-carousel.tsx(1,10): error TS2724: '"@tanstack/react-query"' has no exported member named 'useSuspenseInfiniteQuery'. Did you mean 'useInfiniteQuery'?
src/renderer/features/artists/components/album-artist-list-infinite-grid.tsx(1,10): error TS2724: '"@tanstack/react-query"' has no exported member named 'UseSuspenseQueryOptions'. Did you mean 'UseBaseQueryOptions'?
src/renderer/features/artists/components/album-artist-list-infinite-table.tsx(1,10): error TS2724: '"@tanstack/react-query"' has no exported member named 'UseSuspenseQueryOptions'. Did you mean 'UseBaseQueryOptions'?
src/renderer/features/artists/components/album-artist-list-paginated-grid.tsx(1,10): error TS2724: '"@tanstack/react-query"' has no exported member named 'UseSuspenseQueryOptions'. Did you mean 'UseBaseQueryOptions'?
src/renderer/features/artists/components/album-artist-list-paginated-table.tsx(1,10): error TS2724: '"@tanstack/react-query"' has no exported member named 'UseSuspenseQueryOptions'. Did you mean 'UseBaseQueryOptions'?
src/renderer/features/artists/components/artist-list-header-filters.tsx(37,17): error TS2322: Type 'unknown' is not assignable to type 'string | number | boolean | ReactElement<any, string | JSXElementConstructor<any>> | Iterable<ReactNode> | ReactPortal | null | undefined'.
src/renderer/features/artists/components/artist-list-header-filters.tsx(37,53): error TS2339: Property 'length' does not exist on type '{}'.
src/renderer/features/artists/components/artist-list-header-filters.tsx(41,29): error TS2740: Type '{}' is missing the following properties from type 'SelectOption[]': length, pop, push, concat, and 35 more.
src/renderer/features/artists/components/artist-list-infinite-grid.tsx(1,10): error TS2724: '"@tanstack/react-query"' has no exported member named 'UseSuspenseQueryOptions'. Did you mean 'UseBaseQueryOptions'?
src/renderer/features/artists/components/artist-list-infinite-table.tsx(1,10): error TS2724: '"@tanstack/react-query"' has no exported member named 'UseSuspenseQueryOptions'. Did you mean 'UseBaseQueryOptions'?
src/renderer/features/artists/components/artist-list-paginated-grid.tsx(1,10): error TS2724: '"@tanstack/react-query"' has no exported member named 'UseSuspenseQueryOptions'. Did you mean 'UseBaseQueryOptions'?
src/renderer/features/artists/components/artist-list-paginated-table.tsx(1,10): error TS2724: '"@tanstack/react-query"' has no exported member named 'UseSuspenseQueryOptions'. Did you mean 'UseBaseQueryOptions'?
src/renderer/features/artists/routes/album-artist-detail-route.tsx(1,10): error TS2305: Module '"@tanstack/react-query"' has no exported member 'useSuspenseQuery'.
src/renderer/features/artists/routes/album-artist-detail-top-songs-list-route.tsx(41,54): error TS2339: Property 'name' does not exist on type '{}'.
src/renderer/features/artists/routes/album-artist-detail-top-songs-list-route.tsx(42,49): error TS2339: Property 'name' does not exist on type '{}'.
src/renderer/features/artists/routes/album-artist-detail-top-songs-list-route.tsx(47,44): error TS2339: Property 'items' does not exist on type '{}'.
src/renderer/features/artists/routes/album-artist-detail-top-songs-list-route.tsx(48,54): error TS2339: Property 'items' does not exist on type '{}'.
src/renderer/features/artists/routes/album-artist-detail-top-songs-list-route.tsx(48,89): error TS2339: Property 'items' does not exist on type '{}'.
src/renderer/features/artists/routes/album-artist-detail-top-songs-list-route.tsx(100,55): error TS2339: Property 'name' does not exist on type '{}'.
src/renderer/features/artists/routes/album-artist-detail-top-songs-list-route.tsx(115,51): error TS2339: Property 'name' does not exist on type '{}'.
src/renderer/features/context-menu/actions/add-to-playlist-action.tsx(61,44): error TS2339: Property 'items' does not exist on type '{}'.
src/renderer/features/context-menu/actions/add-to-playlist-action.tsx(82,52): error TS18046: 'result.item' is of type 'unknown'.
src/renderer/features/context-menu/actions/add-to-playlist-action.tsx(101,58): error TS18046: 'p' is of type 'unknown'.
src/renderer/features/context-menu/actions/add-to-playlist-action.tsx(179,52): error TS2339: Property 'items' does not exist on type '{}'.
src/renderer/features/context-menu/actions/add-to-playlist-action.tsx(187,52): error TS2339: Property 'items' does not exist on type '{}'.
src/renderer/features/context-menu/actions/add-to-playlist-action.tsx(195,52): error TS2339: Property 'items' does not exist on type '{}'.
src/renderer/features/context-menu/actions/add-to-playlist-action.tsx(343,13): error TS2353: Object literal may only specify known properties, and 'modalKey' does not exist in type 'OpenContextModal<any> & { modal: string; } & DataAttributes'.
src/renderer/features/context-menu/actions/share-action.tsx(39,13): error TS2353: Object literal may only specify known properties, and 'modalKey' does not exist in type 'OpenContextModal<any> & { modal: string; } & DataAttributes'.
src/renderer/features/context-menu/context-menu-controller.tsx(3,32): error TS2307: Cannot find module 'react-call' or its corresponding type declarations.
src/renderer/features/favorites/routes/favorites-route.tsx(2,10): error TS2305: Module '"react-router"' has no exported member 'useSearchParams'.
src/renderer/features/folders/api/folder-api.ts(1,10): error TS2724: '"@tanstack/react-query"' has no exported member named 'queryOptions'. Did you mean 'QueryOptions'?
src/renderer/features/folders/components/folder-list-content.tsx(1,36): error TS2305: Module '"@tanstack/react-query"' has no exported member 'useSuspenseQuery'.
src/renderer/features/folders/components/folder-list-content.tsx(75,36): error TS2322: Type '(folderId: string) => Promise<unknown>' is not assignable to type '(folderId: string) => Promise<Folder>'.
  Type 'Promise<unknown>' is not assignable to type 'Promise<Folder>'.
    Type 'unknown' is not assignable to type 'Folder'.
src/renderer/features/folders/components/folder-list-content.tsx(75,62): error TS2322: Type 'UseQueryResult<unknown, unknown>' is not assignable to type 'UseQueryResult<Folder, Error>'.
  Type 'QueryObserverRefetchErrorResult<unknown, unknown>' is not assignable to type 'UseQueryResult<Folder, Error>'.
    Type 'QueryObserverRefetchErrorResult<unknown, unknown>' is not assignable to type 'QueryObserverRefetchErrorResult<Folder, Error>'.
      Type 'unknown' is not assignable to type 'Folder'.
src/renderer/features/folders/components/folder-tree-browser.tsx(5,41): error TS2307: Cannot find module 'react-window-v2' or its corresponding type declarations.
src/renderer/features/folders/hooks/use-folder-list-filters.ts(2,10): error TS2305: Module '"react-router"' has no exported member 'useSearchParams'.
src/renderer/features/genres/api/genres-api.ts(1,10): error TS2724: '"@tanstack/react-query"' has no exported member named 'queryOptions'. Did you mean 'QueryOptions'?
src/renderer/features/genres/api/genres-api.ts(1,24): error TS2305: Module '"@tanstack/react-query"' has no exported member 'useSuspenseQuery'.
src/renderer/features/genres/components/genre-list-infinite-grid.tsx(1,10): error TS2724: '"@tanstack/react-query"' has no exported member named 'UseSuspenseQueryOptions'. Did you mean 'UseBaseQueryOptions'?
src/renderer/features/genres/components/genre-list-infinite-table.tsx(1,10): error TS2724: '"@tanstack/react-query"' has no exported member named 'UseSuspenseQueryOptions'. Did you mean 'UseBaseQueryOptions'?
src/renderer/features/genres/components/genre-list-paginated-grid.tsx(1,10): error TS2724: '"@tanstack/react-query"' has no exported member named 'UseSuspenseQueryOptions'. Did you mean 'UseBaseQueryOptions'?
src/renderer/features/genres/components/genre-list-paginated-table.tsx(1,10): error TS2724: '"@tanstack/react-query"' has no exported member named 'UseSuspenseQueryOptions'. Did you mean 'UseBaseQueryOptions'?
src/renderer/features/home/api/home-api.ts(1,10): error TS2724: '"@tanstack/react-query"' has no exported member named 'queryOptions'. Did you mean 'QueryOptions'?
src/renderer/features/home/components/album-infinite-feature-carousel.tsx(1,10): error TS2724: '"@tanstack/react-query"' has no exported member named 'useSuspenseInfiniteQuery'. Did you mean 'useInfiniteQuery'?
src/renderer/features/home/components/featured-genres.tsx(1,26): error TS2305: Module '"@tanstack/react-query"' has no exported member 'useSuspenseQuery'.
src/renderer/features/home/components/featured-genres.tsx(5,24): error TS2305: Module '"react-router"' has no exported member 'Link'.
src/renderer/features/home/components/featured-genres.tsx(156,17): error TS2769: No overload matches this call.
  Overload 1 of 3, '(options: FetchQueryOptions<SongListResponse, unknown, SongListResponse, QueryKey>): Promise<SongListResponse>', gave the following error.
    Object literal may only specify known properties, and 'gcTime' does not exist in type 'FetchQueryOptions<SongListResponse, unknown, SongListResponse, QueryKey>'.
  Overload 2 of 3, '(queryKey: QueryKey, options?: FetchQueryOptions<unknown, unknown, unknown, QueryKey> | undefined): Promise<unknown>', gave the following error.
    Object literal may only specify known properties, and 'gcTime' does not exist in type 'readonly unknown[]'.
src/renderer/features/home/queries/recently-played-query.ts(29,21): error TS2741: Property 'serverId' is missing in type '{ server: ServerListItemWithCredential; signal: AbortSignal | undefined; }' but required in type '{ server?: ServerListItemWithCredential | null | undefined; serverId: string; signal?: AbortSignal | undefined; }'.
src/renderer/features/home/queries/recently-played-query.ts(39,17): error TS2741: Property 'serverId' is missing in type '{ server: ServerListItemWithCredential; signal: AbortSignal | undefined; }' but required in type '{ server?: ServerListItemWithCredential | null | undefined; serverId: string; signal?: AbortSignal | undefined; }'.
src/renderer/features/item-details/components/item-details-modal.tsx(4,24): error TS2305: Module '"react-router"' has no exported member 'Link'.
src/renderer/features/item-details/components/item-details-modal.tsx(42,27): error TS2315: Type 'TFunction' is not generic.
src/renderer/features/item-details/components/item-details-modal.tsx(46,8): error TS2315: Type 'TFunction' is not generic.
src/renderer/features/item-details/components/item-details-modal.tsx(101,21): error TS2739: Type '{ children: ReactNode[]; maxHeight: number; }' is missing the following properties from type 'SpoilerProps': hideLabel, showLabel
src/renderer/features/item-details/components/item-details-modal.tsx(231,18): error TS2739: Type '{ children: Element; maxHeight: number; }' is missing the following properties from type 'SpoilerProps': hideLabel, showLabel
src/renderer/features/item-details/components/item-details-modal.tsx(368,31): error TS2322: Type 'TFunctionResult' is not assignable to type 'ReactI18NextChild | Iterable<ReactI18NextChild>'.
  Type 'object' is not assignable to type 'ReactI18NextChild | Iterable<ReactI18NextChild>'.
src/renderer/features/item-details/components/item-details-modal.tsx(396,25): error TS2322: Type 'TFunctionResult' is not assignable to type 'ReactI18NextChild | Iterable<ReactI18NextChild>'.
  Type 'object' is not assignable to type 'ReactI18NextChild | Iterable<ReactI18NextChild>'.
src/renderer/features/login/routes/login-route.tsx(32,7): error TS2741: Property '[ServerType.EMBY]' is missing in type '{ jellyfin: string; navidrome: string; subsonic: string; }' but required in type 'Record<ServerType, string>'.
src/renderer/features/login/routes/login-route.tsx(38,7): error TS2741: Property '[ServerType.EMBY]' is missing in type '{ jellyfin: string; navidrome: string; subsonic: string; }' but required in type 'Record<ServerType, string>'.
src/renderer/features/lyrics/api/lyrics-api.ts(1,10): error TS2724: '"@tanstack/react-query"' has no exported member named 'queryOptions'. Did you mean 'QueryOptions'?
src/renderer/features/lyrics/components/lyrics-search-form.tsx(126,52): error TS2339: Property 'forEach' does not exist on type 'never'.
src/renderer/features/lyrics/lyrics.tsx(81,26): error TS2339: Property 'offsetMs' does not exist on type '{}'.
src/renderer/features/lyrics/lyrics.tsx(82,25): error TS2339: Property 'offsetMs' does not exist on type '{}'.
src/renderer/features/lyrics/lyrics.tsx(92,17): error TS2322: Type '{}' is not assignable to type 'LyricsResponse'.
src/renderer/features/lyrics/lyrics.tsx(107,26): error TS2339: Property 'lyrics' does not exist on type '{}'.
src/renderer/features/lyrics/lyrics.tsx(108,46): error TS2339: Property 'lyrics' does not exist on type '{}'.
src/renderer/features/lyrics/lyrics.tsx(123,17): error TS2322: Type '{}' is not assignable to type 'LyricsResponse'.
src/renderer/features/lyrics/queries/lyric-query.ts(78,47): error TS2741: Property 'serverId' is missing in type '{ server: ServerListItemWithCredential; signal: AbortSignal | undefined; }' but required in type '{ server?: ServerListItemWithCredential | null | undefined; serverId: string; signal?: AbortSignal | undefined; }'.
src/renderer/features/lyrics/queries/lyric-query.ts(90,40): error TS2551: Property 'serverId' does not exist on type 'QueueSong'. Did you mean '_serverId'?
src/renderer/features/lyrics/queries/lyric-query.ts(109,25): error TS2741: Property 'serverId' is missing in type '{ server: ServerListItemWithCredential; signal: AbortSignal | undefined; }' but required in type '{ server?: ServerListItemWithCredential | null | undefined; serverId: string; signal?: AbortSignal | undefined; }'.
src/renderer/features/lyrics/queries/lyric-query.ts(126,25): error TS2741: Property 'serverId' is missing in type '{ server: ServerListItemWithCredential; signal: AbortSignal | undefined; }' but required in type '{ server?: ServerListItemWithCredential | null | undefined; serverId: string; signal?: AbortSignal | undefined; }'.
src/renderer/features/lyrics/queries/lyric-query.ts(137,25): error TS2741: Property 'serverId' is missing in type '{ server: ServerListItemWithCredential; signal: AbortSignal | undefined; }' but required in type '{ server?: ServerListItemWithCredential | null | undefined; serverId: string; signal?: AbortSignal | undefined; }'.
src/renderer/features/now-playing/components/popover-play-queue.tsx(37,25): error TS2322: Type 'TFunctionResult' is not assignable to type 'ReactNode'.
  Type 'object' is not assignable to type 'ReactNode'.
src/renderer/features/now-playing/components/sidebar-play-queue.tsx(71,36): error TS2339: Property 'lyrics' does not exist on type '{}'.
src/renderer/features/player/audio-player/engine/mpv-player-engine.tsx(277,71): error TS2345: Argument of type 'RefObject<MpvPlayerEngineHandle | null>' is not assignable to parameter of type 'Ref<MpvPlayerEngineHandle> | undefined'.
  Type 'RefObject<MpvPlayerEngineHandle | null>' is not assignable to type 'RefObject<MpvPlayerEngineHandle>'.
    Type 'MpvPlayerEngineHandle | null' is not assignable to type 'MpvPlayerEngineHandle'.
      Type 'null' is not assignable to type 'MpvPlayerEngineHandle'.
src/renderer/features/player/audio-player/engine/wavesurfer-player-engine.tsx(2,29): error TS2307: Cannot find module 'wavesurfer.js' or its corresponding type declarations.
src/renderer/features/player/audio-player/engine/wavesurfer-player-engine.tsx(4,31): error TS2307: Cannot find module '@wavesurfer/react' or its corresponding type declarations.
src/renderer/features/player/audio-player/engine/wavesurfer-player-engine.tsx(210,9): error TS2345: Argument of type 'RefObject<WaveSurferPlayerEngineHandle | null>' is not assignable to parameter of type 'Ref<WaveSurferPlayerEngineHandle> | undefined'.
  Type 'RefObject<WaveSurferPlayerEngineHandle | null>' is not assignable to type 'RefObject<WaveSurferPlayerEngineHandle>'.
    Type 'WaveSurferPlayerEngineHandle | null' is not assignable to type 'WaveSurferPlayerEngineHandle'.
      Type 'null' is not assignable to type 'WaveSurferPlayerEngineHandle'.
src/renderer/features/player/audio-player/engine/web-player-engine.tsx(76,71): error TS2345: Argument of type 'RefObject<WebPlayerEngineHandle | null>' is not assignable to parameter of type 'Ref<WebPlayerEngineHandle> | undefined'.
  Type 'RefObject<WebPlayerEngineHandle | null>' is not assignable to type 'RefObject<WebPlayerEngineHandle>'.
    Type 'WebPlayerEngineHandle | null' is not assignable to type 'WebPlayerEngineHandle'.
      Type 'null' is not assignable to type 'WebPlayerEngineHandle'.
src/renderer/features/player/audio-player/utils/list-handlers.ts(82,14): error TS2678: Type '"dipped"' is not comparable to type 'CrossfadeStyle'.
src/renderer/features/player/audio-player/utils/list-handlers.ts(97,17): error TS2367: This comparison appears to be unintentional because the types 'CrossfadeStyle' and '"constantPower"' have no overlap.
src/renderer/features/player/audio-player/utils/list-handlers.ts(99,23): error TS2367: This comparison appears to be unintentional because the types 'CrossfadeStyle' and '"constantPowerSlowFade"' have no overlap.
src/renderer/features/player/audio-player/utils/list-handlers.ts(101,25): error TS2367: This comparison appears to be unintentional because the types 'CrossfadeStyle' and '"constantPowerSlowCut"' have no overlap.
src/renderer/features/player/audio-player/wavesurfer-player.tsx(2,29): error TS2307: Cannot find module 'wavesurfer.js' or its corresponding type declarations.
src/renderer/features/player/components/full-screen-player-image.tsx(5,10): error TS2305: Module '"react-router"' has no exported member 'Link'.
src/renderer/features/player/components/left-controls.tsx(5,24): error TS2305: Module '"react-router"' has no exported member 'Link'.
src/renderer/features/player/components/mobile-playerbar.tsx(5,24): error TS2305: Module '"react-router"' has no exported member 'Link'.
src/renderer/features/player/components/playerbar-waveform.tsx(1,31): error TS2307: Cannot find module '@wavesurfer/react' or its corresponding type declarations.
src/renderer/features/player/components/right-controls.tsx(180,17): error TS2322: Type 'TFunctionResult' is not assignable to type 'ReactNode'.
  Type 'object' is not assignable to type 'ReactNode'.
src/renderer/features/player/components/right-controls.tsx(263,17): error TS2322: Type 'TFunctionResult' is not assignable to type 'ReactNode'.
  Type 'object' is not assignable to type 'ReactNode'.
src/renderer/features/player/components/right-controls.tsx(416,21): error TS2322: Type 'string | number | object | null | undefined' is not assignable to type 'ReactNode'.
  Type 'object' is not assignable to type 'ReactNode'.
src/renderer/features/player/components/shuffle-all-modal.tsx(2,10): error TS2724: '"@tanstack/react-query"' has no exported member named 'queryOptions'. Did you mean 'QueryOptions'?
src/renderer/features/player/components/shuffle-all-modal.tsx(95,22): error TS2540: Cannot assign to 'current' because it is a read-only property.
src/renderer/features/player/components/shuffle-all-modal.tsx(99,32): error TS2339: Property 'items' does not exist on type '{}'.
src/renderer/features/player/components/shuffle-all-modal.tsx(192,9): error TS2353: Object literal may only specify known properties, and 'modalKey' does not exist in type 'OpenContextModal<any> & { modal: string; } & DataAttributes'.
src/renderer/features/player/context/player-context.tsx(277,21): error TS2769: No overload matches this call.
  Overload 1 of 3, '(options: FetchQueryOptions<Song[], unknown, Song[], QueryKey>): Promise<Song[]>', gave the following error.
    Object literal may only specify known properties, and 'gcTime' does not exist in type 'FetchQueryOptions<Song[], unknown, Song[], QueryKey>'.
  Overload 2 of 3, '(queryKey: QueryKey, options?: FetchQueryOptions<unknown, unknown, unknown, QueryKey> | undefined): Promise<unknown>', gave the following error.
    Object literal may only specify known properties, and 'gcTime' does not exist in type 'readonly unknown[]'.
src/renderer/features/player/context/player-context.tsx(940,27): error TS18046: 'albumSongsResponse' is of type 'unknown'.
src/renderer/features/player/context/player-context.tsx(951,27): error TS18046: 'albumArtistSongsResponse' is of type 'unknown'.
src/renderer/features/player/context/player-context.tsx(962,27): error TS18046: 'artistSongsResponse' is of type 'unknown'.
src/renderer/features/player/context/player-context.tsx(993,21): error TS2345: Argument of type 'Promise<unknown>' is not assignable to parameter of type 'Promise<PlaylistSongListResponse>'.
  Type 'unknown' is not assignable to type 'PlaylistSongListResponse'.
src/renderer/features/player/hooks/use-auto-dj.ts(79,48): error TS18046: 'similarSongs' is of type 'unknown'.
src/renderer/features/player/hooks/use-auto-dj.ts(104,36): error TS18046: 'genreSimilarSongs' is of type 'unknown'.
src/renderer/features/player/hooks/use-auto-dj.ts(134,36): error TS18046: 'albumArtistSimilarSongs' is of type 'unknown'.
src/renderer/features/player/hooks/use-auto-dj.ts(151,32): error TS18046: 'randomSongs' is of type 'unknown'.
src/renderer/features/player/hooks/use-auto-dj.ts(162,45): error TS2345: Argument of type 'unknown[]' is not assignable to parameter of type 'Song[]'.
  Type 'unknown' is not assignable to type 'Song'.
src/renderer/features/player/utils.ts(36,9): error TS2769: No overload matches this call.
  Overload 1 of 3, '(options: FetchQueryOptions<SongListResponse, unknown, SongListResponse, QueryKey>): Promise<SongListResponse>', gave the following error.
    Object literal may only specify known properties, and 'gcTime' does not exist in type 'FetchQueryOptions<SongListResponse, unknown, SongListResponse, QueryKey>'.
  Overload 2 of 3, '(queryKey: QueryKey, options?: FetchQueryOptions<unknown, unknown, unknown, QueryKey> | undefined): Promise<unknown>', gave the following error.
    Object literal may only specify known properties, and 'gcTime' does not exist in type 'readonly unknown[]'.
src/renderer/features/player/utils.ts(50,13): error TS2339: Property 'items' does not exist on type '{}'.
src/renderer/features/player/utils.ts(51,17): error TS2339: Property 'items' does not exist on type '{}'.
src/renderer/features/player/utils.ts(80,9): error TS2769: No overload matches this call.
  Overload 1 of 3, '(options: FetchQueryOptions<SongListResponse, unknown, SongListResponse, QueryKey>): Promise<SongListResponse>', gave the following error.
    Object literal may only specify known properties, and 'gcTime' does not exist in type 'FetchQueryOptions<SongListResponse, unknown, SongListResponse, QueryKey>'.
  Overload 2 of 3, '(queryKey: QueryKey, options?: FetchQueryOptions<unknown, unknown, unknown, QueryKey> | undefined): Promise<unknown>', gave the following error.
    Object literal may only specify known properties, and 'gcTime' does not exist in type 'readonly unknown[]'.
src/renderer/features/player/utils.ts(122,13): error TS2769: No overload matches this call.
  Overload 1 of 3, '(options: FetchQueryOptions<SongListResponse, unknown, SongListResponse, QueryKey>): Promise<SongListResponse>', gave the following error.
    Object literal may only specify known properties, and 'gcTime' does not exist in type 'FetchQueryOptions<SongListResponse, unknown, SongListResponse, QueryKey>'.
  Overload 2 of 3, '(queryKey: QueryKey, options?: FetchQueryOptions<unknown, unknown, unknown, QueryKey> | undefined): Promise<unknown>', gave the following error.
    Object literal may only specify known properties, and 'gcTime' does not exist in type 'readonly unknown[]'.
src/renderer/features/player/utils.ts(135,33): error TS2339: Property 'items' does not exist on type '{}'.
src/renderer/features/player/utils.ts(137,43): error TS2339: Property 'totalRecordCount' does not exist on type '{}'.
src/renderer/features/player/utils.ts(164,9): error TS2769: No overload matches this call.
  Overload 1 of 3, '(options: FetchQueryOptions<SongListResponse, unknown, SongListResponse, QueryKey>): Promise<SongListResponse>', gave the following error.
    Object literal may only specify known properties, and 'gcTime' does not exist in type 'FetchQueryOptions<SongListResponse, unknown, SongListResponse, QueryKey>'.
  Overload 2 of 3, '(queryKey: QueryKey, options?: FetchQueryOptions<unknown, unknown, unknown, QueryKey> | undefined): Promise<unknown>', gave the following error.
    Object literal may only specify known properties, and 'gcTime' does not exist in type 'readonly unknown[]'.
src/renderer/features/player/utils.ts(199,9): error TS2769: No overload matches this call.
  Overload 1 of 3, '(options: FetchQueryOptions<SongListResponse, unknown, SongListResponse, QueryKey>): Promise<SongListResponse>', gave the following error.
    Object literal may only specify known properties, and 'gcTime' does not exist in type 'FetchQueryOptions<SongListResponse, unknown, SongListResponse, QueryKey>'.
  Overload 2 of 3, '(queryKey: QueryKey, options?: FetchQueryOptions<unknown, unknown, unknown, QueryKey> | undefined): Promise<unknown>', gave the following error.
    Object literal may only specify known properties, and 'gcTime' does not exist in type 'readonly unknown[]'.
src/renderer/features/player/utils.ts(232,9): error TS2769: No overload matches this call.
  Overload 1 of 3, '(options: FetchQueryOptions<SongListResponse, unknown, SongListResponse, QueryKey>): Promise<SongListResponse>', gave the following error.
    Object literal may only specify known properties, and 'gcTime' does not exist in type 'FetchQueryOptions<SongListResponse, unknown, SongListResponse, QueryKey>'.
  Overload 2 of 3, '(queryKey: QueryKey, options?: FetchQueryOptions<unknown, unknown, unknown, QueryKey> | undefined): Promise<unknown>', gave the following error.
    Object literal may only specify known properties, and 'gcTime' does not exist in type 'readonly unknown[]'.
src/renderer/features/player/utils.ts(273,13): error TS18046: 'folder' is of type 'unknown'.
src/renderer/features/player/utils.ts(274,33): error TS18046: 'folder' is of type 'unknown'.
src/renderer/features/player/utils.ts(277,13): error TS18046: 'folder' is of type 'unknown'.
src/renderer/features/player/utils.ts(278,37): error TS18046: 'folder' is of type 'unknown'.
src/renderer/features/player/utils.ts(315,9): error TS2769: No overload matches this call.
  Overload 1 of 3, '(options: FetchQueryOptions<Song, unknown, Song, QueryKey>): Promise<Song>', gave the following error.
    Object literal may only specify known properties, and 'gcTime' does not exist in type 'FetchQueryOptions<Song, unknown, Song, QueryKey>'.
  Overload 2 of 3, '(queryKey: QueryKey, options?: FetchQueryOptions<unknown, unknown, unknown, QueryKey> | undefined): Promise<unknown>', gave the following error.
    Object literal may only specify known properties, and 'gcTime' does not exist in type 'readonly unknown[]'.
src/renderer/features/player/utils.ts(331,17): error TS2740: Type '{}' is missing the following properties from type 'Song': _itemType, _serverId, _serverType, album, and 39 more.
src/renderer/features/playlists/api/playlists-api.ts(1,10): error TS2724: '"@tanstack/react-query"' has no exported member named 'queryOptions'. Did you mean 'QueryOptions'?
src/renderer/features/playlists/components/add-to-playlist-context-modal.tsx(100,51): error TS2339: Property 'items' does not exist on type '{}'.
src/renderer/features/playlists/components/add-to-playlist-context-modal.tsx(164,48): error TS2339: Property 'items' does not exist on type '{}'.
src/renderer/features/playlists/components/add-to-playlist-context-modal.tsx(171,48): error TS2339: Property 'items' does not exist on type '{}'.
src/renderer/features/playlists/components/add-to-playlist-context-modal.tsx(197,48): error TS2339: Property 'items' does not exist on type '{}'.
src/renderer/features/playlists/components/add-to-playlist-context-modal.tsx(521,74): error TS2339: Property 'isPending' does not exist on type 'UseMutationResult<AddToPlaylistResponse, AxiosError<unknown, any>, AddToPlaylistArgs, null>'.
  Property 'isPending' does not exist on type 'Override<MutationObserverIdleResult<AddToPlaylistResponse, AxiosError<unknown, any>, AddToPlaylistArgs, null>, { ...; }> & { ...; }'.
src/renderer/features/playlists/components/add-to-playlist-context-modal.tsx(531,55): error TS2339: Property 'isPending' does not exist on type 'UseMutationResult<AddToPlaylistResponse, AxiosError<unknown, any>, AddToPlaylistArgs, null>'.
  Property 'isPending' does not exist on type 'Override<MutationObserverIdleResult<AddToPlaylistResponse, AxiosError<unknown, any>, AddToPlaylistArgs, null>, { ...; }> & { ...; }'.
src/renderer/features/playlists/components/create-playlist-form.tsx(99,60): error TS2339: Property 'isPending' does not exist on type 'UseMutationResult<CreatePlaylistResponse, AxiosError<unknown, any>, CreatePlaylistArgs, null>'.
  Property 'isPending' does not exist on type 'Override<MutationObserverIdleResult<CreatePlaylistResponse, AxiosError<unknown, any>, CreatePlaylistArgs, null>, { ...; }> & { ...; }'.
src/renderer/features/playlists/components/create-playlist-form.tsx(180,43): error TS2339: Property 'isPending' does not exist on type 'UseMutationResult<CreatePlaylistResponse, AxiosError<unknown, any>, CreatePlaylistArgs, null>'.
  Property 'isPending' does not exist on type 'Override<MutationObserverIdleResult<CreatePlaylistResponse, AxiosError<unknown, any>, CreatePlaylistArgs, null>, { ...; }> & { ...; }'.
src/renderer/features/playlists/components/playlist-detail-song-list-content.tsx(1,26): error TS2305: Module '"@tanstack/react-query"' has no exported member 'useSuspenseQuery'.
src/renderer/features/playlists/components/playlist-detail-song-list-header-filters.tsx(131,9): error TS2353: Object literal may only specify known properties, and 'modalKey' does not exist in type 'OpenContextModal<any> & { modal: string; } & DataAttributes'.
src/renderer/features/playlists/components/playlist-detail-song-list-header.tsx(46,49): error TS2339: Property 'duration' does not exist on type '{}'.
src/renderer/features/playlists/components/playlist-detail-song-list-header.tsx(68,69): error TS2339: Property 'name' does not exist on type '{}'.
src/renderer/features/playlists/components/playlist-detail-song-list-header.tsx(89,50): error TS2339: Property 'imageUrl' does not exist on type '{}'.
src/renderer/features/playlists/components/playlist-detail-song-list-header.tsx(91,47): error TS2339: Property 'name' does not exist on type '{}'.
src/renderer/features/playlists/components/playlist-list-infinite-grid.tsx(1,10): error TS2724: '"@tanstack/react-query"' has no exported member named 'UseSuspenseQueryOptions'. Did you mean 'UseBaseQueryOptions'?
src/renderer/features/playlists/components/playlist-list-infinite-table.tsx(1,10): error TS2724: '"@tanstack/react-query"' has no exported member named 'UseSuspenseQueryOptions'. Did you mean 'UseBaseQueryOptions'?
src/renderer/features/playlists/components/playlist-list-paginated-grid.tsx(1,10): error TS2724: '"@tanstack/react-query"' has no exported member named 'UseSuspenseQueryOptions'. Did you mean 'UseBaseQueryOptions'?
src/renderer/features/playlists/components/playlist-list-paginated-table.tsx(1,10): error TS2724: '"@tanstack/react-query"' has no exported member named 'UseSuspenseQueryOptions'. Did you mean 'UseBaseQueryOptions'?
src/renderer/features/playlists/components/playlist-query-builder.tsx(199,30): error TS2339: Property 'items' does not exist on type '{}'.
src/renderer/features/playlists/components/save-and-replace-context-modal.tsx(87,56): error TS2339: Property 'isPending' does not exist on type 'UseMutationResult<ReplacePlaylistResponse, AxiosError<unknown, any>, ReplacePlaylistArgs, null>'.
  Property 'isPending' does not exist on type 'Override<MutationObserverIdleResult<ReplacePlaylistResponse, AxiosError<unknown, any>, ReplacePlaylistArgs, null>, { ...; }> & { ...; }'.
src/renderer/features/playlists/components/save-as-playlist-form.tsx(68,60): error TS2339: Property 'isPending' does not exist on type 'UseMutationResult<CreatePlaylistResponse, AxiosError<unknown, any>, CreatePlaylistArgs, null>'.
  Property 'isPending' does not exist on type 'Override<MutationObserverIdleResult<CreatePlaylistResponse, AxiosError<unknown, any>, CreatePlaylistArgs, null>, { ...; }> & { ...; }'.
src/renderer/features/playlists/components/save-as-playlist-form.tsx(104,43): error TS2339: Property 'isPending' does not exist on type 'UseMutationResult<CreatePlaylistResponse, AxiosError<unknown, any>, CreatePlaylistArgs, null>'.
  Property 'isPending' does not exist on type 'Override<MutationObserverIdleResult<CreatePlaylistResponse, AxiosError<unknown, any>, CreatePlaylistArgs, null>, { ...; }> & { ...; }'.
src/renderer/features/playlists/components/update-playlist-form.tsx(86,60): error TS2339: Property 'isPending' does not exist on type 'UseMutationResult<UpdatePlaylistResponse, AxiosError<unknown, any>, UpdatePlaylistArgs, null>'.
  Property 'isPending' does not exist on type 'Override<MutationObserverIdleResult<UpdatePlaylistResponse, AxiosError<unknown, any>, UpdatePlaylistArgs, null>, { ...; }> & { ...; }'.
src/renderer/features/playlists/components/update-playlist-form.tsx(141,43): error TS2339: Property 'isPending' does not exist on type 'UseMutationResult<UpdatePlaylistResponse, AxiosError<unknown, any>, UpdatePlaylistArgs, null>'.
  Property 'isPending' does not exist on type 'Override<MutationObserverIdleResult<UpdatePlaylistResponse, AxiosError<unknown, any>, UpdatePlaylistArgs, null>, { ...; }> & { ...; }'.
src/renderer/features/playlists/hooks/use-playlist-list-filters.ts(2,10): error TS2305: Module '"react-router"' has no exported member 'useSearchParams'.
src/renderer/features/playlists/hooks/use-playlist-song-list-filters.ts(2,10): error TS2305: Module '"react-router"' has no exported member 'useSearchParams'.
src/renderer/features/playlists/routes/playlist-detail-song-list-route.tsx(187,62): error TS2339: Property 'isPending' does not exist on type 'UseMutationResult<CreatePlaylistResponse, AxiosError<unknown, any>, CreatePlaylistArgs, null>'.
  Property 'isPending' does not exist on type 'Override<MutationObserverIdleResult<CreatePlaylistResponse, AxiosError<unknown, any>, CreatePlaylistArgs, null>, { ...; }> & { ...; }'.
src/renderer/features/playlists/routes/playlist-detail-song-list-route.tsx(229,25): error TS2322: Type 'RefObject<PlaylistQueryBuilderRef | null>' is not assignable to type 'LegacyRef<PlaylistQueryBuilderRef> | undefined'.
  Type 'RefObject<PlaylistQueryBuilderRef | null>' is not assignable to type 'RefObject<PlaylistQueryBuilderRef>'.
    Type 'PlaylistQueryBuilderRef | null' is not assignable to type 'PlaylistQueryBuilderRef'.
      Type 'null' is not assignable to type 'PlaylistQueryBuilderRef'.
src/renderer/features/playlists/routes/playlist-detail-song-list-route.tsx(276,64): error TS2339: Property '_serverId' does not exist on type '{}'.
src/renderer/features/playlists/routes/playlist-detail-song-list-route.tsx(278,49): error TS2339: Property 'description' does not exist on type '{}'.
src/renderer/features/playlists/routes/playlist-detail-song-list-route.tsx(279,46): error TS2339: Property 'name' does not exist on type '{}'.
src/renderer/features/playlists/routes/playlist-detail-song-list-route.tsx(280,49): error TS2339: Property 'ownerId' does not exist on type '{}'.
src/renderer/features/playlists/routes/playlist-detail-song-list-route.tsx(281,48): error TS2339: Property 'public' does not exist on type '{}'.
src/renderer/features/playlists/routes/playlist-detail-song-list-route.tsx(283,46): error TS2339: Property 'sync' does not exist on type '{}'.
src/renderer/features/playlists/routes/playlist-detail-song-list-route.tsx(298,72): error TS2339: Property '_serverId' does not exist on type '{}'.
src/renderer/features/playlists/routes/playlist-detail-song-list-route.tsx(327,53): error TS2339: Property 'description' does not exist on type '{}'.
src/renderer/features/playlists/routes/playlist-detail-song-list-route.tsx(328,50): error TS2339: Property 'name' does not exist on type '{}'.
src/renderer/features/playlists/routes/playlist-detail-song-list-route.tsx(329,53): error TS2339: Property 'ownerId' does not exist on type '{}'.
src/renderer/features/playlists/routes/playlist-detail-song-list-route.tsx(330,52): error TS2339: Property 'public' does not exist on type '{}'.
src/renderer/features/playlists/routes/playlist-detail-song-list-route.tsx(332,50): error TS2339: Property 'sync' does not exist on type '{}'.
src/renderer/features/playlists/routes/playlist-detail-song-list-route.tsx(342,50): error TS2339: Property '_serverId' does not exist on type '{}'.
src/renderer/features/playlists/routes/playlist-detail-song-list-route.tsx(357,78): error TS2339: Property '_serverId' does not exist on type '{}'.
src/renderer/features/playlists/routes/playlist-detail-song-list-route.tsx(358,63): error TS2339: Property 'id' does not exist on type '{}'.
src/renderer/features/playlists/routes/playlist-detail-song-list-route.tsx(386,32): error TS2339: Property 'rules' does not exist on type '{}'.
src/renderer/features/search/api/search-api.ts(1,10): error TS2724: '"@tanstack/react-query"' has no exported member named 'queryOptions'. Did you mean 'QueryOptions'?
src/renderer/features/search/components/command-palette.tsx(68,69): error TS2339: Property 'albums' does not exist on type '{}'.
src/renderer/features/search/components/command-palette.tsx(69,70): error TS2339: Property 'albumArtists' does not exist on type '{}'.
src/renderer/features/search/components/command-palette.tsx(70,69): error TS2339: Property 'songs' does not exist on type '{}'.
src/renderer/features/search/components/command-palette.tsx(153,36): error TS2339: Property 'albums' does not exist on type '{}'.
src/renderer/features/search/components/command-palette.tsx(185,36): error TS2339: Property 'albumArtists' does not exist on type '{}'.
src/renderer/features/search/components/command-palette.tsx(223,36): error TS2339: Property 'songs' does not exist on type '{}'.
src/renderer/features/search/components/home-commands.tsx(6,10): error TS2305: Module '"react-router"' has no exported member 'createSearchParams'.
src/renderer/features/search/components/search-content.tsx(2,21): error TS2305: Module '"react-router"' has no exported member 'useSearchParams'.
src/renderer/features/search/components/search-header.tsx(4,24): error TS2305: Module '"react-router"' has no exported member 'Link'.
src/renderer/features/search/components/search-header.tsx(4,41): error TS2305: Module '"react-router"' has no exported member 'useSearchParams'.
src/renderer/features/servers/components/server-list.tsx(39,13): error TS2353: Object literal may only specify known properties, and 'modalKey' does not exist in type 'OpenContextModal<any> & { modal: string; } & DataAttributes'.
src/renderer/features/settings/components/advanced/export-import-settings.tsx(34,13): error TS2322: Type 'TFunctionResult' is not assignable to type 'ReactNode'.
  Type 'object' is not assignable to type 'ReactNode'.
src/renderer/features/settings/components/advanced/export-import-settings.tsx(45,25): error TS2322: Type 'TFunctionResult' is not assignable to type 'ReactNode'.
  Type 'object' is not assignable to type 'ReactNode'.
src/renderer/features/settings/components/advanced/export-import-settings.tsx(50,25): error TS2322: Type 'TFunctionResult' is not assignable to type 'ReactNode'.
  Type 'object' is not assignable to type 'ReactNode'.
src/renderer/features/settings/components/advanced/export-import-settings.tsx(56,13): error TS2322: Type 'TFunctionResult' is not assignable to type 'ReactNode'.
  Type 'object' is not assignable to type 'ReactNode'.
src/renderer/features/settings/components/advanced/export-import-settings.tsx(68,13): error TS2322: Type 'TFunctionResult' is not assignable to type 'ReactNode'.
  Type 'object' is not assignable to type 'ReactNode'.
src/renderer/features/settings/components/window/password-settings.tsx(55,29): error TS2322: Type '{ divider: boolean; options: SettingOption[]; }' is not assignable to type 'IntrinsicAttributes & SettingsSectionProps'.
  Property 'divider' does not exist on type 'IntrinsicAttributes & SettingsSectionProps'.
src/renderer/features/settings/restart-toast.ts(18,9): error TS2322: Type 'TFunctionResult' is not assignable to type 'ReactNode'.
  Type 'object' is not assignable to type 'ReactNode'.
src/renderer/features/settings/utils/open-settings-modal.ts(6,9): error TS2353: Object literal may only specify known properties, and 'modalKey' does not exist in type 'OpenContextModal<any> & { modal: string; } & DataAttributes'.
src/renderer/features/shared/api/shared-api.ts(1,10): error TS2724: '"@tanstack/react-query"' has no exported member named 'queryOptions'. Did you mean 'QueryOptions'?
src/renderer/features/shared/components/grid-config.tsx(13,16): error TS2614: Module '"fuse.js"' has no exported member 'FuseResultMatch'. Did you mean to use 'import FuseResultMatch from "fuse.js"' instead?
src/renderer/features/shared/components/grid-config.tsx(469,13): error TS2322: Type 'RefObject<HTMLButtonElement | null>' is not assignable to type '((instance: HTMLButtonElement | null) => void) | RefObject<HTMLButtonElement> | null | undefined'.
  Type 'RefObject<HTMLButtonElement | null>' is not assignable to type 'RefObject<HTMLButtonElement>'.
    Type 'HTMLButtonElement | null' is not assignable to type 'HTMLButtonElement'.
      Type 'null' is not assignable to type 'HTMLButtonElement'.
src/renderer/features/shared/components/library-header.tsx(5,10): error TS2305: Module '"react-router"' has no exported member 'Link'.
src/renderer/features/shared/components/list-music-folder-dropdown.tsx(37,32): error TS2339: Property 'items' does not exist on type '{}'.
src/renderer/features/shared/components/play-button-group.tsx(22,21): error TS2322: Type 'TFunctionResult' is not assignable to type 'ReactNode'.
  Type 'object' is not assignable to type 'ReactNode'.
src/renderer/features/shared/components/play-button-group.tsx(25,21): error TS2322: Type 'TFunctionResult' is not assignable to type 'ReactNode'.
  Type 'object' is not assignable to type 'ReactNode'.
src/renderer/features/shared/components/play-button-group.tsx(38,21): error TS2322: Type 'TFunctionResult' is not assignable to type 'ReactNode'.
  Type 'object' is not assignable to type 'ReactNode'.
src/renderer/features/shared/components/play-button-group.tsx(41,21): error TS2322: Type 'TFunctionResult' is not assignable to type 'ReactNode'.
  Type 'object' is not assignable to type 'ReactNode'.
src/renderer/features/shared/components/play-button-group.tsx(53,21): error TS2322: Type 'TFunctionResult' is not assignable to type 'ReactNode'.
  Type 'object' is not assignable to type 'ReactNode'.
src/renderer/features/shared/components/play-button-group.tsx(56,21): error TS2322: Type 'TFunctionResult' is not assignable to type 'ReactNode'.
  Type 'object' is not assignable to type 'ReactNode'.
src/renderer/features/shared/components/play-button-group.tsx(84,17): error TS2322: Type 'TFunctionResult' is not assignable to type 'ReactNode'.
  Type 'object' is not assignable to type 'ReactNode'.
src/renderer/features/shared/components/play-button.tsx(60,21): error TS2322: Type 'TFunctionResult' is not assignable to type 'string | number | boolean | ReactElement<any, string | JSXElementConstructor<any>> | Iterable<ReactNode> | ReactPortal | null | undefined'.
  Type 'object' is not assignable to type 'string | number | boolean | ReactElement<any, string | JSXElementConstructor<any>> | Iterable<ReactNode> | ReactPortal | null | undefined'.
src/renderer/features/shared/components/play-button.tsx(72,17): error TS2322: Type 'TFunctionResult' is not assignable to type 'string | number | boolean | ReactElement<any, string | JSXElementConstructor<any>> | Iterable<ReactNode> | ReactPortal | null | undefined'.
  Type 'object' is not assignable to type 'string | number | boolean | ReactElement<any, string | JSXElementConstructor<any>> | Iterable<ReactNode> | ReactPortal | null | undefined'.
src/renderer/features/shared/components/table-config.tsx(13,21): error TS2614: Module '"fuse.js"' has no exported member 'FuseResultMatch'. Did you mean to use 'import FuseResultMatch from "fuse.js"' instead?
src/renderer/features/shared/hooks/use-handle-favorite.ts(3,40): error TS2307: Cannot find module '/@/renderer/components/virtual-grid/virtual-infinite-grid' or its corresponding type declarations.
src/renderer/features/shared/hooks/use-music-folder-id-filter.ts(2,10): error TS2305: Module '"react-router"' has no exported member 'useSearchParams'.
src/renderer/features/shared/hooks/use-search-term-filter.ts(2,10): error TS2305: Module '"react-router"' has no exported member 'useSearchParams'.
src/renderer/features/shared/hooks/use-select-filter.ts(2,10): error TS2305: Module '"react-router"' has no exported member 'useSearchParams'.
src/renderer/features/shared/hooks/use-sort-by-filter.ts(2,10): error TS2305: Module '"react-router"' has no exported member 'useSearchParams'.
src/renderer/features/shared/hooks/use-sort-order-filter.ts(2,10): error TS2305: Module '"react-router"' has no exported member 'useSearchParams'.
src/renderer/features/shared/mutations/favorite-optimistic-updates.ts(118,29): error TS2345: Argument of type '(prev: undefined | { pageParams: string[]; pages: AlbumListResponse[]; }) => { pages: ({ items: Album[]; error?: any | string; startIndex: number; totalRecordCount: null | number; } | undefined)[]; pageParams: string[]; } | undefined' is not assignable to parameter of type 'Updater<{ pageParams: string[]; pages: AlbumListResponse[]; } | undefined, { pageParams: string[]; pages: AlbumListResponse[]; } | undefined>'.
  Type '(prev: undefined | { pageParams: string[]; pages: AlbumListResponse[]; }) => { pages: ({ items: Album[]; error?: any | string; startIndex: number; totalRecordCount: null | number; } | undefined)[]; pageParams: string[]; } | undefined' is not assignable to type 'DataUpdateFunction<{ pageParams: string[]; pages: AlbumListResponse[]; } | undefined, { pageParams: string[]; pages: AlbumListResponse[]; } | undefined>'.
    Type '{ pages: ({ items: Album[]; error?: any; startIndex: number; totalRecordCount: number | null; } | undefined)[]; pageParams: string[]; } | undefined' is not assignable to type '{ pageParams: string[]; pages: AlbumListResponse[]; } | undefined'.
      Type '{ pages: ({ items: Album[]; error?: any | string; startIndex: number; totalRecordCount: null | number; } | undefined)[]; pageParams: string[]; }' is not assignable to type '{ pageParams: string[]; pages: AlbumListResponse[]; }'.
        Types of property 'pages' are incompatible.
          Type '({ items: Album[]; error?: any; startIndex: number; totalRecordCount: number | null; } | undefined)[]' is not assignable to type 'AlbumListResponse[]'.
            Type '{ items: Album[]; error?: any; startIndex: number; totalRecordCount: number | null; } | undefined' is not assignable to type 'AlbumListResponse'.
              Type 'undefined' is not assignable to type 'BasePaginatedResponse<Album[]>'.
src/renderer/features/shared/mutations/favorite-optimistic-updates.ts(244,29): error TS2345: Argument of type '(prev: AlbumArtistListResponse | undefined) => { items: (AlbumArtist | undefined)[]; error?: any | string; startIndex: number; totalRecordCount: null | number; } | undefined' is not assignable to parameter of type 'Updater<AlbumArtistListResponse | undefined, AlbumArtistListResponse | undefined>'.
  Type '(prev: AlbumArtistListResponse | undefined) => { items: (AlbumArtist | undefined)[]; error?: any | string; startIndex: number; totalRecordCount: null | number; } | undefined' is not assignable to type 'DataUpdateFunction<AlbumArtistListResponse | undefined, AlbumArtistListResponse | undefined>'.
    Type '{ items: (AlbumArtist | undefined)[]; error?: any; startIndex: number; totalRecordCount: number | null; } | undefined' is not assignable to type 'AlbumArtistListResponse | undefined'.
      Type '{ items: (AlbumArtist | undefined)[]; error?: any | string; startIndex: number; totalRecordCount: null | number; }' is not assignable to type 'BasePaginatedResponse<AlbumArtist[]>'.
        Types of property 'items' are incompatible.
          Type '(AlbumArtist | undefined)[]' is not assignable to type 'AlbumArtist[]'.
            Type 'AlbumArtist | undefined' is not assignable to type 'AlbumArtist'.
              Type 'undefined' is not assignable to type 'AlbumArtist'.
src/renderer/features/shared/mutations/favorite-optimistic-updates.ts(282,29): error TS2345: Argument of type '(prev: undefined | { pageParams: string[]; pages: AlbumArtistListResponse[]; }) => { pages: ({ ...; } | undefined)[]; pageParams: string[]; } | undefined' is not assignable to parameter of type 'Updater<{ pageParams: string[]; pages: AlbumArtistListResponse[]; } | undefined, { pageParams: string[]; pages: AlbumArtistListResponse[]; } | undefined>'.
  Type '(prev: undefined | { pageParams: string[]; pages: AlbumArtistListResponse[]; }) => { pages: ({ ...; } | undefined)[]; pageParams: string[]; } | undefined' is not assignable to type 'DataUpdateFunction<{ pageParams: string[]; pages: AlbumArtistListResponse[]; } | undefined, { pageParams: string[]; pages: AlbumArtistListResponse[]; } | undefined>'.
    Type '{ pages: ({ items: AlbumArtist[]; error?: any; startIndex: number; totalRecordCount: number | null; } | undefined)[]; pageParams: string[]; } | undefined' is not assignable to type '{ pageParams: string[]; pages: AlbumArtistListResponse[]; } | undefined'.
      Type '{ pages: ({ items: AlbumArtist[]; error?: any | string; startIndex: number; totalRecordCount: null | number; } | undefined)[]; pageParams: string[]; }' is not assignable to type '{ pageParams: string[]; pages: AlbumArtistListResponse[]; }'.
        Types of property 'pages' are incompatible.
          Type '({ items: AlbumArtist[]; error?: any; startIndex: number; totalRecordCount: number | null; } | undefined)[]' is not assignable to type 'AlbumArtistListResponse[]'.
            Type '{ items: AlbumArtist[]; error?: any; startIndex: number; totalRecordCount: number | null; } | undefined' is not assignable to type 'AlbumArtistListResponse'.
              Type 'undefined' is not assignable to type 'BasePaginatedResponse<AlbumArtist[]>'.
src/renderer/features/shared/mutations/rating-optimistic-updates.ts(73,60): error TS2345: Argument of type '(prev: AlbumListResponse) => { items: Album[]; error?: any | string; startIndex: number; totalRecordCount: null | number; }' is not assignable to parameter of type 'Updater<{ items: Album[]; error?: any; startIndex: number; totalRecordCount: number | null; } | undefined, { items: Album[]; error?: any; startIndex: number; totalRecordCount: number | null; } | undefined>'.
  Type '(prev: AlbumListResponse) => { items: Album[]; error?: any | string; startIndex: number; totalRecordCount: null | number; }' is not assignable to type 'DataUpdateFunction<{ items: Album[]; error?: any; startIndex: number; totalRecordCount: number | null; } | undefined, { items: Album[]; error?: any; startIndex: number; totalRecordCount: number | null; } | undefined>'.
    Types of parameters 'prev' and 'input' are incompatible.
      Type '{ items: Album[]; error?: any; startIndex: number; totalRecordCount: number | null; } | undefined' is not assignable to type 'AlbumListResponse'.
        Type 'undefined' is not assignable to type 'BasePaginatedResponse<Album[]>'.
src/renderer/features/shared/mutations/rating-optimistic-updates.ts(102,29): error TS2345: Argument of type '(prev: { pageParams: string[]; pages: AlbumListResponse[]; }) => { pages: { items: Album[]; error?: any | string; startIndex: number; totalRecordCount: null | number; }[]; pageParams: string[]; }' is not assignable to parameter of type 'Updater<{ pages: { items: Album[]; error?: any; startIndex: number; totalRecordCount: number | null; }[]; pageParams: string[]; } | undefined, { pages: { items: Album[]; error?: any; startIndex: number; totalRecordCount: number | null; }[]; pageParams: string[]; } | undefined>'.
  Type '(prev: { pageParams: string[]; pages: AlbumListResponse[]; }) => { pages: { items: Album[]; error?: any | string; startIndex: number; totalRecordCount: null | number; }[]; pageParams: string[]; }' is not assignable to type 'DataUpdateFunction<{ pages: { items: Album[]; error?: any; startIndex: number; totalRecordCount: number | null; }[]; pageParams: string[]; } | undefined, { pages: { items: Album[]; error?: any; startIndex: number; totalRecordCount: number | null; }[]; pageParams: string[]; } | undefined>'.
    Types of parameters 'prev' and 'input' are incompatible.
      Type '{ pages: { items: Album[]; error?: any; startIndex: number; totalRecordCount: number | null; }[]; pageParams: string[]; } | undefined' is not assignable to type '{ pageParams: string[]; pages: AlbumListResponse[]; }'.
        Type 'undefined' is not assignable to type '{ pageParams: string[]; pages: AlbumListResponse[]; }'.
src/renderer/features/shared/mutations/rating-optimistic-updates.ts(208,60): error TS2345: Argument of type '(prev: AlbumArtistListResponse) => { items: AlbumArtist[]; error?: any | string; startIndex: number; totalRecordCount: null | number; }' is not assignable to parameter of type 'Updater<{ items: AlbumArtist[]; error?: any; startIndex: number; totalRecordCount: number | null; } | undefined, { items: AlbumArtist[]; error?: any; startIndex: number; totalRecordCount: number | null; } | undefined>'.
  Type '(prev: AlbumArtistListResponse) => { items: AlbumArtist[]; error?: any | string; startIndex: number; totalRecordCount: null | number; }' is not assignable to type 'DataUpdateFunction<{ items: AlbumArtist[]; error?: any; startIndex: number; totalRecordCount: number | null; } | undefined, { items: AlbumArtist[]; error?: any; startIndex: number; totalRecordCount: number | null; } | undefined>'.
    Types of parameters 'prev' and 'input' are incompatible.
      Type '{ items: AlbumArtist[]; error?: any; startIndex: number; totalRecordCount: number | null; } | undefined' is not assignable to type 'AlbumArtistListResponse'.
        Type 'undefined' is not assignable to type 'BasePaginatedResponse<AlbumArtist[]>'.
src/renderer/features/shared/mutations/rating-optimistic-updates.ts(236,29): error TS2345: Argument of type '(prev: { pageParams: string[]; pages: AlbumArtistListResponse[]; }) => { pages: { items: AlbumArtist[]; error?: any | string; startIndex: number; totalRecordCount: null | number; }[]; pageParams: string[]; }' is not assignable to parameter of type 'Updater<{ pages: { items: AlbumArtist[]; error?: any; startIndex: number; totalRecordCount: number | null; }[]; pageParams: string[]; } | undefined, { pages: { items: AlbumArtist[]; error?: any; startIndex: number; totalRecordCount: number | null; }[]; pageParams: string[]; } | undefined>'.
  Type '(prev: { pageParams: string[]; pages: AlbumArtistListResponse[]; }) => { pages: { items: AlbumArtist[]; error?: any | string; startIndex: number; totalRecordCount: null | number; }[]; pageParams: string[]; }' is not assignable to type 'DataUpdateFunction<{ pages: { items: AlbumArtist[]; error?: any; startIndex: number; totalRecordCount: number | null; }[]; pageParams: string[]; } | undefined, { pages: { items: AlbumArtist[]; error?: any; startIndex: number; totalRecordCount: number | null; }[]; pageParams: string[]; } | undefined>'.
    Types of parameters 'prev' and 'input' are incompatible.
      Type '{ pages: { items: AlbumArtist[]; error?: any; startIndex: number; totalRecordCount: number | null; }[]; pageParams: string[]; } | undefined' is not assignable to type '{ pageParams: string[]; pages: AlbumArtistListResponse[]; }'.
        Type 'undefined' is not assignable to type '{ pageParams: string[]; pages: AlbumArtistListResponse[]; }'.
src/renderer/features/shared/mutations/rating-optimistic-updates.ts(318,60): error TS2345: Argument of type '(prev: ArtistListResponse) => { items: AlbumArtist[]; error?: any | string; startIndex: number; totalRecordCount: null | number; }' is not assignable to parameter of type 'Updater<{ items: AlbumArtist[]; error?: any; startIndex: number; totalRecordCount: number | null; } | undefined, { items: AlbumArtist[]; error?: any; startIndex: number; totalRecordCount: number | null; } | undefined>'.
  Type '(prev: ArtistListResponse) => { items: AlbumArtist[]; error?: any | string; startIndex: number; totalRecordCount: null | number; }' is not assignable to type 'DataUpdateFunction<{ items: AlbumArtist[]; error?: any; startIndex: number; totalRecordCount: number | null; } | undefined, { items: AlbumArtist[]; error?: any; startIndex: number; totalRecordCount: number | null; } | undefined>'.
    Types of parameters 'prev' and 'input' are incompatible.
      Type '{ items: AlbumArtist[]; error?: any; startIndex: number; totalRecordCount: number | null; } | undefined' is not assignable to type 'ArtistListResponse'.
        Type 'undefined' is not assignable to type 'BasePaginatedResponse<AlbumArtist[]>'.
src/renderer/features/shared/mutations/rating-optimistic-updates.ts(346,29): error TS2345: Argument of type '(prev: { pageParams: string[]; pages: ArtistListResponse[]; }) => { pages: { items: AlbumArtist[]; error?: any | string; startIndex: number; totalRecordCount: null | number; }[]; pageParams: string[]; }' is not assignable to parameter of type 'Updater<{ pages: { items: AlbumArtist[]; error?: any; startIndex: number; totalRecordCount: number | null; }[]; pageParams: string[]; } | undefined, { pages: { items: AlbumArtist[]; error?: any; startIndex: number; totalRecordCount: number | null; }[]; pageParams: string[]; } | undefined>'.
  Type '(prev: { pageParams: string[]; pages: ArtistListResponse[]; }) => { pages: { items: AlbumArtist[]; error?: any | string; startIndex: number; totalRecordCount: null | number; }[]; pageParams: string[]; }' is not assignable to type 'DataUpdateFunction<{ pages: { items: AlbumArtist[]; error?: any; startIndex: number; totalRecordCount: number | null; }[]; pageParams: string[]; } | undefined, { pages: { items: AlbumArtist[]; error?: any; startIndex: number; totalRecordCount: number | null; }[]; pageParams: string[]; } | undefined>'.
    Types of parameters 'prev' and 'input' are incompatible.
      Type '{ pages: { items: AlbumArtist[]; error?: any; startIndex: number; totalRecordCount: number | null; }[]; pageParams: string[]; } | undefined' is not assignable to type '{ pageParams: string[]; pages: ArtistListResponse[]; }'.
        Type 'undefined' is not assignable to type '{ pageParams: string[]; pages: ArtistListResponse[]; }'.
src/renderer/features/sidebar/components/collapsed-sidebar.tsx(5,10): error TS2305: Module '"react-router"' has no exported member 'NavLink'.
src/renderer/features/sidebar/components/server-selector-items.tsx(81,23): error TS2339: Property 'items' does not exist on type '{}'.
src/renderer/features/sidebar/components/server-selector-items.tsx(134,43): error TS2339: Property 'items' does not exist on type '{}'.
src/renderer/features/sidebar/components/server-selector-items.tsx(147,35): error TS2339: Property 'items' does not exist on type '{}'.
src/renderer/features/sidebar/components/server-selector.tsx(44,23): error TS2339: Property 'items' does not exist on type '{}'.
src/renderer/features/sidebar/components/sidebar-item.tsx(3,10): error TS2305: Module '"react-router"' has no exported member 'Link'.
src/renderer/features/sidebar/components/sidebar-item.tsx(3,16): error TS2305: Module '"react-router"' has no exported member 'LinkProps'.
src/renderer/features/sidebar/components/sidebar-playlist-list.tsx(6,24): error TS2305: Module '"react-router"' has no exported member 'Link'.
src/renderer/features/sidebar/components/sidebar-playlist-list.tsx(141,21): error TS2353: Object literal may only specify known properties, and 'modalKey' does not exist in type 'OpenContextModal<any> & { modal: string; } & DataAttributes'.
src/renderer/features/sidebar/components/sidebar-playlist-list.tsx(300,73): error TS2339: Property 'items' does not exist on type '{}'.
src/renderer/features/sidebar/components/sidebar-playlist-list.tsx(301,59): error TS2339: Property 'items' does not exist on type '{}'.
src/renderer/features/sidebar/components/sidebar-playlist-list.tsx(306,53): error TS2339: Property 'items' does not exist on type '{}'.
src/renderer/features/sidebar/components/sidebar-playlist-list.tsx(313,30): error TS2339: Property 'items' does not exist on type '{}'.
src/renderer/features/sidebar/components/sidebar-playlist-list.tsx(424,73): error TS2339: Property 'items' does not exist on type '{}'.
src/renderer/features/sidebar/components/sidebar-playlist-list.tsx(425,59): error TS2339: Property 'items' does not exist on type '{}'.
src/renderer/features/sidebar/components/sidebar-playlist-list.tsx(430,53): error TS2339: Property 'items' does not exist on type '{}'.
src/renderer/features/sidebar/components/sidebar-playlist-list.tsx(437,50): error TS2339: Property 'items' does not exist on type '{}'.
src/renderer/features/similar-songs/components/similar-songs-list.tsx(61,17): error TS2740: Type '{}' is missing the following properties from type 'unknown[]': length, pop, push, concat, and 35 more.
src/renderer/features/songs/api/songs-api.ts(1,10): error TS2724: '"@tanstack/react-query"' has no exported member named 'queryOptions'. Did you mean 'QueryOptions'?
src/renderer/features/songs/components/emby-song-filters.tsx(6,30): error TS2307: Cannot find module '/@/renderer/features/genres' or its corresponding type declarations.
src/renderer/features/songs/components/emby-song-filters.tsx(7,28): error TS2307: Cannot find module '/@/renderer/features/tag/queries/use-tag-list' or its corresponding type declarations.
src/renderer/features/songs/components/emby-song-filters.tsx(8,10): error TS2305: Module '"/@/renderer/store"' has no exported member 'SongListFilter'.
src/renderer/features/songs/components/emby-song-filters.tsx(8,26): error TS2305: Module '"/@/renderer/store"' has no exported member 'useListFilterByKey'.
src/renderer/features/songs/components/emby-song-filters.tsx(8,46): error TS2724: '"/@/renderer/store"' has no exported member named 'useListStoreActions'. Did you mean 'useAuthStoreActions'?
src/renderer/features/songs/components/emby-song-filters.tsx(184,25): error TS2322: Type '(favorite?: boolean) => void' is not assignable to type '(value: string | null, option: ComboboxItem) => void'.
  Types of parameters 'favorite' and 'value' are incompatible.
    Type 'string | null' is not assignable to type 'boolean | undefined'.
      Type 'null' is not assignable to type 'boolean | undefined'.
src/renderer/features/songs/components/jellyfin-song-filters.tsx(180,30): error TS2339: Property 'boolTags' does not exist on type '{}'.
src/renderer/features/songs/components/jellyfin-song-filters.tsx(180,57): error TS2339: Property 'boolTags' does not exist on type '{}'.
src/renderer/features/songs/components/jellyfin-song-filters.tsx(183,42): error TS2339: Property 'boolTags' does not exist on type '{}'.
src/renderer/features/songs/components/navidrome-song-filters.tsx(1,10): error TS2305: Module '"@tanstack/react-query"' has no exported member 'useSuspenseQuery'.
src/renderer/features/songs/components/song-list-header.tsx(1,10): error TS2305: Module '"@tanstack/react-query"' has no exported member 'useSuspenseQuery'.
src/renderer/features/songs/components/song-list-infinite-grid.tsx(1,10): error TS2724: '"@tanstack/react-query"' has no exported member named 'UseSuspenseQueryOptions'. Did you mean 'UseBaseQueryOptions'?
src/renderer/features/songs/components/song-list-infinite-table.tsx(1,10): error TS2724: '"@tanstack/react-query"' has no exported member named 'UseSuspenseQueryOptions'. Did you mean 'UseBaseQueryOptions'?
src/renderer/features/songs/components/song-list-paginated-grid.tsx(1,10): error TS2724: '"@tanstack/react-query"' has no exported member named 'UseSuspenseQueryOptions'. Did you mean 'UseBaseQueryOptions'?
src/renderer/features/songs/components/song-list-paginated-table.tsx(1,10): error TS2724: '"@tanstack/react-query"' has no exported member named 'UseSuspenseQueryOptions'. Did you mean 'UseBaseQueryOptions'?
src/renderer/features/songs/hooks/use-song-list-filters.ts(2,10): error TS2305: Module '"react-router"' has no exported member 'useSearchParams'.
src/renderer/features/titlebar/components/app-menu.tsx(5,10): error TS2305: Module '"react-router"' has no exported member 'Link'.
src/renderer/lib/react-query.ts(26,9): error TS2353: Object literal may only specify known properties, and 'gcTime' does not exist in type 'QueryObserverOptions<unknown, unknown, unknown, unknown, QueryKey>'.
src/renderer/lib/react-query.ts(69,27): error TS2339: Property 'gcTime' does not exist on type 'QueryOptions<unknown, unknown, unknown, QueryKey>'.
src/renderer/lib/react-query.ts(90,34): error TS2339: Property 'subscribed' does not exist on type 'UseQueryOptions<unknown, unknown, unknown, QueryKey>'.
src/renderer/main.tsx(47,25): error TS2353: Object literal may only specify known properties, and 'gcTime' does not exist in type 'QueryOptions<unknown, unknown, unknown, QueryKey>'.
src/renderer/router/app-router.tsx(2,10): error TS2305: Module '"react-router"' has no exported member 'HashRouter'.
src/shared/api/emby/emby-normalize.ts(145,9): error TS2322: Type '{ id: string; imageUrl: null; itemType: LibraryItem; name: string; }[]' is not assignable to type 'Genre[]'.
  Type '{ id: string; imageUrl: null; itemType: LibraryItem; name: string; }' is missing the following properties from type 'Genre': _itemType, _serverId, _serverType, albumCount, songCount
src/shared/api/emby/emby-normalize.ts(169,9): error TS2322: Type 'string | null' is not assignable to type 'number | null'.
  Type 'string' is not assignable to type 'number'.
src/shared/api/emby/emby-normalize.ts(287,9): error TS2322: Type '{ id: string; imageUrl: null; itemType: LibraryItem; name: string; }[]' is not assignable to type 'Genre[]'.
  Type '{ id: string; imageUrl: null; itemType: LibraryItem; name: string; }' is missing the following properties from type 'Genre': _itemType, _serverId, _serverType, albumCount, songCount
src/shared/api/emby/emby-normalize.ts(351,9): error TS2322: Type '{ id: string; imageUrl: null; itemType: LibraryItem; name: string; }[]' is not assignable to type 'Genre[]'.
  Type '{ id: string; imageUrl: null; itemType: LibraryItem; name: string; }' is missing the following properties from type 'Genre': _itemType, _serverId, _serverType, albumCount, songCount
src/shared/api/emby/emby-normalize.ts(400,9): error TS2561: Object literal may only specify known properties, but 'itemType' does not exist in type 'Playlist'. Did you mean to write '_itemType'?
src/shared/api/emby/emby-normalize.ts(423,9): error TS2322: Type 'undefined' is not assignable to type 'number | null'.
src/shared/api/emby/emby-normalize.ts(434,9): error TS2322: Type 'undefined' is not assignable to type 'number | null'.
src/shared/components/context-menu/context-menu.tsx(3,35): error TS2307: Cannot find module '@radix-ui/react-context-menu' or its corresponding type declarations.
src/shared/components/pill/pill.tsx(8,10): error TS2305: Module '"react-router"' has no exported member 'Link'.
src/shared/types/domain-types.ts(528,5): error TS2741: Property '[AlbumListSort.EXPLICIT_STATUS]' is missing in type '{ albumArtist: "AlbumArtist,SortName"; artist: undefined; communityRating: "CommunityRating,SortName"; criticRating: "CriticRating,SortName"; duration: undefined; favorited: undefined; ... 8 more ...; year: undefined; }' but required in type 'Record<AlbumListSort, EmbyAlbumListSort | undefined>'.
src/shared/types/domain-types.ts(668,5): error TS2741: Property '[SongListSort.EXPLICIT_STATUS]' is missing in type '{ album: "Album,SortName"; albumArtist: "AlbumArtist,Album,SortName"; artist: "Artist,Album,SortName"; bpm: undefined; channels: undefined; comment: undefined; duration: "Runtime"; favorited: undefined; ... 10 more ...; year: "ProductionYear,SortName"; }' but required in type 'Record<SongListSort, EmbySongListSort | undefined>'.
src/shared/utils/string-to-color.ts(1,17): error TS2307: Cannot find module 'string-to-color' or its corresponding type declarations.
